Component: ARM Compiler 5.06 update 3 (build 300) Tool: armlink [4d35c9]

==============================================================================

Section Cross References

    main.o(i.SystemClock_Config) refers to stm32f4xx_hal_rcc.o(i.HAL_RCC_OscConfig) for HAL_RCC_OscConfig
    main.o(i.SystemClock_Config) refers to stm32f4xx_hal_rcc.o(i.HAL_RCC_ClockConfig) for HAL_RCC_ClockConfig
    main.o(i.main) refers to stm32f4xx_hal.o(i.HAL_Init) for HAL_Init
    main.o(i.main) refers to main.o(i.SystemClock_Config) for SystemClock_Config
    main.o(i.main) refers to led_nucleo_f401re.o(i.LED_Initialize) for LED_Initialize
    main.o(i.main) refers to buttons_nucleo_f401re.o(i.Buttons_Initialize) for Buttons_Initialize
    main.o(i.main) refers to led_nucleo_f401re.o(i.LED_GetCount) for LED_GetCount
    main.o(i.main) refers to led_nucleo_f401re.o(i.LED_On) for LED_On
    main.o(i.main) refers to printfb.o(i.__0printf$bare) for __2printf
    main.o(i.main) refers to main.o(.data) for .data
    stm32f4xx_it.o(i.SysTick_Handler) refers to stm32f4xx_hal.o(i.HAL_IncTick) for HAL_IncTick
    stm32f4xx_nucleo.o(i.ADCx_Init) refers to stm32f4xx_hal_adc.o(i.HAL_ADC_GetState) for HAL_ADC_GetState
    stm32f4xx_nucleo.o(i.ADCx_Init) refers to stm32f4xx_hal_gpio.o(i.HAL_GPIO_Init) for HAL_GPIO_Init
    stm32f4xx_nucleo.o(i.ADCx_Init) refers to stm32f4xx_hal_adc.o(i.HAL_ADC_Init) for HAL_ADC_Init
    stm32f4xx_nucleo.o(i.ADCx_Init) refers to stm32f4xx_nucleo.o(.bss) for .bss
    stm32f4xx_nucleo.o(i.BSP_JOY_DeInit) refers to stm32f4xx_hal_adc.o(i.HAL_ADC_DeInit) for HAL_ADC_DeInit
    stm32f4xx_nucleo.o(i.BSP_JOY_DeInit) refers to stm32f4xx_hal_gpio.o(i.HAL_GPIO_DeInit) for HAL_GPIO_DeInit
    stm32f4xx_nucleo.o(i.BSP_JOY_DeInit) refers to stm32f4xx_nucleo.o(.bss) for .bss
    stm32f4xx_nucleo.o(i.BSP_JOY_GetState) refers to stm32f4xx_hal_adc.o(i.HAL_ADC_Start) for HAL_ADC_Start
    stm32f4xx_nucleo.o(i.BSP_JOY_GetState) refers to stm32f4xx_hal_adc.o(i.HAL_ADC_PollForConversion) for HAL_ADC_PollForConversion
    stm32f4xx_nucleo.o(i.BSP_JOY_GetState) refers to stm32f4xx_hal_adc.o(i.HAL_ADC_GetState) for HAL_ADC_GetState
    stm32f4xx_nucleo.o(i.BSP_JOY_GetState) refers to stm32f4xx_hal_adc.o(i.HAL_ADC_GetValue) for HAL_ADC_GetValue
    stm32f4xx_nucleo.o(i.BSP_JOY_GetState) refers to stm32f4xx_nucleo.o(.bss) for .bss
    stm32f4xx_nucleo.o(i.BSP_JOY_Init) refers to stm32f4xx_nucleo.o(i.ADCx_Init) for ADCx_Init
    stm32f4xx_nucleo.o(i.BSP_JOY_Init) refers to stm32f4xx_hal_adc.o(i.HAL_ADC_ConfigChannel) for HAL_ADC_ConfigChannel
    stm32f4xx_nucleo.o(i.BSP_JOY_Init) refers to stm32f4xx_nucleo.o(.bss) for .bss
    stm32f4xx_nucleo.o(i.BSP_LED_DeInit) refers to stm32f4xx_hal_gpio.o(i.HAL_GPIO_WritePin) for HAL_GPIO_WritePin
    stm32f4xx_nucleo.o(i.BSP_LED_DeInit) refers to stm32f4xx_hal_gpio.o(i.HAL_GPIO_DeInit) for HAL_GPIO_DeInit
    stm32f4xx_nucleo.o(i.BSP_LED_DeInit) refers to stm32f4xx_nucleo.o(.constdata) for .constdata
    stm32f4xx_nucleo.o(i.BSP_LED_DeInit) refers to stm32f4xx_nucleo.o(.data) for .data
    stm32f4xx_nucleo.o(i.BSP_LED_Init) refers to stm32f4xx_hal_gpio.o(i.HAL_GPIO_Init) for HAL_GPIO_Init
    stm32f4xx_nucleo.o(i.BSP_LED_Init) refers to stm32f4xx_hal_gpio.o(i.HAL_GPIO_WritePin) for HAL_GPIO_WritePin
    stm32f4xx_nucleo.o(i.BSP_LED_Init) refers to stm32f4xx_nucleo.o(.constdata) for .constdata
    stm32f4xx_nucleo.o(i.BSP_LED_Init) refers to stm32f4xx_nucleo.o(.data) for .data
    stm32f4xx_nucleo.o(i.BSP_LED_Off) refers to stm32f4xx_hal_gpio.o(i.HAL_GPIO_WritePin) for HAL_GPIO_WritePin
    stm32f4xx_nucleo.o(i.BSP_LED_Off) refers to stm32f4xx_nucleo.o(.constdata) for .constdata
    stm32f4xx_nucleo.o(i.BSP_LED_Off) refers to stm32f4xx_nucleo.o(.data) for .data
    stm32f4xx_nucleo.o(i.BSP_LED_On) refers to stm32f4xx_hal_gpio.o(i.HAL_GPIO_WritePin) for HAL_GPIO_WritePin
    stm32f4xx_nucleo.o(i.BSP_LED_On) refers to stm32f4xx_nucleo.o(.constdata) for .constdata
    stm32f4xx_nucleo.o(i.BSP_LED_On) refers to stm32f4xx_nucleo.o(.data) for .data
    stm32f4xx_nucleo.o(i.BSP_LED_Toggle) refers to stm32f4xx_hal_gpio.o(i.HAL_GPIO_TogglePin) for HAL_GPIO_TogglePin
    stm32f4xx_nucleo.o(i.BSP_LED_Toggle) refers to stm32f4xx_nucleo.o(.constdata) for .constdata
    stm32f4xx_nucleo.o(i.BSP_LED_Toggle) refers to stm32f4xx_nucleo.o(.data) for .data
    stm32f4xx_nucleo.o(i.BSP_PB_DeInit) refers to stm32f4xx_hal_cortex.o(i.HAL_NVIC_DisableIRQ) for HAL_NVIC_DisableIRQ
    stm32f4xx_nucleo.o(i.BSP_PB_DeInit) refers to stm32f4xx_hal_gpio.o(i.HAL_GPIO_DeInit) for HAL_GPIO_DeInit
    stm32f4xx_nucleo.o(i.BSP_PB_DeInit) refers to stm32f4xx_nucleo.o(.constdata) for .constdata
    stm32f4xx_nucleo.o(i.BSP_PB_DeInit) refers to stm32f4xx_nucleo.o(.data) for .data
    stm32f4xx_nucleo.o(i.BSP_PB_GetState) refers to stm32f4xx_hal_gpio.o(i.HAL_GPIO_ReadPin) for HAL_GPIO_ReadPin
    stm32f4xx_nucleo.o(i.BSP_PB_GetState) refers to stm32f4xx_nucleo.o(.constdata) for .constdata
[...]
    stm32f4xx_hal_tim_ex.o(i.HAL_TIMEx_PWMN_Stop_DMA) refers to stm32f4xx_hal_tim_ex.o(i.TIM_CCxNChannelCmd) for TIM_CCxNChannelCmd
    stm32f4xx_hal_tim_ex.o(i.HAL_TIMEx_PWMN_Stop_IT) refers to stm32f4xx_hal_tim_ex.o(i.TIM_CCxNChannelCmd) for TIM_CCxNChannelCmd
    stm32f4xx_hal_tim_ex.o(i.TIMEx_DMACommutationCplt) refers to stm32f4xx_hal_tim_ex.o(i.HAL_TIMEx_CommutationCallback) for HAL_TIMEx_CommutationCallback
    stm32f4xx_hal_gpio.o(i.HAL_GPIO_EXTI_IRQHandler) refers to stm32f4xx_hal_gpio.o(i.HAL_GPIO_EXTI_Callback) for HAL_GPIO_EXTI_Callback
    stm32f4xx_hal_adc_ex.o(i.ADC_MultiModeDMAConvCplt) refers to stm32f4xx_hal_adc.o(i.HAL_ADC_ConvCpltCallback) for HAL_ADC_ConvCpltCallback
    stm32f4xx_hal_adc_ex.o(i.ADC_MultiModeDMAError) refers to stm32f4xx_hal_adc.o(i.HAL_ADC_ErrorCallback) for HAL_ADC_ErrorCallback
    stm32f4xx_hal_adc_ex.o(i.ADC_MultiModeDMAHalfConvCplt) refers to stm32f4xx_hal_adc.o(i.HAL_ADC_ConvHalfCpltCallback) for HAL_ADC_ConvHalfCpltCallback
    stm32f4xx_hal_adc_ex.o(i.HAL_ADCEx_InjectedPollForConversion) refers to stm32f4xx_hal.o(i.HAL_GetTick) for HAL_GetTick
    stm32f4xx_hal_adc_ex.o(i.HAL_ADCEx_InjectedStart) refers to system_stm32f4xx_1.o(.data) for SystemCoreClock
    stm32f4xx_hal_adc_ex.o(i.HAL_ADCEx_InjectedStart_IT) refers to system_stm32f4xx_1.o(.data) for SystemCoreClock
    stm32f4xx_hal_adc_ex.o(i.HAL_ADCEx_MultiModeStart_DMA) refers to stm32f4xx_hal_dma.o(i.HAL_DMA_Start_IT) for HAL_DMA_Start_IT
    stm32f4xx_hal_adc_ex.o(i.HAL_ADCEx_MultiModeStart_DMA) refers to system_stm32f4xx_1.o(.data) for SystemCoreClock
    stm32f4xx_hal_adc_ex.o(i.HAL_ADCEx_MultiModeStart_DMA) refers to stm32f4xx_hal_adc_ex.o(i.ADC_MultiModeDMAConvCplt) for ADC_MultiModeDMAConvCplt
    stm32f4xx_hal_adc_ex.o(i.HAL_ADCEx_MultiModeStart_DMA) refers to stm32f4xx_hal_adc_ex.o(i.ADC_MultiModeDMAHalfConvCplt) for ADC_MultiModeDMAHalfConvCplt
    stm32f4xx_hal_adc_ex.o(i.HAL_ADCEx_MultiModeStart_DMA) refers to stm32f4xx_hal_adc_ex.o(i.ADC_MultiModeDMAError) for ADC_MultiModeDMAError
    stm32f4xx_hal_adc_ex.o(i.HAL_ADCEx_MultiModeStop_DMA) refers to stm32f4xx_hal_dma.o(i.HAL_DMA_Abort) for HAL_DMA_Abort
    led_nucleo_f401re.o(i.LED_Off) refers to led_nucleo_f401re.o(.constdata) for .constdata
    led_nucleo_f401re.o(i.LED_On) refers to led_nucleo_f401re.o(.constdata) for .constdata
    led_nucleo_f401re.o(i.LED_SetOut) refers to led_nucleo_f401re.o(i.LED_On) for LED_On
    led_nucleo_f401re.o(i.LED_SetOut) refers to led_nucleo_f401re.o(i.LED_Off) for LED_Off
    startup_stm32f401xe.o(RESET) refers to startup_stm32f401xe.o(STACK) for __initial_sp
    startup_stm32f401xe.o(RESET) refers to startup_stm32f401xe.o(.text) for Reset_Handler
    startup_stm32f401xe.o(RESET) refers to stm32f4xx_it.o(i.NMI_Handler) for NMI_Handler
    startup_stm32f401xe.o(RESET) refers to stm32f4xx_it.o(i.HardFault_Handler) for HardFault_Handler
    startup_stm32f401xe.o(RESET) refers to stm32f4xx_it.o(i.MemManage_Handler) for MemManage_Handler
    startup_stm32f401xe.o(RESET) refers to stm32f4xx_it.o(i.BusFault_Handler) for BusFault_Handler
    startup_stm32f401xe.o(RESET) refers to stm32f4xx_it.o(i.UsageFault_Handler) for UsageFault_Handler
    startup_stm32f401xe.o(RESET) refers to stm32f4xx_it.o(i.SVC_Handler) for SVC_Handler
    startup_stm32f401xe.o(RESET) refers to stm32f4xx_it.o(i.DebugMon_Handler) for DebugMon_Handler
    startup_stm32f401xe.o(RESET) refers to stm32f4xx_it.o(i.PendSV_Handler) for PendSV_Handler
    startup_stm32f401xe.o(RESET) refers to stm32f4xx_it.o(i.SysTick_Handler) for SysTick_Handler
    startup_stm32f401xe.o(.text) refers to system_stm32f4xx_1.o(i.SystemInit) for SystemInit
    startup_stm32f401xe.o(.text) refers to entry.o(.ARM.Collect$$$$00000000) for __main
    system_stm32f4xx_1.o(i.SystemCoreClockUpdate) refers to system_stm32f4xx_1.o(.data) for .data
    system_stm32f4xx_1.o(i.SystemCoreClockUpdate) refers to system_stm32f4xx_1.o(.constdata) for .constdata
    entry.o(.ARM.Collect$$$$00000000) refers (Special) to entry10a.o(.ARM.Collect$$$$0000000D) for __rt_final_cpp
    entry.o(.ARM.Collect$$$$00000000) refers (Special) to entry11a.o(.ARM.Collect$$$$0000000F) for __rt_final_exit
    entry.o(.ARM.Collect$$$$00000000) refers (Special) to entry7b.o(.ARM.Collect$$$$00000008) for _main_clock
    entry.o(.ARM.Collect$$$$00000000) refers (Special) to entry8b.o(.ARM.Collect$$$$0000000A) for _main_cpp_init
    entry.o(.ARM.Collect$$$$00000000) refers (Special) to entry9a.o(.ARM.Collect$$$$0000000B) for _main_init
    entry.o(.ARM.Collect$$$$00000000) refers (Special) to entry5.o(.ARM.Collect$$$$00000004) for _main_scatterload
    entry.o(.ARM.Collect$$$$00000000) refers (Special) to entry2.o(.ARM.Collect$$$$00000001) for _main_stk
    printfb.o(i.__0fprintf$bare) refers to printfb.o(i._printf_core) for _printf_core
    printfb.o(i.__0fprintf$bare) refers to stm32f4xx_nucleo.o(i.fputc) for fputc
    printfb.o(i.__0printf$bare) refers to printfb.o(i._printf_core) for _printf_core
    printfb.o(i.__0printf$bare) refers to stm32f4xx_nucleo.o(i.fputc) for fputc
    printfb.o(i.__0printf$bare) refers to stdout.o(.data) for __stdout
    printfb.o(i.__0snprintf$bare) refers to printfb.o(i._printf_core) for _printf_core
    printfb.o(i.__0snprintf$bare) refers to printfb.o(i._snputc) for _snputc
    printfb.o(i.__0sprintf$bare) refers to printfb.o(i._printf_core) for _printf_core
    printfb.o(i.__0sprintf$bare) refers to printfb.o(i._sputc) for _sputc
    printfb.o(i.__0vfprintf$bare) refers to printfb.o(i._printf_core) for _printf_core
    printfb.o(i.__0vfprintf$bare) refers to stm32f4xx_nucleo.o(i.fputc) for fputc
    printfb.o(i.__0vprintf$bare) refers to printfb.o(i._printf_core) for _printf_core
    printfb.o(i.__0vprintf$bare) refers to stm32f4xx_nucleo.o(i.fputc) for fputc
    printfb.o(i.__0vprintf$bare) refers to stdout.o(.data) for __stdout
    printfb.o(i.__0vsnprintf$bare) refers to printfb.o(i._printf_core) for _printf_core
    printfb.o(i.__0vsnprintf$bare) refers to printfb.o(i._snputc) for _snputc
    printfb.o(i.__0vsprintf$bare) refers to printfb.o(i._printf_core) for _printf_core
    printfb.o(i.__0vsprintf$bare) refers to printfb.o(i._sputc) for _sputc
    printf0.o(i.__0fprintf$0) refers to printf0.o(i._printf_core) for _printf_core
    printf0.o(i.__0fprintf$0) refers to stm32f4xx_nucleo.o(i.fputc) for fputc
    printf0.o(i.__0printf$0) refers to printf0.o(i._printf_core) for _printf_core
    printf0.o(i.__0printf$0) refers to stm32f4xx_nucleo.o(i.fputc) for fputc
    printf0.o(i.__0printf$0) refers to stdout.o(.data) for __stdout
    printf0.o(i.__0snprintf$0) refers to printf0.o(i._printf_core) for _printf_core
    printf0.o(i.__0snprintf$0) refers to printf0.o(i._snputc) for _snputc
    printf0.o(i.__0sprintf$0) refers to printf0.o(i._printf_core) for _printf_core
    printf0.o(i.__0sprintf$0) refers to printf0.o(i._sputc) for _sputc
    printf0.o(i.__0vfprintf$0) refers to printf0.o(i._printf_core) for _printf_core
    printf0.o(i.__0vfprintf$0) refers to stm32f4xx_nucleo.o(i.fputc) for fputc
    printf0.o(i.__0vprintf$0) refers to printf0.o(i._printf_core) for _printf_core
    printf0.o(i.__0vprintf$0) refers to stm32f4xx_nucleo.o(i.fputc) for fputc
    printf0.o(i.__0vprintf$0) refers to stdout.o(.data) for __stdout
    printf0.o(i.__0vsnprintf$0) refers to printf0.o(i._printf_core) for _printf_core
    printf0.o(i.__0vsnprintf$0) refers to printf0.o(i._snputc) for _snputc
    printf0.o(i.__0vsprintf$0) refers to printf0.o(i._printf_core) for _printf_core
    printf0.o(i.__0vsprintf$0) refers to printf0.o(i._sputc) for _sputc
    printf1.o(i.__0fprintf$1) refers to printf1.o(i._printf_core) for _printf_core
    printf1.o(i.__0fprintf$1) refers to stm32f4xx_nucleo.o(i.fputc) for fputc
    printf1.o(i.__0printf$1) refers to printf1.o(i._printf_core) for _printf_core
    printf1.o(i.__0printf$1) refers to stm32f4xx_nucleo.o(i.fputc) for fputc
    printf1.o(i.__0printf$1) refers to stdout.o(.data) for __stdout
    printf1.o(i.__0snprintf$1) refers to printf1.o(i._printf_core) for _printf_core
    printf1.o(i.__0snprintf$1) refers to printf1.o(i._snputc) for _snputc
    printf1.o(i.__0sprintf$1) refers to printf1.o(i._printf_core) for _printf_core
    printf1.o(i.__0sprintf$1) refers to printf1.o(i._sputc) for _sputc
    printf1.o(i.__0vfprintf$1) refers to printf1.o(i._printf_core) for _printf_core
    printf1.o(i.__0vfprintf$1) refers to stm32f4xx_nucleo.o(i.fputc) for fputc
    printf1.o(i.__0vprintf$1) refers to printf1.o(i._printf_core) for _printf_core
    printf1.o(i.__0vprintf$1) refers to stm32f4xx_nucleo.o(i.fputc) for fputc
    printf1.o(i.__0vprintf$1) refers to stdout.o(.data) for __stdout
    printf1.o(i.__0vsnprintf$1) refers to printf1.o(i._printf_core) for _printf_core
    printf1.o(i.__0vsnprintf$1) refers to printf1.o(i._snputc) for _snputc
    printf1.o(i.__0vsprintf$1) refers to printf1.o(i._printf_core) for _printf_core
    printf1.o(i.__0vsprintf$1) refers to printf1.o(i._sputc) for _sputc
    printf1.o(i._printf_core) refers to uidiv.o(.text) for __aeabi_uidivmod
    printf2.o(i.__0fprintf$2) refers to printf2.o(i._printf_core) for _printf_core
    printf2.o(i.__0fprintf$2) refers to stm32f4xx_nucleo.o(i.fputc) for fputc
    printf2.o(i.__0printf$2) refers to printf2.o(i._printf_core) for _printf_core
    printf2.o(i.__0printf$2) refers to stm32f4xx_nucleo.o(i.fputc) for fputc
    printf2.o(i.__0printf$2) refers to stdout.o(.data) for __stdout
    printf2.o(i.__0snprintf$2) refers to printf2.o(i._printf_core) for _printf_core
    printf2.o(i.__0snprintf$2) refers to printf2.o(i._snputc) for _snputc
    printf2.o(i.__0sprintf$2) refers to printf2.o(i._printf_core) for _printf_core
    printf2.o(i.__0sprintf$2) refers to printf2.o(i._sputc) for _sputc
    printf2.o(i.__0vfprintf$2) refers to printf2.o(i._printf_core) for _printf_core
    printf2.o(i.__0vfprintf$2) refers to stm32f4xx_nucleo.o(i.fputc) for fputc
    printf2.o(i.__0vprintf$2) refers to printf2.o(i._printf_core) for _printf_core
    printf2.o(i.__0vprintf$2) refers to stm32f4xx_nucleo.o(i.fputc) for fputc
    printf2.o(i.__0vprintf$2) refers to stdout.o(.data) for __stdout
    printf2.o(i.__0vsnprintf$2) refers to printf2.o(i._printf_core) for _printf_core
    printf2.o(i.__0vsnprintf$2) refers to printf2.o(i._snputc) for _snputc
    printf2.o(i.__0vsprintf$2) refers to printf2.o(i._printf_core) for _printf_core
    printf2.o(i.__0vsprintf$2) refers to printf2.o(i._sputc) for _sputc
    printf3.o(i.__0fprintf$3) refers to printf3.o(i._printf_core) for _printf_core
    printf3.o(i.__0fprintf$3) refers to stm32f4xx_nucleo.o(i.fputc) for fputc
    printf3.o(i.__0printf$3) refers to printf3.o(i._printf_core) for _printf_core
    printf3.o(i.__0printf$3) refers to stm32f4xx_nucleo.o(i.fputc) for fputc
    printf3.o(i.__0printf$3) refers to stdout.o(.data) for __stdout
    printf3.o(i.__0snprintf$3) refers to printf3.o(i._printf_core) for _printf_core
    printf3.o(i.__0snprintf$3) refers to printf3.o(i._snputc) for _snputc
    printf3.o(i.__0sprintf$3) refers to printf3.o(i._printf_core) for _printf_core
    printf3.o(i.__0sprintf$3) refers to printf3.o(i._sputc) for _sputc
    printf3.o(i.__0vfprintf$3) refers to printf3.o(i._printf_core) for _printf_core
    printf3.o(i.__0vfprintf$3) refers to stm32f4xx_nucleo.o(i.fputc) for fputc
    printf3.o(i.__0vprintf$3) refers to printf3.o(i._printf_core) for _printf_core
    printf3.o(i.__0vprintf$3) refers to stm32f4xx_nucleo.o(i.fputc) for fputc
    printf3.o(i.__0vprintf$3) refers to stdout.o(.data) for __stdout
    printf3.o(i.__0vsnprintf$3) refers to printf3.o(i._printf_core) for _printf_core
    printf3.o(i.__0vsnprintf$3) refers to printf3.o(i._snputc) for _snputc
    printf3.o(i.__0vsprintf$3) refers to printf3.o(i._printf_core) for _printf_core
    printf3.o(i.__0vsprintf$3) refers to printf3.o(i._sputc) for _sputc
    printf3.o(i._printf_core) refers to uidiv.o(.text) for __aeabi_uidivmod
    printf4.o(i.__0fprintf$4) refers to printf4.o(i._printf_core) for _printf_core
    printf4.o(i.__0fprintf$4) refers to stm32f4xx_nucleo.o(i.fputc) for fputc
    printf4.o(i.__0printf$4) refers to printf4.o(i._printf_core) for _printf_core
    printf4.o(i.__0printf$4) refers to stm32f4xx_nucleo.o(i.fputc) for fputc
    printf4.o(i.__0printf$4) refers to stdout.o(.data) for __stdout
    printf4.o(i.__0snprintf$4) refers to printf4.o(i._printf_core) for _printf_core
    printf4.o(i.__0snprintf$4) refers to printf4.o(i._snputc) for _snputc
    printf4.o(i.__0sprintf$4) refers to printf4.o(i._printf_core) for _printf_core
    printf4.o(i.__0sprintf$4) refers to printf4.o(i._sputc) for _sputc
    printf4.o(i.__0vfprintf$4) refers to printf4.o(i._printf_core) for _printf_core
    printf4.o(i.__0vfprintf$4) refers to stm32f4xx_nucleo.o(i.fputc) for fputc
    printf4.o(i.__0vprintf$4) refers to printf4.o(i._printf_core) for _printf_core
    printf4.o(i.__0vprintf$4) refers to stm32f4xx_nucleo.o(i.fputc) for fputc
    printf4.o(i.__0vprintf$4) refers to stdout.o(.data) for __stdout
    printf4.o(i.__0vsnprintf$4) refers to printf4.o(i._printf_core) for _printf_core
    printf4.o(i.__0vsnprintf$4) refers to printf4.o(i._snputc) for _snputc
    printf4.o(i.__0vsprintf$4) refers to printf4.o(i._printf_core) for _printf_core
    printf4.o(i.__0vsprintf$4) refers to printf4.o(i._sputc) for _sputc
    printf4.o(i._printf_core) refers to uldiv.o(.text) for __aeabi_uldivmod
    printf5.o(i.__0fprintf$5) refers to printf5.o(i._printf_core) for _printf_core
    printf5.o(i.__0fprintf$5) refers to stm32f4xx_nucleo.o(i.fputc) for fputc
    printf5.o(i.__0printf$5) refers to printf5.o(i._printf_core) for _printf_core
    printf5.o(i.__0printf$5) refers to stm32f4xx_nucleo.o(i.fputc) for fputc
    printf5.o(i.__0printf$5) refers to stdout.o(.data) for __stdout
    printf5.o(i.__0snprintf$5) refers to printf5.o(i._printf_core) for _printf_core
    printf5.o(i.__0snprintf$5) refers to printf5.o(i._snputc) for _snputc
    printf5.o(i.__0sprintf$5) refers to printf5.o(i._printf_core) for _printf_core
    printf5.o(i.__0sprintf$5) refers to printf5.o(i._sputc) for _sputc
    printf5.o(i.__0vfprintf$5) refers to printf5.o(i._printf_core) for _printf_core
    printf5.o(i.__0vfprintf$5) refers to stm32f4xx_nucleo.o(i.fputc) for fputc
    printf5.o(i.__0vprintf$5) refers to printf5.o(i._printf_core) for _printf_core
    printf5.o(i.__0vprintf$5) refers to stm32f4xx_nucleo.o(i.fputc) for fputc
    printf5.o(i.__0vprintf$5) refers to stdout.o(.data) for __stdout
    printf5.o(i.__0vsnprintf$5) refers to printf5.o(i._printf_core) for _printf_core
    printf5.o(i.__0vsnprintf$5) refers to printf5.o(i._snputc) for _snputc
    printf5.o(i.__0vsprintf$5) refers to printf5.o(i._printf_core) for _printf_core
    printf5.o(i.__0vsprintf$5) refers to printf5.o(i._sputc) for _sputc
    printf5.o(i._printf_core) refers to uldiv.o(.text) for __aeabi_uldivmod
    printf6.o(i.__0fprintf$6) refers to printf6.o(i._printf_core) for _printf_core
    printf6.o(i.__0fprintf$6) refers to stm32f4xx_nucleo.o(i.fputc) for fputc
    printf6.o(i.__0printf$6) refers to printf6.o(i._printf_core) for _printf_core
    printf6.o(i.__0printf$6) refers to stm32f4xx_nucleo.o(i.fputc) for fputc
    printf6.o(i.__0printf$6) refers to stdout.o(.data) for __stdout
    printf6.o(i.__0snprintf$6) refers to printf6.o(i._printf_core) for _printf_core
    printf6.o(i.__0snprintf$6) refers to printf6.o(i._snputc) for _snputc
    printf6.o(i.__0sprintf$6) refers to printf6.o(i._printf_core) for _printf_core
    printf6.o(i.__0sprintf$6) refers to printf6.o(i._sputc) for _sputc
    printf6.o(i.__0vfprintf$6) refers to printf6.o(i._printf_core) for _printf_core
    printf6.o(i.__0vfprintf$6) refers to stm32f4xx_nucleo.o(i.fputc) for fputc
    printf6.o(i.__0vprintf$6) refers to printf6.o(i._printf_core) for _printf_core
    printf6.o(i.__0vprintf$6) refers to stm32f4xx_nucleo.o(i.fputc) for fputc
    printf6.o(i.__0vprintf$6) refers to stdout.o(.data) for __stdout
    printf6.o(i.__0vsnprintf$6) refers to printf6.o(i._printf_core) for _printf_core
    printf6.o(i.__0vsnprintf$6) refers to printf6.o(i._snputc) for _snputc
    printf6.o(i.__0vsprintf$6) refers to printf6.o(i._printf_core) for _printf_core
    printf6.o(i.__0vsprintf$6) refers to printf6.o(i._sputc) for _sputc
    printf6.o(i._printf_core) refers to printf6.o(i._printf_pre_padding) for _printf_pre_padding
    printf6.o(i._printf_core) refers to uidiv.o(.text) for __aeabi_uidivmod
    printf6.o(i._printf_core) refers to printf6.o(i._printf_post_padding) for _printf_post_padding
    printf7.o(i.__0fprintf$7) refers to printf7.o(i._printf_core) for _printf_core
    printf7.o(i.__0fprintf$7) refers to stm32f4xx_nucleo.o(i.fputc) for fputc
    printf7.o(i.__0printf$7) refers to printf7.o(i._printf_core) for _printf_core
    printf7.o(i.__0printf$7) refers to stm32f4xx_nucleo.o(i.fputc) for fputc
    printf7.o(i.__0printf$7) refers to stdout.o(.data) for __stdout
    printf7.o(i.__0snprintf$7) refers to printf7.o(i._printf_core) for _printf_core
    printf7.o(i.__0snprintf$7) refers to printf7.o(i._snputc) for _snputc
    printf7.o(i.__0sprintf$7) refers to printf7.o(i._printf_core) for _printf_core
    printf7.o(i.__0sprintf$7) refers to printf7.o(i._sputc) for _sputc
    printf7.o(i.__0vfprintf$7) refers to printf7.o(i._printf_core) for _printf_core
    printf7.o(i.__0vfprintf$7) refers to stm32f4xx_nucleo.o(i.fputc) for fputc
    printf7.o(i.__0vprintf$7) refers to printf7.o(i._printf_core) for _printf_core
    printf7.o(i.__0vprintf$7) refers to stm32f4xx_nucleo.o(i.fputc) for fputc
    printf7.o(i.__0vprintf$7) refers to stdout.o(.data) for __stdout
    printf7.o(i.__0vsnprintf$7) refers to printf7.o(i._printf_core) for _printf_core
    printf7.o(i.__0vsnprintf$7) refers to printf7.o(i._snputc) for _snputc
    printf7.o(i.__0vsprintf$7) refers to printf7.o(i._printf_core) for _printf_core
    printf7.o(i.__0vsprintf$7) refers to printf7.o(i._sputc) for _sputc
    printf7.o(i._printf_core) refers to printf7.o(i._printf_pre_padding) for _printf_pre_padding
    printf7.o(i._printf_core) refers to uldiv.o(.text) for __aeabi_uldivmod
    printf7.o(i._printf_core) refers to printf7.o(i._printf_post_padding) for _printf_post_padding
    printf8.o(i.__0fprintf$8) refers to printf8.o(i._printf_core) for _printf_core
    printf8.o(i.__0fprintf$8) refers to stm32f4xx_nucleo.o(i.fputc) for fputc
    printf8.o(i.__0printf$8) refers to printf8.o(i._printf_core) for _printf_core
    printf8.o(i.__0printf$8) refers to stm32f4xx_nucleo.o(i.fputc) for fputc
    printf8.o(i.__0printf$8) refers to stdout.o(.data) for __stdout
    printf8.o(i.__0snprintf$8) refers to printf8.o(i._printf_core) for _printf_core
    printf8.o(i.__0snprintf$8) refers to printf8.o(i._snputc) for _snputc
    printf8.o(i.__0sprintf$8) refers to printf8.o(i._printf_core) for _printf_core
    printf8.o(i.__0sprintf$8) refers to printf8.o(i._sputc) for _sputc
    printf8.o(i.__0vfprintf$8) refers to printf8.o(i._printf_core) for _printf_core
    printf8.o(i.__0vfprintf$8) refers to stm32f4xx_nucleo.o(i.fputc) for fputc
    printf8.o(i.__0vprintf$8) refers to printf8.o(i._printf_core) for _printf_core
    printf8.o(i.__0vprintf$8) refers to stm32f4xx_nucleo.o(i.fputc) for fputc
    printf8.o(i.__0vprintf$8) refers to stdout.o(.data) for __stdout
    printf8.o(i.__0vsnprintf$8) refers to printf8.o(i._printf_core) for _printf_core
    printf8.o(i.__0vsnprintf$8) refers to printf8.o(i._snputc) for _snputc
    printf8.o(i.__0vsprintf$8) refers to printf8.o(i._printf_core) for _printf_core
    printf8.o(i.__0vsprintf$8) refers to printf8.o(i._sputc) for _sputc
    printf8.o(i._printf_core) refers to printf8.o(i._printf_pre_padding) for _printf_pre_padding
    printf8.o(i._printf_core) refers to uldiv.o(.text) for __aeabi_uldivmod
    printf8.o(i._printf_core) refers to printf8.o(i._printf_post_padding) for _printf_post_padding
    printfa.o(i.__0fprintf) refers (Special) to iusefp.o(.text) for __I$use$fp
    printfa.o(i.__0fprintf) refers to printfa.o(i._printf_core) for _printf_core
    printfa.o(i.__0fprintf) refers to stm32f4xx_nucleo.o(i.fputc) for fputc
    printfa.o(i.__0printf) refers (Special) to iusefp.o(.text) for __I$use$fp
    printfa.o(i.__0printf) refers to printfa.o(i._printf_core) for _printf_core
    printfa.o(i.__0printf) refers to stm32f4xx_nucleo.o(i.fputc) for fputc
    printfa.o(i.__0printf) refers to stdout.o(.data) for __stdout
    printfa.o(i.__0snprintf) refers (Special) to iusefp.o(.text) for __I$use$fp
    printfa.o(i.__0snprintf) refers to printfa.o(i._printf_core) for _printf_core
    printfa.o(i.__0snprintf) refers to printfa.o(i._snputc) for _snputc
    printfa.o(i.__0sprintf) refers (Special) to iusefp.o(.text) for __I$use$fp
    printfa.o(i.__0sprintf) refers to printfa.o(i._printf_core) for _printf_core
    printfa.o(i.__0sprintf) refers to printfa.o(i._sputc) for _sputc
    printfa.o(i.__0vfprintf) refers (Special) to iusefp.o(.text) for __I$use$fp
    printfa.o(i.__0vfprintf) refers to printfa.o(i._printf_core) for _printf_core
    printfa.o(i.__0vfprintf) refers to stm32f4xx_nucleo.o(i.fputc) for fputc
    printfa.o(i.__0vprintf) refers (Special) to iusefp.o(.text) for __I$use$fp
    printfa.o(i.__0vprintf) refers to printfa.o(i._printf_core) for _printf_core
    printfa.o(i.__0vprintf) refers to stm32f4xx_nucleo.o(i.fputc) for fputc
    printfa.o(i.__0vprintf) refers to stdout.o(.data) for __stdout
    printfa.o(i.__0vsnprintf) refers (Special) to iusefp.o(.text) for __I$use$fp
    printfa.o(i.__0vsnprintf) refers to printfa.o(i._printf_core) for _printf_core
    printfa.o(i.__0vsnprintf) refers to printfa.o(i._snputc) for _snputc
    printfa.o(i.__0vsprintf) refers (Special) to iusefp.o(.text) for __I$use$fp
    printfa.o(i.__0vsprintf) refers to printfa.o(i._printf_core) for _printf_core
    printfa.o(i.__0vsprintf) refers to printfa.o(i._sputc) for _sputc
    printfa.o(i._fp_digits) refers (Special) to iusefp.o(.text) for __I$use$fp
    printfa.o(i._fp_digits) refers to dmul.o(.text) for __aeabi_dmul
    printfa.o(i._fp_digits) refers to ddiv.o(.text) for __aeabi_ddiv
    printfa.o(i._fp_digits) refers to cdrcmple.o(.text) for __aeabi_cdrcmple
    printfa.o(i._fp_digits) refers to dadd.o(.text) for __aeabi_dadd
    printfa.o(i._fp_digits) refers to dfixul.o(.text) for __aeabi_d2ulz
    printfa.o(i._fp_digits) refers to uldiv.o(.text) for __aeabi_uldivmod
    printfa.o(i._printf_core) refers (Special) to iusefp.o(.text) for __I$use$fp
    printfa.o(i._printf_core) refers to printfa.o(i._printf_pre_padding) for _printf_pre_padding
    printfa.o(i._printf_core) refers to uldiv.o(.text) for __aeabi_uldivmod
    printfa.o(i._printf_core) refers to printfa.o(i._printf_post_padding) for _printf_post_padding
    printfa.o(i._printf_core) refers to printfa.o(i._fp_digits) for _fp_digits
    printfa.o(i._printf_core) refers to uidiv.o(.text) for __aeabi_uidivmod
    printfa.o(i._printf_post_padding) refers (Special) to iusefp.o(.text) for __I$use$fp
    printfa.o(i._printf_pre_padding) refers (Special) to iusefp.o(.text) for __I$use$fp
    printfa.o(i._snputc) refers (Special) to iusefp.o(.text) for __I$use$fp
    printfa.o(i._sputc) refers (Special) to iusefp.o(.text) for __I$use$fp
    entry2.o(.ARM.Collect$$$$00000001) refers to entry2.o(.ARM.Collect$$$$00002712) for __lit__00000000
    entry2.o(.ARM.Collect$$$$00002712) refers to startup_stm32f401xe.o(STACK) for __initial_sp
    entry2.o(__vectab_stack_and_reset_area) refers to startup_stm32f401xe.o(STACK) for __initial_sp
    entry2.o(__vectab_stack_and_reset_area) refers to entry.o(.ARM.Collect$$$$00000000) for __main
    entry5.o(.ARM.Collect$$$$00000004) refers to init.o(.text) for __scatterload
    entry9a.o(.ARM.Collect$$$$0000000B) refers to main.o(i.main) for main
    entry9b.o(.ARM.Collect$$$$0000000C) refers to main.o(i.main) for main
    uldiv.o(.text) refers to llushr.o(.text) for __aeabi_llsr
    uldiv.o(.text) refers to llshl.o(.text) for __aeabi_llsl
    dadd.o(.text) refers to llshl.o(.text) for __aeabi_llsl
    dadd.o(.text) refers to llsshr.o(.text) for __aeabi_lasr
    dadd.o(.text) refers to depilogue.o(.text) for _double_epilogue
    dmul.o(.text) refers to depilogue.o(.text) for _double_epilogue
    ddiv.o(.text) refers to depilogue.o(.text) for _double_round
    dfixul.o(.text) refers to llushr.o(.text) for __aeabi_llsr
    dfixul.o(.text) refers to llshl.o(.text) for __aeabi_llsl
    init.o(.text) refers to entry5.o(.ARM.Collect$$$$00000004) for __main_after_scatterload
    depilogue.o(.text) refers to llshl.o(.text) for __aeabi_llsl
    depilogue.o(.text) refers to llushr.o(.text) for __aeabi_llsr


==============================================================================

Removing Unused input sections from the image.

    Removing main.o(.rev16_text), (4 bytes).
    Removing main.o(.revsh_text), (4 bytes).
    Removing main.o(.rrx_text), (6 bytes).
    Removing stm32f4xx_it.o(.rev16_text), (4 bytes).
    Removing stm32f4xx_it.o(.revsh_text), (4 bytes).
    Removing stm32f4xx_it.o(.rrx_text), (6 bytes).
    Removing stm32f4xx_nucleo.o(.rev16_text), (4 bytes).
    Removing stm32f4xx_nucleo.o(.revsh_text), (4 bytes).
    Removing stm32f4xx_nucleo.o(.rrx_text), (6 bytes).
    Removing stm32f4xx_nucleo.o(i.ADCx_Init), (132 bytes).
    Removing stm32f4xx_nucleo.o(i.BSP_GetVersion), (8 bytes).
    Removing stm32f4xx_nucleo.o(i.BSP_JOY_DeInit), (52 bytes).
    Removing stm32f4xx_nucleo.o(i.BSP_JOY_GetState), (112 bytes).
    Removing stm32f4xx_nucleo.o(i.BSP_JOY_Init), (36 bytes).
    Removing stm32f4xx_nucleo.o(i.BSP_LED_DeInit), (48 bytes).
    Removing stm32f4xx_nucleo.o(i.BSP_LED_Init), (88 bytes).
    Removing stm32f4xx_nucleo.o(i.BSP_LED_Off), (28 bytes).
    Removing stm32f4xx_nucleo.o(i.BSP_LED_On), (28 bytes).
    Removing stm32f4xx_nucleo.o(i.BSP_LED_Toggle), (24 bytes).
    Removing stm32f4xx_nucleo.o(i.BSP_PB_DeInit), (44 bytes).
    Removing stm32f4xx_nucleo.o(i.BSP_PB_GetState), (24 bytes).
    Removing stm32f4xx_nucleo.o(i.BSP_PB_Init), (124 bytes).
    Removing stm32f4xx_nucleo.o(i.LCD_Delay), (4 bytes).
    Removing stm32f4xx_nucleo.o(i.LCD_IO_Init), (108 bytes).
    Removing stm32f4xx_nucleo.o(i.LCD_IO_WriteData), (56 bytes).
    Removing stm32f4xx_nucleo.o(i.LCD_IO_WriteMultipleData), (120 bytes).
    Removing stm32f4xx_nucleo.o(i.LCD_IO_WriteReg), (56 bytes).
    Removing stm32f4xx_nucleo.o(i.SD_IO_CSState), (24 bytes).
    Removing stm32f4xx_nucleo.o(i.SD_IO_Init), (88 bytes).
    Removing stm32f4xx_nucleo.o(i.SD_IO_WriteByte), (20 bytes).
    Removing stm32f4xx_nucleo.o(i.SD_IO_WriteReadData), (4 bytes).
    Removing stm32f4xx_nucleo.o(i.SPIx_Error), (20 bytes).
    Removing stm32f4xx_nucleo.o(i.SPIx_Init), (84 bytes).
    Removing stm32f4xx_nucleo.o(i.SPIx_MspInit), (132 bytes).
    Removing stm32f4xx_nucleo.o(i.SPIx_Write), (40 bytes).
    Removing stm32f4xx_nucleo.o(i.SPIx_WriteReadData), (44 bytes).
    Removing stm32f4xx_nucleo.o(.bss), (176 bytes).
    Removing stm32f4xx_nucleo.o(.constdata), (6 bytes).
    Removing stm32f4xx_nucleo.o(.data), (12 bytes).
    Removing stm32f4xx_hal_adc.o(.rev16_text), (4 bytes).
    Removing stm32f4xx_hal_adc.o(.revsh_text), (4 bytes).
    Removing stm32f4xx_hal_adc.o(.rrx_text), (6 bytes).
    Removing stm32f4xx_hal_adc.o(i.ADC_DMAConvCplt), (98 bytes).
    Removing stm32f4xx_hal_adc.o(i.ADC_DMAError), (22 bytes).
    Removing stm32f4xx_hal_adc.o(i.ADC_DMAHalfConvCplt), (10 bytes).
    Removing stm32f4xx_hal_adc.o(i.ADC_Init), (308 bytes).
    Removing stm32f4xx_hal_adc.o(i.HAL_ADC_AnalogWDGConfig), (112 bytes).
    Removing stm32f4xx_hal_adc.o(i.HAL_ADC_ConfigChannel), (336 bytes).
    Removing stm32f4xx_hal_adc.o(i.HAL_ADC_ConvCpltCallback), (2 bytes).
    Removing stm32f4xx_hal_adc.o(i.HAL_ADC_ConvHalfCpltCallback), (2 bytes).
    Removing stm32f4xx_hal_adc.o(i.HAL_ADC_DeInit), (60 bytes).
    Removing stm32f4xx_hal_adc.o(i.HAL_ADC_ErrorCallback), (2 bytes).
    Removing stm32f4xx_hal_adc.o(i.HAL_ADC_GetError), (4 bytes).
    Removing stm32f4xx_hal_adc.o(i.HAL_ADC_GetState), (4 bytes).
    Removing stm32f4xx_hal_adc.o(i.HAL_ADC_GetValue), (6 bytes).
    Removing stm32f4xx_hal_adc.o(i.HAL_ADC_IRQHandler), (316 bytes).
    Removing stm32f4xx_hal_adc.o(i.HAL_ADC_Init), (84 bytes).
    Removing stm32f4xx_hal_adc.o(i.HAL_ADC_LevelOutOfWindowCallback), (2 bytes).
    Removing stm32f4xx_hal_adc.o(i.HAL_ADC_MspDeInit), (2 bytes).
    Removing stm32f4xx_hal_adc.o(i.HAL_ADC_MspInit), (2 bytes).
    Removing stm32f4xx_hal_adc.o(i.HAL_ADC_PollForConversion), (162 bytes).
    Removing stm32f4xx_hal_adc.o(i.HAL_ADC_PollForEvent), (108 bytes).
    Removing stm32f4xx_hal_adc.o(i.HAL_ADC_Start), (184 bytes).
    Removing stm32f4xx_hal_adc.o(i.HAL_ADC_Start_DMA), (252 bytes).
    Removing stm32f4xx_hal_adc.o(i.HAL_ADC_Start_IT), (196 bytes).
    Removing stm32f4xx_hal_adc.o(i.HAL_ADC_Stop), (60 bytes).
    Removing stm32f4xx_hal_adc.o(i.HAL_ADC_Stop_DMA), (88 bytes).
    Removing stm32f4xx_hal_adc.o(i.HAL_ADC_Stop_IT), (72 bytes).
    Removing stm32f4xx_hal_cortex.o(.rev16_text), (4 bytes).
    Removing stm32f4xx_hal_cortex.o(.revsh_text), (4 bytes).
    Removing stm32f4xx_hal_cortex.o(.rrx_text), (6 bytes).
    Removing stm32f4xx_hal_cortex.o(i.HAL_MPU_ConfigRegion), (84 bytes).
    Removing stm32f4xx_hal_cortex.o(i.HAL_NVIC_ClearPendingIRQ), (22 bytes).
    Removing stm32f4xx_hal_cortex.o(i.HAL_NVIC_DisableIRQ), (22 bytes).
    Removing stm32f4xx_hal_cortex.o(i.HAL_NVIC_EnableIRQ), (22 bytes).
    Removing stm32f4xx_hal_cortex.o(i.HAL_NVIC_GetActive), (32 bytes).
    Removing stm32f4xx_hal_cortex.o(i.HAL_NVIC_GetPendingIRQ), (32 bytes).
    Removing stm32f4xx_hal_cortex.o(i.HAL_NVIC_GetPriority), (82 bytes).
    Removing stm32f4xx_hal_cortex.o(i.HAL_NVIC_GetPriorityGrouping), (16 bytes).
    Removing stm32f4xx_hal_cortex.o(i.HAL_NVIC_SetPendingIRQ), (22 bytes).
    Removing stm32f4xx_hal_cortex.o(i.HAL_NVIC_SystemReset), (36 bytes).
    Removing stm32f4xx_hal_cortex.o(i.HAL_SYSTICK_CLKSourceConfig), (24 bytes).
    Removing stm32f4xx_hal_cortex.o(i.HAL_SYSTICK_Callback), (2 bytes).
    Removing stm32f4xx_hal_cortex.o(i.HAL_SYSTICK_IRQHandler), (8 bytes).
    Removing stm32f4xx_hal.o(.rev16_text), (4 bytes).
    Removing stm32f4xx_hal.o(.revsh_text), (4 bytes).
    Removing stm32f4xx_hal.o(.rrx_text), (6 bytes).
    Removing stm32f4xx_hal.o(i.HAL_DBGMCU_DisableDBGSleepMode), (16 bytes).
    Removing stm32f4xx_hal.o(i.HAL_DBGMCU_DisableDBGStandbyMode), (16 bytes).
    Removing stm32f4xx_hal.o(i.HAL_DBGMCU_DisableDBGStopMode), (16 bytes).
    Removing stm32f4xx_hal.o(i.HAL_DBGMCU_EnableDBGSleepMode), (16 bytes).
    Removing stm32f4xx_hal.o(i.HAL_DBGMCU_EnableDBGStandbyMode), (16 bytes).
    Removing stm32f4xx_hal.o(i.HAL_DBGMCU_EnableDBGStopMode), (16 bytes).
    Removing stm32f4xx_hal.o(i.HAL_DeInit), (52 bytes).
    Removing stm32f4xx_hal.o(i.HAL_Delay), (22 bytes).
    Removing stm32f4xx_hal.o(i.HAL_DisableCompensationCell), (28 bytes).
    Removing stm32f4xx_hal.o(i.HAL_EnableCompensationCell), (28 bytes).
    Removing stm32f4xx_hal.o(i.HAL_GetDEVID), (16 bytes).
    Removing stm32f4xx_hal.o(i.HAL_GetHalVersion), (6 bytes).
    Removing stm32f4xx_hal.o(i.HAL_GetREVID), (12 bytes).
    Removing stm32f4xx_hal.o(i.HAL_MspDeInit), (2 bytes).
    Removing stm32f4xx_hal.o(i.HAL_MspInit), (2 bytes).
    Removing stm32f4xx_hal.o(i.HAL_ResumeTick), (14 bytes).
    Removing stm32f4xx_hal.o(i.HAL_SuspendTick), (14 bytes).
    Removing stm32f4xx_hal_dma.o(.rev16_text), (4 bytes).
    Removing stm32f4xx_hal_dma.o(.revsh_text), (4 bytes).
    Removing stm32f4xx_hal_dma.o(.rrx_text), (6 bytes).
    Removing stm32f4xx_hal_dma.o(i.DMA_CalcBaseAndBitshift), (40 bytes).
    Removing stm32f4xx_hal_dma.o(i.DMA_CheckFifoParam), (84 bytes).
    Removing stm32f4xx_hal_dma.o(i.DMA_SetConfig), (40 bytes).
    Removing stm32f4xx_hal_dma.o(i.HAL_DMA_Abort), (142 bytes).
    Removing stm32f4xx_hal_dma.o(i.HAL_DMA_Abort_IT), (36 bytes).
    Removing stm32f4xx_hal_dma.o(i.HAL_DMA_DeInit), (86 bytes).
    Removing stm32f4xx_hal_dma.o(i.HAL_DMA_GetError), (4 bytes).
    Removing stm32f4xx_hal_dma.o(i.HAL_DMA_GetState), (6 bytes).
    Removing stm32f4xx_hal_dma.o(i.HAL_DMA_IRQHandler), (424 bytes).
    Removing stm32f4xx_hal_dma.o(i.HAL_DMA_Init), (208 bytes).
    Removing stm32f4xx_hal_dma.o(i.HAL_DMA_PollForTransfer), (300 bytes).
    Removing stm32f4xx_hal_dma.o(i.HAL_DMA_RegisterCallback), (80 bytes).
    Removing stm32f4xx_hal_dma.o(i.HAL_DMA_Start), (70 bytes).
    Removing stm32f4xx_hal_dma.o(i.HAL_DMA_Start_IT), (120 bytes).
    Removing stm32f4xx_hal_dma.o(i.HAL_DMA_UnRegisterCallback), (96 bytes).
    Removing stm32f4xx_hal_dma.o(.constdata), (8 bytes).
    Removing stm32f4xx_hal_i2c.o(.rev16_text), (4 bytes).
    Removing stm32f4xx_hal_i2c.o(.revsh_text), (4 bytes).
    Removing stm32f4xx_hal_i2c.o(.rrx_text), (6 bytes).
    Removing stm32f4xx_hal_i2c.o(i.HAL_I2C_AbortCpltCallback), (2 bytes).
    Removing stm32f4xx_hal_i2c.o(i.HAL_I2C_AddrCallback), (2 bytes).
    Removing stm32f4xx_hal_i2c.o(i.HAL_I2C_DeInit), (50 bytes).
    Removing stm32f4xx_hal_i2c.o(i.HAL_I2C_DisableListen_IT), (68 bytes).
    Removing stm32f4xx_hal_i2c.o(i.HAL_I2C_ER_IRQHandler), (196 bytes).
    Removing stm32f4xx_hal_i2c.o(i.HAL_I2C_EV_IRQHandler), (496 bytes).
    Removing stm32f4xx_hal_i2c.o(i.HAL_I2C_EnableListen_IT), (58 bytes).
    Removing stm32f4xx_hal_i2c.o(i.HAL_I2C_ErrorCallback), (2 bytes).
    Removing stm32f4xx_hal_i2c.o(i.HAL_I2C_GetError), (4 bytes).
    Removing stm32f4xx_hal_i2c.o(i.HAL_I2C_GetMode), (6 bytes).
    Removing stm32f4xx_hal_i2c.o(i.HAL_I2C_GetState), (6 bytes).
    Removing stm32f4xx_hal_i2c.o(i.HAL_I2C_Init), (264 bytes).
    Removing stm32f4xx_hal_i2c.o(i.HAL_I2C_IsDeviceReady), (352 bytes).
    Removing stm32f4xx_hal_i2c.o(i.HAL_I2C_ListenCpltCallback), (2 bytes).
    Removing stm32f4xx_hal_i2c.o(i.HAL_I2C_MasterRxCpltCallback), (2 bytes).
    Removing stm32f4xx_hal_i2c.o(i.HAL_I2C_MasterTxCpltCallback), (2 bytes).
    Removing stm32f4xx_hal_i2c.o(i.HAL_I2C_Master_Abort_IT), (86 bytes).
    Removing stm32f4xx_hal_i2c.o(i.HAL_I2C_Master_Receive), (488 bytes).
    Removing stm32f4xx_hal_i2c.o(i.HAL_I2C_Master_Receive_DMA), (296 bytes).
    Removing stm32f4xx_hal_i2c.o(i.HAL_I2C_Master_Receive_IT), (188 bytes).
    Removing stm32f4xx_hal_i2c.o(i.HAL_I2C_Master_Sequential_Receive_IT), (224 bytes).
    Removing stm32f4xx_hal_i2c.o(i.HAL_I2C_Master_Sequential_Transmit_IT), (204 bytes).
    Removing stm32f4xx_hal_i2c.o(i.HAL_I2C_Master_Transmit), (312 bytes).
    Removing stm32f4xx_hal_i2c.o(i.HAL_I2C_Master_Transmit_DMA), (296 bytes).
    Removing stm32f4xx_hal_i2c.o(i.HAL_I2C_Master_Transmit_IT), (180 bytes).
    Removing stm32f4xx_hal_i2c.o(i.HAL_I2C_MemRxCpltCallback), (2 bytes).
    Removing stm32f4xx_hal_i2c.o(i.HAL_I2C_MemTxCpltCallback), (2 bytes).
    Removing stm32f4xx_hal_i2c.o(i.HAL_I2C_Mem_Read), (508 bytes).
    Removing stm32f4xx_hal_i2c.o(i.HAL_I2C_Mem_Read_DMA), (376 bytes).
    Removing stm32f4xx_hal_i2c.o(i.HAL_I2C_Mem_Read_IT), (216 bytes).
    Removing stm32f4xx_hal_i2c.o(i.HAL_I2C_Mem_Write), (316 bytes).
    Removing stm32f4xx_hal_i2c.o(i.HAL_I2C_Mem_Write_DMA), (292 bytes).
    Removing stm32f4xx_hal_i2c.o(i.HAL_I2C_Mem_Write_IT), (204 bytes).
    Removing stm32f4xx_hal_i2c.o(i.HAL_I2C_MspDeInit), (2 bytes).
    Removing stm32f4xx_hal_i2c.o(i.HAL_I2C_MspInit), (2 bytes).
    Removing stm32f4xx_hal_i2c.o(i.HAL_I2C_SlaveRxCpltCallback), (2 bytes).
    Removing stm32f4xx_hal_i2c.o(i.HAL_I2C_SlaveTxCpltCallback), (2 bytes).
    Removing stm32f4xx_hal_i2c.o(i.HAL_I2C_Slave_Receive), (380 bytes).
    Removing stm32f4xx_hal_i2c.o(i.HAL_I2C_Slave_Receive_DMA), (244 bytes).
    Removing stm32f4xx_hal_i2c.o(i.HAL_I2C_Slave_Receive_IT), (180 bytes).
    Removing stm32f4xx_hal_i2c.o(i.HAL_I2C_Slave_Sequential_Receive_IT), (114 bytes).
    Removing stm32f4xx_hal_i2c.o(i.HAL_I2C_Slave_Sequential_Transmit_IT), (114 bytes).
    Removing stm32f4xx_hal_i2c.o(i.HAL_I2C_Slave_Transmit), (356 bytes).
    Removing stm32f4xx_hal_i2c.o(i.HAL_I2C_Slave_Transmit_DMA), (244 bytes).
    Removing stm32f4xx_hal_i2c.o(i.HAL_I2C_Slave_Transmit_IT), (184 bytes).
    Removing stm32f4xx_hal_i2c.o(i.I2C_DMAAbort), (78 bytes).
    Removing stm32f4xx_hal_i2c.o(i.I2C_DMAError), (52 bytes).
    Removing stm32f4xx_hal_i2c.o(i.I2C_DMAXferCplt), (134 bytes).
    Removing stm32f4xx_hal_i2c.o(i.I2C_ITError), (292 bytes).
    Removing stm32f4xx_hal_i2c.o(i.I2C_IsAcknowledgeFailed), (40 bytes).
    Removing stm32f4xx_hal_i2c.o(i.I2C_MasterReceive_BTF), (196 bytes).
    Removing stm32f4xx_hal_i2c.o(i.I2C_MasterReceive_RXNE), (182 bytes).
    Removing stm32f4xx_hal_i2c.o(i.I2C_MasterRequestRead), (222 bytes).
    Removing stm32f4xx_hal_i2c.o(i.I2C_MasterRequestWrite), (148 bytes).
    Removing stm32f4xx_hal_i2c.o(i.I2C_MasterTransmit_BTF), (128 bytes).
    Removing stm32f4xx_hal_i2c.o(i.I2C_MasterTransmit_TXE), (264 bytes).
    Removing stm32f4xx_hal_i2c.o(i.I2C_Master_ADDR), (244 bytes).
    Removing stm32f4xx_hal_i2c.o(i.I2C_Master_SB), (90 bytes).
    Removing stm32f4xx_hal_i2c.o(i.I2C_RequestMemoryRead), (240 bytes).
    Removing stm32f4xx_hal_i2c.o(i.I2C_RequestMemoryWrite), (160 bytes).
    Removing stm32f4xx_hal_i2c.o(i.I2C_Slave_AF), (132 bytes).
    Removing stm32f4xx_hal_i2c.o(i.I2C_Slave_STOPF), (220 bytes).
    Removing stm32f4xx_hal_i2c.o(i.I2C_WaitOnBTFFlagUntilTimeout), (78 bytes).
    Removing stm32f4xx_hal_i2c.o(i.I2C_WaitOnFlagUntilTimeout), (96 bytes).
    Removing stm32f4xx_hal_i2c.o(i.I2C_WaitOnMasterAddressFlagUntilTimeout), (136 bytes).
    Removing stm32f4xx_hal_i2c.o(i.I2C_WaitOnRXNEFlagUntilTimeout), (98 bytes).
    Removing stm32f4xx_hal_i2c.o(i.I2C_WaitOnTXEFlagUntilTimeout), (78 bytes).
    Removing stm32f4xx_hal_msp.o(.rev16_text), (4 bytes).
    Removing stm32f4xx_hal_msp.o(.revsh_text), (4 bytes).
    Removing stm32f4xx_hal_msp.o(.rrx_text), (6 bytes).
    Removing stm32f4xx_hal_msp.o(i.HAL_MspDeInit), (2 bytes).
    Removing stm32f4xx_hal_rcc.o(.rev16_text), (4 bytes).
    Removing stm32f4xx_hal_rcc.o(.revsh_text), (4 bytes).
    Removing stm32f4xx_hal_rcc.o(.rrx_text), (6 bytes).
    Removing stm32f4xx_hal_rcc.o(i.HAL_RCC_CSSCallback), (2 bytes).
    Removing stm32f4xx_hal_rcc.o(i.HAL_RCC_DeInit), (2 bytes).
    Removing stm32f4xx_hal_rcc.o(i.HAL_RCC_DisableCSS), (12 bytes).
    Removing stm32f4xx_hal_rcc.o(i.HAL_RCC_EnableCSS), (12 bytes).
    Removing stm32f4xx_hal_rcc.o(i.HAL_RCC_GetClockConfig), (64 bytes).
    Removing stm32f4xx_hal_rcc.o(i.HAL_RCC_GetHCLKFreq), (12 bytes).
    Removing stm32f4xx_hal_rcc.o(i.HAL_RCC_GetOscConfig), (232 bytes).
    Removing stm32f4xx_hal_rcc.o(i.HAL_RCC_GetPCLK1Freq), (48 bytes).
    Removing stm32f4xx_hal_rcc.o(i.HAL_RCC_GetPCLK2Freq), (48 bytes).
    Removing stm32f4xx_hal_rcc.o(i.HAL_RCC_MCOConfig), (140 bytes).
    Removing stm32f4xx_hal_rcc.o(i.HAL_RCC_NMI_IRQHandler), (28 bytes).
    Removing stm32f4xx_hal_rcc_ex.o(.rev16_text), (4 bytes).
    Removing stm32f4xx_hal_rcc_ex.o(.revsh_text), (4 bytes).
    Removing stm32f4xx_hal_rcc_ex.o(.rrx_text), (6 bytes).
    Removing stm32f4xx_hal_rcc_ex.o(i.HAL_RCCEx_GetPeriphCLKConfig), (96 bytes).
    Removing stm32f4xx_hal_rcc_ex.o(i.HAL_RCCEx_PeriphCLKConfig), (356 bytes).
    Removing stm32f4xx_hal_rcc_ex.o(i.HAL_RCC_DeInit), (100 bytes).
    Removing stm32f4xx_hal_spi.o(.rev16_text), (4 bytes).
    Removing stm32f4xx_hal_spi.o(.revsh_text), (4 bytes).
    Removing stm32f4xx_hal_spi.o(.rrx_text), (6 bytes).
    Removing stm32f4xx_hal_spi.o(i.HAL_SPI_DMAPause), (38 bytes).
    Removing stm32f4xx_hal_spi.o(i.HAL_SPI_DMAResume), (38 bytes).
    Removing stm32f4xx_hal_spi.o(i.HAL_SPI_DMAStop), (40 bytes).
    Removing stm32f4xx_hal_spi.o(i.HAL_SPI_DeInit), (46 bytes).
    Removing stm32f4xx_hal_spi.o(i.HAL_SPI_ErrorCallback), (2 bytes).
    Removing stm32f4xx_hal_spi.o(i.HAL_SPI_GetError), (4 bytes).
    Removing stm32f4xx_hal_spi.o(i.HAL_SPI_GetState), (6 bytes).
    Removing stm32f4xx_hal_spi.o(i.HAL_SPI_IRQHandler), (212 bytes).
    Removing stm32f4xx_hal_spi.o(i.HAL_SPI_Init), (140 bytes).
    Removing stm32f4xx_hal_spi.o(i.HAL_SPI_MspDeInit), (2 bytes).
    Removing stm32f4xx_hal_spi.o(i.HAL_SPI_MspInit), (2 bytes).
    Removing stm32f4xx_hal_spi.o(i.HAL_SPI_Receive), (498 bytes).
    Removing stm32f4xx_hal_spi.o(i.HAL_SPI_Receive_DMA), (244 bytes).
    Removing stm32f4xx_hal_spi.o(i.HAL_SPI_Receive_IT), (196 bytes).
    Removing stm32f4xx_hal_spi.o(i.HAL_SPI_RxCpltCallback), (2 bytes).
    Removing stm32f4xx_hal_spi.o(i.HAL_SPI_RxHalfCpltCallback), (2 bytes).
    Removing stm32f4xx_hal_spi.o(i.HAL_SPI_Transmit), (410 bytes).
    Removing stm32f4xx_hal_spi.o(i.HAL_SPI_TransmitReceive), (622 bytes).
    Removing stm32f4xx_hal_spi.o(i.HAL_SPI_TransmitReceive_DMA), (292 bytes).
    Removing stm32f4xx_hal_spi.o(i.HAL_SPI_TransmitReceive_IT), (196 bytes).
    Removing stm32f4xx_hal_spi.o(i.HAL_SPI_Transmit_DMA), (212 bytes).
    Removing stm32f4xx_hal_spi.o(i.HAL_SPI_Transmit_IT), (180 bytes).
    Removing stm32f4xx_hal_spi.o(i.HAL_SPI_TxCpltCallback), (2 bytes).
    Removing stm32f4xx_hal_spi.o(i.HAL_SPI_TxHalfCpltCallback), (2 bytes).
    Removing stm32f4xx_hal_spi.o(i.HAL_SPI_TxRxCpltCallback), (2 bytes).
    Removing stm32f4xx_hal_spi.o(i.HAL_SPI_TxRxHalfCpltCallback), (2 bytes).
    Removing stm32f4xx_hal_spi.o(i.SPI_2linesRxISR_16BIT), (64 bytes).
    Removing stm32f4xx_hal_spi.o(i.SPI_2linesRxISR_16BITCRC), (34 bytes).
    Removing stm32f4xx_hal_spi.o(i.SPI_2linesRxISR_8BIT), (64 bytes).
    Removing stm32f4xx_hal_spi.o(i.SPI_2linesRxISR_8BITCRC), (44 bytes).
    Removing stm32f4xx_hal_spi.o(i.SPI_2linesTxISR_16BIT), (74 bytes).
    Removing stm32f4xx_hal_spi.o(i.SPI_2linesTxISR_8BIT), (72 bytes).
    Removing stm32f4xx_hal_spi.o(i.SPI_CheckFlag_BSY), (32 bytes).
    Removing stm32f4xx_hal_spi.o(i.SPI_CloseRxTx_ISR), (176 bytes).
    Removing stm32f4xx_hal_spi.o(i.SPI_CloseRx_ISR), (104 bytes).
    Removing stm32f4xx_hal_spi.o(i.SPI_CloseTx_ISR), (124 bytes).
    Removing stm32f4xx_hal_spi.o(i.SPI_DMAAbortOnError), (16 bytes).
    Removing stm32f4xx_hal_spi.o(i.SPI_DMAError), (34 bytes).
    Removing stm32f4xx_hal_spi.o(i.SPI_DMAHalfReceiveCplt), (10 bytes).
    Removing stm32f4xx_hal_spi.o(i.SPI_DMAHalfTransmitCplt), (10 bytes).
    Removing stm32f4xx_hal_spi.o(i.SPI_DMAHalfTransmitReceiveCplt), (10 bytes).
    Removing stm32f4xx_hal_spi.o(i.SPI_DMAReceiveCplt), (160 bytes).
    Removing stm32f4xx_hal_spi.o(i.SPI_DMATransmitCplt), (90 bytes).
    Removing stm32f4xx_hal_spi.o(i.SPI_DMATransmitReceiveCplt), (152 bytes).
    Removing stm32f4xx_hal_spi.o(i.SPI_RxISR_16BIT), (72 bytes).
    Removing stm32f4xx_hal_spi.o(i.SPI_RxISR_16BITCRC), (34 bytes).
    Removing stm32f4xx_hal_spi.o(i.SPI_RxISR_8BIT), (72 bytes).
    Removing stm32f4xx_hal_spi.o(i.SPI_RxISR_8BITCRC), (26 bytes).
    Removing stm32f4xx_hal_spi.o(i.SPI_TxISR_16BIT), (50 bytes).
    Removing stm32f4xx_hal_spi.o(i.SPI_TxISR_8BIT), (48 bytes).
    Removing stm32f4xx_hal_spi.o(i.SPI_WaitFlagStateUntilTimeout), (150 bytes).
    Removing stm32f4xx_hal_tim.o(.rev16_text), (4 bytes).
    Removing stm32f4xx_hal_tim.o(.revsh_text), (4 bytes).
    Removing stm32f4xx_hal_tim.o(.rrx_text), (6 bytes).
    Removing stm32f4xx_hal_tim.o(i.HAL_TIM_Base_DeInit), (56 bytes).
    Removing stm32f4xx_hal_tim.o(i.HAL_TIM_Base_GetState), (6 bytes).
    Removing stm32f4xx_hal_tim.o(i.HAL_TIM_Base_Init), (54 bytes).
    Removing stm32f4xx_hal_tim.o(i.HAL_TIM_Base_MspDeInit), (2 bytes).
    Removing stm32f4xx_hal_tim.o(i.HAL_TIM_Base_MspInit), (2 bytes).
    Removing stm32f4xx_hal_tim.o(i.HAL_TIM_Base_Start), (26 bytes).
    Removing stm32f4xx_hal_tim.o(i.HAL_TIM_Base_Start_DMA), (92 bytes).
    Removing stm32f4xx_hal_tim.o(i.HAL_TIM_Base_Start_IT), (24 bytes).
    Removing stm32f4xx_hal_tim.o(i.HAL_TIM_Base_Stop), (44 bytes).
    Removing stm32f4xx_hal_tim.o(i.HAL_TIM_Base_Stop_DMA), (48 bytes).
    Removing stm32f4xx_hal_tim.o(i.HAL_TIM_Base_Stop_IT), (42 bytes).
    Removing stm32f4xx_hal_tim.o(i.HAL_TIM_ConfigClockSource), (242 bytes).
    Removing stm32f4xx_hal_tim.o(i.HAL_TIM_ConfigOCrefClear), (174 bytes).
    Removing stm32f4xx_hal_tim.o(i.HAL_TIM_ConfigTI1Input), (16 bytes).
    Removing stm32f4xx_hal_tim.o(i.HAL_TIM_DMABurst_ReadStart), (260 bytes).
    Removing stm32f4xx_hal_tim.o(i.HAL_TIM_DMABurst_ReadStop), (96 bytes).
    Removing stm32f4xx_hal_tim.o(i.HAL_TIM_DMABurst_WriteStart), (260 bytes).
    Removing stm32f4xx_hal_tim.o(i.HAL_TIM_DMABurst_WriteStop), (96 bytes).
    Removing stm32f4xx_hal_tim.o(i.HAL_TIM_Encoder_DeInit), (56 bytes).
    Removing stm32f4xx_hal_tim.o(i.HAL_TIM_Encoder_GetState), (6 bytes).
    Removing stm32f4xx_hal_tim.o(i.HAL_TIM_Encoder_Init), (150 bytes).
    Removing stm32f4xx_hal_tim.o(i.HAL_TIM_Encoder_MspDeInit), (2 bytes).
    Removing stm32f4xx_hal_tim.o(i.HAL_TIM_Encoder_MspInit), (2 bytes).
    Removing stm32f4xx_hal_tim.o(i.HAL_TIM_Encoder_Start), (52 bytes).
    Removing stm32f4xx_hal_tim.o(i.HAL_TIM_Encoder_Start_DMA), (272 bytes).
    Removing stm32f4xx_hal_tim.o(i.HAL_TIM_Encoder_Start_IT), (92 bytes).
    Removing stm32f4xx_hal_tim.o(i.HAL_TIM_Encoder_Stop), (70 bytes).
    Removing stm32f4xx_hal_tim.o(i.HAL_TIM_Encoder_Stop_DMA), (116 bytes).
    Removing stm32f4xx_hal_tim.o(i.HAL_TIM_Encoder_Stop_IT), (116 bytes).
    Removing stm32f4xx_hal_tim.o(i.HAL_TIM_ErrorCallback), (2 bytes).
    Removing stm32f4xx_hal_tim.o(i.HAL_TIM_GenerateEvent), (38 bytes).
    Removing stm32f4xx_hal_tim.o(i.HAL_TIM_IC_CaptureCallback), (2 bytes).
    Removing stm32f4xx_hal_tim.o(i.HAL_TIM_IC_ConfigChannel), (286 bytes).
    Removing stm32f4xx_hal_tim.o(i.HAL_TIM_IC_DeInit), (56 bytes).
    Removing stm32f4xx_hal_tim.o(i.HAL_TIM_IC_GetState), (6 bytes).
    Removing stm32f4xx_hal_tim.o(i.HAL_TIM_IC_Init), (54 bytes).
    Removing stm32f4xx_hal_tim.o(i.HAL_TIM_IC_MspDeInit), (2 bytes).
    Removing stm32f4xx_hal_tim.o(i.HAL_TIM_IC_MspInit), (2 bytes).
    Removing stm32f4xx_hal_tim.o(i.HAL_TIM_IC_Start), (26 bytes).
    Removing stm32f4xx_hal_tim.o(i.HAL_TIM_IC_Start_DMA), (200 bytes).
    Removing stm32f4xx_hal_tim.o(i.HAL_TIM_IC_Start_IT), (76 bytes).
    Removing stm32f4xx_hal_tim.o(i.HAL_TIM_IC_Stop), (44 bytes).
    Removing stm32f4xx_hal_tim.o(i.HAL_TIM_IC_Stop_DMA), (100 bytes).
    Removing stm32f4xx_hal_tim.o(i.HAL_TIM_IC_Stop_IT), (94 bytes).
    Removing stm32f4xx_hal_tim.o(i.HAL_TIM_IRQHandler), (358 bytes).
    Removing stm32f4xx_hal_tim.o(i.HAL_TIM_OC_ConfigChannel), (86 bytes).
    Removing stm32f4xx_hal_tim.o(i.HAL_TIM_OC_DeInit), (56 bytes).
    Removing stm32f4xx_hal_tim.o(i.HAL_TIM_OC_DelayElapsedCallback), (2 bytes).
    Removing stm32f4xx_hal_tim.o(i.HAL_TIM_OC_GetState), (6 bytes).
    Removing stm32f4xx_hal_tim.o(i.HAL_TIM_OC_Init), (54 bytes).
    Removing stm32f4xx_hal_tim.o(i.HAL_TIM_OC_MspDeInit), (2 bytes).
    Removing stm32f4xx_hal_tim.o(i.HAL_TIM_OC_MspInit), (2 bytes).
    Removing stm32f4xx_hal_tim.o(i.HAL_TIM_OC_Start), (48 bytes).
    Removing stm32f4xx_hal_tim.o(i.HAL_TIM_OC_Start_DMA), (228 bytes).
    Removing stm32f4xx_hal_tim.o(i.HAL_TIM_OC_Start_IT), (96 bytes).
    Removing stm32f4xx_hal_tim.o(i.HAL_TIM_OC_Stop), (76 bytes).
    Removing stm32f4xx_hal_tim.o(i.HAL_TIM_OC_Stop_DMA), (132 bytes).
    Removing stm32f4xx_hal_tim.o(i.HAL_TIM_OC_Stop_IT), (128 bytes).
    Removing stm32f4xx_hal_tim.o(i.HAL_TIM_OnePulse_ConfigChannel), (218 bytes).
    Removing stm32f4xx_hal_tim.o(i.HAL_TIM_OnePulse_DeInit), (56 bytes).
    Removing stm32f4xx_hal_tim.o(i.HAL_TIM_OnePulse_GetState), (6 bytes).
    Removing stm32f4xx_hal_tim.o(i.HAL_TIM_OnePulse_Init), (74 bytes).
    Removing stm32f4xx_hal_tim.o(i.HAL_TIM_OnePulse_MspDeInit), (2 bytes).
    Removing stm32f4xx_hal_tim.o(i.HAL_TIM_OnePulse_MspInit), (2 bytes).
    Removing stm32f4xx_hal_tim.o(i.HAL_TIM_OnePulse_Start), (48 bytes).
    Removing stm32f4xx_hal_tim.o(i.HAL_TIM_OnePulse_Start_IT), (68 bytes).
    Removing stm32f4xx_hal_tim.o(i.HAL_TIM_OnePulse_Stop), (88 bytes).
    Removing stm32f4xx_hal_tim.o(i.HAL_TIM_OnePulse_Stop_IT), (108 bytes).
    Removing stm32f4xx_hal_tim.o(i.HAL_TIM_PWM_ConfigChannel), (208 bytes).
    Removing stm32f4xx_hal_tim.o(i.HAL_TIM_PWM_DeInit), (56 bytes).
    Removing stm32f4xx_hal_tim.o(i.HAL_TIM_PWM_GetState), (6 bytes).
    Removing stm32f4xx_hal_tim.o(i.HAL_TIM_PWM_Init), (54 bytes).
    Removing stm32f4xx_hal_tim.o(i.HAL_TIM_PWM_MspDeInit), (2 bytes).
    Removing stm32f4xx_hal_tim.o(i.HAL_TIM_PWM_MspInit), (2 bytes).
    Removing stm32f4xx_hal_tim.o(i.HAL_TIM_PWM_PulseFinishedCallback), (2 bytes).
    Removing stm32f4xx_hal_tim.o(i.HAL_TIM_PWM_Start), (48 bytes).
    Removing stm32f4xx_hal_tim.o(i.HAL_TIM_PWM_Start_DMA), (228 bytes).
    Removing stm32f4xx_hal_tim.o(i.HAL_TIM_PWM_Start_IT), (96 bytes).
    Removing stm32f4xx_hal_tim.o(i.HAL_TIM_PWM_Stop), (84 bytes).
    Removing stm32f4xx_hal_tim.o(i.HAL_TIM_PWM_Stop_DMA), (132 bytes).
    Removing stm32f4xx_hal_tim.o(i.HAL_TIM_PWM_Stop_IT), (128 bytes).
    Removing stm32f4xx_hal_tim.o(i.HAL_TIM_PeriodElapsedCallback), (2 bytes).
    Removing stm32f4xx_hal_tim.o(i.HAL_TIM_ReadCapturedValue), (68 bytes).
    Removing stm32f4xx_hal_tim.o(i.HAL_TIM_SlaveConfigSynchronization), (66 bytes).
    Removing stm32f4xx_hal_tim.o(i.HAL_TIM_SlaveConfigSynchronization_IT), (66 bytes).
    Removing stm32f4xx_hal_tim.o(i.HAL_TIM_TriggerCallback), (2 bytes).
    Removing stm32f4xx_hal_tim.o(i.TIM_Base_SetConfig), (144 bytes).
    Removing stm32f4xx_hal_tim.o(i.TIM_CCxChannelCmd), (22 bytes).
    Removing stm32f4xx_hal_tim.o(i.TIM_DMACaptureCplt), (62 bytes).
    Removing stm32f4xx_hal_tim.o(i.TIM_DMADelayPulseCplt), (62 bytes).
    Removing stm32f4xx_hal_tim.o(i.TIM_DMAError), (16 bytes).
    Removing stm32f4xx_hal_tim.o(i.TIM_DMAPeriodElapsedCplt), (16 bytes).
    Removing stm32f4xx_hal_tim.o(i.TIM_DMATriggerCplt), (16 bytes).
    Removing stm32f4xx_hal_tim.o(i.TIM_ETR_SetConfig), (20 bytes).
    Removing stm32f4xx_hal_tim.o(i.TIM_ITRx_SetConfig), (16 bytes).
    Removing stm32f4xx_hal_tim.o(i.TIM_OC1_SetConfig), (80 bytes).
    Removing stm32f4xx_hal_tim.o(i.TIM_OC2_SetConfig), (88 bytes).
    Removing stm32f4xx_hal_tim.o(i.TIM_OC3_SetConfig), (88 bytes).
    Removing stm32f4xx_hal_tim.o(i.TIM_OC4_SetConfig), (68 bytes).
    Removing stm32f4xx_hal_tim.o(i.TIM_SlaveTimer_SetConfig), (124 bytes).
    Removing stm32f4xx_hal_tim.o(i.TIM_TI1_ConfigInputStage), (34 bytes).
    Removing stm32f4xx_hal_tim.o(i.TIM_TI1_SetConfig), (112 bytes).
    Removing stm32f4xx_hal_tim.o(i.TIM_TI2_ConfigInputStage), (36 bytes).
    Removing stm32f4xx_hal_tim.o(i.TIM_TI2_SetConfig), (54 bytes).
    Removing stm32f4xx_hal_tim_ex.o(.rev16_text), (4 bytes).
    Removing stm32f4xx_hal_tim_ex.o(.revsh_text), (4 bytes).
    Removing stm32f4xx_hal_tim_ex.o(.rrx_text), (6 bytes).
    Removing stm32f4xx_hal_tim_ex.o(i.HAL_TIMEx_BreakCallback), (2 bytes).
    Removing stm32f4xx_hal_tim_ex.o(i.HAL_TIMEx_CommutationCallback), (2 bytes).
    Removing stm32f4xx_hal_tim_ex.o(i.HAL_TIMEx_ConfigBreakDeadTime), (66 bytes).
    Removing stm32f4xx_hal_tim_ex.o(i.HAL_TIMEx_ConfigCommutationEvent), (92 bytes).
    Removing stm32f4xx_hal_tim_ex.o(i.HAL_TIMEx_ConfigCommutationEvent_DMA), (124 bytes).
    Removing stm32f4xx_hal_tim_ex.o(i.HAL_TIMEx_ConfigCommutationEvent_IT), (102 bytes).
    Removing stm32f4xx_hal_tim_ex.o(i.HAL_TIMEx_HallSensor_DeInit), (56 bytes).
    Removing stm32f4xx_hal_tim_ex.o(i.HAL_TIMEx_HallSensor_GetState), (6 bytes).
    Removing stm32f4xx_hal_tim_ex.o(i.HAL_TIMEx_HallSensor_Init), (176 bytes).
    Removing stm32f4xx_hal_tim_ex.o(i.HAL_TIMEx_HallSensor_MspDeInit), (2 bytes).
    Removing stm32f4xx_hal_tim_ex.o(i.HAL_TIMEx_HallSensor_MspInit), (2 bytes).
    Removing stm32f4xx_hal_tim_ex.o(i.HAL_TIMEx_HallSensor_Start), (28 bytes).
    Removing stm32f4xx_hal_tim_ex.o(i.HAL_TIMEx_HallSensor_Start_DMA), (104 bytes).
    Removing stm32f4xx_hal_tim_ex.o(i.HAL_TIMEx_HallSensor_Start_IT), (38 bytes).
    Removing stm32f4xx_hal_tim_ex.o(i.HAL_TIMEx_HallSensor_Stop), (46 bytes).
    Removing stm32f4xx_hal_tim_ex.o(i.HAL_TIMEx_HallSensor_Stop_DMA), (56 bytes).
    Removing stm32f4xx_hal_tim_ex.o(i.HAL_TIMEx_HallSensor_Stop_IT), (56 bytes).
    Removing stm32f4xx_hal_tim_ex.o(i.HAL_TIMEx_MasterConfigSynchronization), (80 bytes).
    Removing stm32f4xx_hal_tim_ex.o(i.HAL_TIMEx_OCN_Start), (36 bytes).
    Removing stm32f4xx_hal_tim_ex.o(i.HAL_TIMEx_OCN_Start_DMA), (220 bytes).
    Removing stm32f4xx_hal_tim_ex.o(i.HAL_TIMEx_OCN_Start_IT), (96 bytes).
    Removing stm32f4xx_hal_tim_ex.o(i.HAL_TIMEx_OCN_Stop), (68 bytes).
    Removing stm32f4xx_hal_tim_ex.o(i.HAL_TIMEx_OCN_Stop_DMA), (124 bytes).
    Removing stm32f4xx_hal_tim_ex.o(i.HAL_TIMEx_OCN_Stop_IT), (134 bytes).
    Removing stm32f4xx_hal_tim_ex.o(i.HAL_TIMEx_OnePulseN_Start), (26 bytes).
    Removing stm32f4xx_hal_tim_ex.o(i.HAL_TIMEx_OnePulseN_Start_IT), (46 bytes).
    Removing stm32f4xx_hal_tim_ex.o(i.HAL_TIMEx_OnePulseN_Stop), (68 bytes).
    Removing stm32f4xx_hal_tim_ex.o(i.HAL_TIMEx_OnePulseN_Stop_IT), (88 bytes).
    Removing stm32f4xx_hal_tim_ex.o(i.HAL_TIMEx_PWMN_Start), (36 bytes).
    Removing stm32f4xx_hal_tim_ex.o(i.HAL_TIMEx_PWMN_Start_DMA), (220 bytes).
    Removing stm32f4xx_hal_tim_ex.o(i.HAL_TIMEx_PWMN_Start_IT), (96 bytes).
    Removing stm32f4xx_hal_tim_ex.o(i.HAL_TIMEx_PWMN_Stop), (68 bytes).
    Removing stm32f4xx_hal_tim_ex.o(i.HAL_TIMEx_PWMN_Stop_DMA), (124 bytes).
    Removing stm32f4xx_hal_tim_ex.o(i.HAL_TIMEx_PWMN_Stop_IT), (134 bytes).
    Removing stm32f4xx_hal_tim_ex.o(i.HAL_TIMEx_RemapConfig), (34 bytes).
    Removing stm32f4xx_hal_tim_ex.o(i.TIMEx_DMACommutationCplt), (16 bytes).
    Removing stm32f4xx_hal_tim_ex.o(i.TIM_CCxNChannelCmd), (22 bytes).
    Removing stm32f4xx_hal_gpio.o(.rev16_text), (4 bytes).
    Removing stm32f4xx_hal_gpio.o(.revsh_text), (4 bytes).
    Removing stm32f4xx_hal_gpio.o(.rrx_text), (6 bytes).
    Removing stm32f4xx_hal_gpio.o(i.HAL_GPIO_DeInit), (272 bytes).
    Removing stm32f4xx_hal_gpio.o(i.HAL_GPIO_EXTI_Callback), (2 bytes).
    Removing stm32f4xx_hal_gpio.o(i.HAL_GPIO_EXTI_IRQHandler), (24 bytes).
    Removing stm32f4xx_hal_gpio.o(i.HAL_GPIO_Init), (392 bytes).
    Removing stm32f4xx_hal_gpio.o(i.HAL_GPIO_LockPin), (34 bytes).
    Removing stm32f4xx_hal_gpio.o(i.HAL_GPIO_ReadPin), (10 bytes).
    Removing stm32f4xx_hal_gpio.o(i.HAL_GPIO_TogglePin), (8 bytes).
    Removing stm32f4xx_hal_gpio.o(i.HAL_GPIO_WritePin), (10 bytes).
    Removing stm32f4xx_hal_adc_ex.o(.rev16_text), (4 bytes).
    Removing stm32f4xx_hal_adc_ex.o(.revsh_text), (4 bytes).
    Removing stm32f4xx_hal_adc_ex.o(.rrx_text), (6 bytes).
    Removing stm32f4xx_hal_adc_ex.o(i.ADC_MultiModeDMAConvCplt), (90 bytes).
    Removing stm32f4xx_hal_adc_ex.o(i.ADC_MultiModeDMAError), (18 bytes).
    Removing stm32f4xx_hal_adc_ex.o(i.ADC_MultiModeDMAHalfConvCplt), (6 bytes).
    Removing stm32f4xx_hal_adc_ex.o(i.HAL_ADCEx_InjectedConfigChannel), (448 bytes).
    Removing stm32f4xx_hal_adc_ex.o(i.HAL_ADCEx_InjectedConvCpltCallback), (2 bytes).
    Removing stm32f4xx_hal_adc_ex.o(i.HAL_ADCEx_InjectedGetValue), (58 bytes).
    Removing stm32f4xx_hal_adc_ex.o(i.HAL_ADCEx_InjectedPollForConversion), (136 bytes).
    Removing stm32f4xx_hal_adc_ex.o(i.HAL_ADCEx_InjectedStart), (204 bytes).
    Removing stm32f4xx_hal_adc_ex.o(i.HAL_ADCEx_InjectedStart_IT), (204 bytes).
    Removing stm32f4xx_hal_adc_ex.o(i.HAL_ADCEx_InjectedStop), (86 bytes).
    Removing stm32f4xx_hal_adc_ex.o(i.HAL_ADCEx_InjectedStop_IT), (94 bytes).
    Removing stm32f4xx_hal_adc_ex.o(i.HAL_ADCEx_MultiModeConfigChannel), (108 bytes).
    Removing stm32f4xx_hal_adc_ex.o(i.HAL_ADCEx_MultiModeGetValue), (12 bytes).
    Removing stm32f4xx_hal_adc_ex.o(i.HAL_ADCEx_MultiModeStart_DMA), (256 bytes).
    Removing stm32f4xx_hal_adc_ex.o(i.HAL_ADCEx_MultiModeStop_DMA), (100 bytes).
    Removing buttons_nucleo_f401re.o(.rev16_text), (4 bytes).
    Removing buttons_nucleo_f401re.o(.revsh_text), (4 bytes).
    Removing buttons_nucleo_f401re.o(.rrx_text), (6 bytes).
    Removing buttons_nucleo_f401re.o(i.Buttons_GetCount), (4 bytes).
    Removing buttons_nucleo_f401re.o(i.Buttons_GetState), (20 bytes).
    Removing buttons_nucleo_f401re.o(i.Buttons_Uninitialize), (20 bytes).
    Removing led_nucleo_f401re.o(.rev16_text), (4 bytes).
    Removing led_nucleo_f401re.o(.revsh_text), (4 bytes).
    Removing led_nucleo_f401re.o(.rrx_text), (6 bytes).
    Removing led_nucleo_f401re.o(i.LED_Off), (28 bytes).
    Removing led_nucleo_f401re.o(i.LED_SetOut), (26 bytes).
    Removing led_nucleo_f401re.o(i.LED_Uninitialize), (4 bytes).
    Removing startup_stm32f401xe.o(HEAP), (512 bytes).
    Removing system_stm32f4xx_1.o(.rev16_text), (4 bytes).
    Removing system_stm32f4xx_1.o(.revsh_text), (4 bytes).
    Removing system_stm32f4xx_1.o(.rrx_text), (6 bytes).
    Removing system_stm32f4xx_1.o(i.SystemCoreClockUpdate), (120 bytes).
    Removing system_stm32f4xx_1.o(.constdata), (16 bytes).
    Removing system_stm32f4xx_1.o(.constdata), (8 bytes).
    Removing dadd.o(.text), (334 bytes).
    Removing dmul.o(.text), (228 bytes).
    Removing ddiv.o(.text), (222 bytes).
    Removing dfixul.o(.text), (48 bytes).
    Removing cdrcmple.o(.text), (48 bytes).
    Removing depilogue.o(.text), (186 bytes).

472 unused section(s) (total 38850 bytes) removed from the image.

==============================================================================

Image Symbol Table

    Local Symbols

    Symbol Name                              Value     Ov Type        Size  Object(Section)

    ../clib/microlib/division.c              0x00000000   Number         0  uidiv.o ABSOLUTE
    ../clib/microlib/division.c              0x00000000   Number         0  uldiv.o ABSOLUTE
    ../clib/microlib/init/entry.s            0x00000000   Number         0  entry2.o ABSOLUTE
    ../clib/microlib/init/entry.s            0x00000000   Number         0  entry9b.o ABSOLUTE
    ../clib/microlib/init/entry.s            0x00000000   Number         0  entry.o ABSOLUTE
    ../clib/microlib/init/entry.s            0x00000000   Number         0  entry5.o ABSOLUTE
    ../clib/microlib/init/entry.s            0x00000000   Number         0  entry11b.o ABSOLUTE
    ../clib/microlib/init/entry.s            0x00000000   Number         0  entry11a.o ABSOLUTE
    ../clib/microlib/init/entry.s            0x00000000   Number         0  entry10b.o ABSOLUTE
    ../clib/microlib/init/entry.s            0x00000000   Number         0  entry10a.o ABSOLUTE
    ../clib/microlib/init/entry.s            0x00000000   Number         0  entry9a.o ABSOLUTE
    ../clib/microlib/init/entry.s            0x00000000   Number         0  entry8a.o ABSOLUTE
    ../clib/microlib/init/entry.s            0x00000000   Number         0  entry7b.o ABSOLUTE
    ../clib/microlib/init/entry.s            0x00000000   Number         0  entry8b.o ABSOLUTE
    ../clib/microlib/init/entry.s            0x00000000   Number         0  entry7a.o ABSOLUTE
    ../clib/microlib/longlong.c              0x00000000   Number         0  llsshr.o ABSOLUTE
    ../clib/microlib/longlong.c              0x00000000   Number         0  llushr.o ABSOLUTE
    ../clib/microlib/longlong.c              0x00000000   Number         0  llshl.o ABSOLUTE
    ../clib/microlib/printf/printf.c         0x00000000   Number         0  printf0.o ABSOLUTE
    ../clib/microlib/printf/printf.c         0x00000000   Number         0  printfb.o ABSOLUTE
    ../clib/microlib/printf/printf.c         0x00000000   Number         0  printfa.o ABSOLUTE
    ../clib/microlib/printf/printf.c         0x00000000   Number         0  printf8.o ABSOLUTE
    ../clib/microlib/printf/printf.c         0x00000000   Number         0  printf7.o ABSOLUTE
    ../clib/microlib/printf/printf.c         0x00000000   Number         0  printf6.o ABSOLUTE
    ../clib/microlib/printf/printf.c         0x00000000   Number         0  printf5.o ABSOLUTE
    ../clib/microlib/printf/printf.c         0x00000000   Number         0  printf4.o ABSOLUTE
    ../clib/microlib/printf/printf.c         0x00000000   Number         0  printf3.o ABSOLUTE
    ../clib/microlib/printf/printf.c         0x00000000   Number         0  printf2.o ABSOLUTE
    ../clib/microlib/printf/printf.c         0x00000000   Number         0  printf1.o ABSOLUTE
    ../clib/microlib/stdio/streams.c         0x00000000   Number         0  stdout.o ABSOLUTE
    ../clib/microlib/stubs.s                 0x00000000   Number         0  iusefp.o ABSOLUTE
    ../fplib/microlib/fpadd.c                0x00000000   Number         0  dadd.o ABSOLUTE
    ../fplib/microlib/fpdiv.c                0x00000000   Number         0  ddiv.o ABSOLUTE
    ../fplib/microlib/fpepilogue.c           0x00000000   Number         0  depilogue.o ABSOLUTE
    ../fplib/microlib/fpfix.c                0x00000000   Number         0  dfixul.o ABSOLUTE
    ../fplib/microlib/fpmul.c                0x00000000   Number         0  dmul.o ABSOLUTE
    ..\LIB\Src\stm32f4xx_hal.c               0x00000000   Number         0  stm32f4xx_hal.o ABSOLUTE
    ..\LIB\Src\stm32f4xx_hal_adc.c           0x00000000   Number         0  stm32f4xx_hal_adc.o ABSOLUTE
    ..\LIB\Src\stm32f4xx_hal_adc_ex.c        0x00000000   Number         0  stm32f4xx_hal_adc_ex.o ABSOLUTE
    ..\LIB\Src\stm32f4xx_hal_cortex.c        0x00000000   Number         0  stm32f4xx_hal_cortex.o ABSOLUTE
    ..\LIB\Src\stm32f4xx_hal_dma.c           0x00000000   Number         0  stm32f4xx_hal_dma.o ABSOLUTE
    ..\LIB\Src\stm32f4xx_hal_gpio.c          0x00000000   Number         0  stm32f4xx_hal_gpio.o ABSOLUTE
    ..\LIB\Src\stm32f4xx_hal_i2c.c           0x00000000   Number         0  stm32f4xx_hal_i2c.o ABSOLUTE
    ..\LIB\Src\stm32f4xx_hal_msp.c           0x00000000   Number         0  stm32f4xx_hal_msp.o ABSOLUTE
    ..\LIB\Src\stm32f4xx_hal_rcc.c           0x00000000   Number         0  stm32f4xx_hal_rcc.o ABSOLUTE
    ..\LIB\Src\stm32f4xx_hal_rcc_ex.c        0x00000000   Number         0  stm32f4xx_hal_rcc_ex.o ABSOLUTE
    ..\LIB\Src\stm32f4xx_hal_spi.c           0x00000000   Number         0  stm32f4xx_hal_spi.o ABSOLUTE
    ..\LIB\Src\stm32f4xx_hal_tim.c           0x00000000   Number         0  stm32f4xx_hal_tim.o ABSOLUTE
    ..\LIB\Src\stm32f4xx_hal_tim_ex.c        0x00000000   Number         0  stm32f4xx_hal_tim_ex.o ABSOLUTE
    ..\USER\Src\main.c                       0x00000000   Number         0  main.o ABSOLUTE
    ..\USER\Src\stm32f4xx_it.c               0x00000000   Number         0  stm32f4xx_it.o ABSOLUTE
    ..\USER\Src\stm32f4xx_nucleo.c           0x00000000   Number         0  stm32f4xx_nucleo.o ABSOLUTE
    ..\\LIB\\Src\\stm32f4xx_hal.c            0x00000000   Number         0  stm32f4xx_hal.o ABSOLUTE
    ..\\LIB\\Src\\stm32f4xx_hal_adc.c        0x00000000   Number         0  stm32f4xx_hal_adc.o ABSOLUTE
    ..\\LIB\\Src\\stm32f4xx_hal_adc_ex.c     0x00000000   Number         0  stm32f4xx_hal_adc_ex.o ABSOLUTE
    ..\\LIB\\Src\\stm32f4xx_hal_cortex.c     0x00000000   Number         0  stm32f4xx_hal_cortex.o ABSOLUTE
    ..\\LIB\\Src\\stm32f4xx_hal_dma.c        0x00000000   Number         0  stm32f4xx_hal_dma.o ABSOLUTE
    ..\\LIB\\Src\\stm32f4xx_hal_gpio.c       0x00000000   Number         0  stm32f4xx_hal_gpio.o ABSOLUTE
    ..\\LIB\\Src\\stm32f4xx_hal_i2c.c        0x00000000   Number         0  stm32f4xx_hal_i2c.o ABSOLUTE
    ..\\LIB\\Src\\stm32f4xx_hal_msp.c        0x00000000   Number         0  stm32f4xx_hal_msp.o ABSOLUTE
    ..\\LIB\\Src\\stm32f4xx_hal_rcc.c        0x00000000   Number         0  stm32f4xx_hal_rcc.o ABSOLUTE
    ..\\LIB\\Src\\stm32f4xx_hal_rcc_ex.c     0x00000000   Number         0  stm32f4xx_hal_rcc_ex.o ABSOLUTE
    ..\\LIB\\Src\\stm32f4xx_hal_spi.c        0x00000000   Number         0  stm32f4xx_hal_spi.o ABSOLUTE
    ..\\LIB\\Src\\stm32f4xx_hal_tim.c        0x00000000   Number         0  stm32f4xx_hal_tim.o ABSOLUTE
    ..\\LIB\\Src\\stm32f4xx_hal_tim_ex.c     0x00000000   Number         0  stm32f4xx_hal_tim_ex.o ABSOLUTE
    ..\\USER\\Src\\main.c                    0x00000000   Number         0  main.o ABSOLUTE
    ..\\USER\\Src\\stm32f4xx_it.c            0x00000000   Number         0  stm32f4xx_it.o ABSOLUTE
    ..\\USER\\Src\\stm32f4xx_nucleo.c        0x00000000   Number         0  stm32f4xx_nucleo.o ABSOLUTE
    C:\C_installContent\keilPack\Keil\STM32NUCLEO_BSP\1.6.0\Boards\ST\NUCLEO-F401RE\Common\Buttons_NUCLEO_F401RE.c 0x00000000   Number         0  buttons_nucleo_f401re.o ABSOLUTE
    C:\C_installContent\keilPack\Keil\STM32NUCLEO_BSP\1.6.0\Boards\ST\NUCLEO-F401RE\Common\LED_NUCLEO_F401RE.c 0x00000000   Number         0  led_nucleo_f401re.o ABSOLUTE
    C:\\C_installContent\\keilPack\\Keil\\STM32NUCLEO_BSP\\1.6.0\\Boards\\ST\\NUCLEO-F401RE\\Common\\Buttons_NUCLEO_F401RE.c 0x00000000   Number         0  buttons_nucleo_f401re.o ABSOLUTE
    C:\\C_installContent\\keilPack\\Keil\\STM32NUCLEO_BSP\\1.6.0\\Boards\\ST\\NUCLEO-F401RE\\Common\\LED_NUCLEO_F401RE.c 0x00000000   Number         0  led_nucleo_f401re.o ABSOLUTE
    RTE\Device\STM32F401RETx\startup_stm32f401xe.s 0x00000000   Number         0  startup_stm32f401xe.o ABSOLUTE
    RTE\Device\STM32F401RETx\system_stm32f4xx.c 0x00000000   Number         0  system_stm32f4xx_1.o ABSOLUTE
    RTE\\Device\\STM32F401RETx\\system_stm32f4xx.c 0x00000000   Number         0  system_stm32f4xx_1.o ABSOLUTE
    cdrcmple.s                               0x00000000   Number         0  cdrcmple.o ABSOLUTE
    dc.s                                     0x00000000   Number         0  dc.o ABSOLUTE
    handlers.s                               0x00000000   Number         0  handlers.o ABSOLUTE
    init.s                                   0x00000000   Number         0  init.o ABSOLUTE
    RESET                                    0x08000000   Section      404  startup_stm32f401xe.o(RESET)
    .ARM.Collect$$$$00000000                 0x08000194   Section        0  entry.o(.ARM.Collect$$$$00000000)
    .ARM.Collect$$$$00000001                 0x08000194   Section        4  entry2.o(.ARM.Collect$$$$00000001)
    .ARM.Collect$$$$00000004                 0x08000198   Section        4  entry5.o(.ARM.Collect$$$$00000004)
    .ARM.Collect$$$$00000008                 0x0800019c   Section        0  entry7b.o(.ARM.Collect$$$$00000008)
    .ARM.Collect$$$$0000000A                 0x0800019c   Section        0  entry8b.o(.ARM.Collect$$$$0000000A)
    .ARM.Collect$$$$0000000B                 0x0800019c   Section        8  entry9a.o(.ARM.Collect$$$$0000000B)
    .ARM.Collect$$$$0000000D                 0x080001a4   Section        0  entry10a.o(.ARM.Collect$$$$0000000D)
    .ARM.Collect$$$$0000000F                 0x080001a4   Section        0  entry11a.o(.ARM.Collect$$$$0000000F)
    .ARM.Collect$$$$00002712                 0x080001a4   Section        4  entry2.o(.ARM.Collect$$$$00002712)
    __lit__00000000                          0x080001a4   Data           4  entry2.o(.ARM.Collect$$$$00002712)
    .text                                    0x080001a8   Section       36  startup_stm32f401xe.o(.text)
    $v0                                      0x080001a8   Number         0  startup_stm32f401xe.o(.text)
    .text                                    0x080001cc   Section       36  init.o(.text)
    i.BusFault_Handler                       0x080001f0   Section        0  stm32f4xx_it.o(i.BusFault_Handler)
    i.Buttons_Initialize                     0x080001f4   Section        0  buttons_nucleo_f401re.o(i.Buttons_Initialize)
    i.DebugMon_Handler                       0x08000234   Section        0  stm32f4xx_it.o(i.DebugMon_Handler)
    i.HAL_GetTick                            0x08000238   Section        0  stm32f4xx_hal.o(i.HAL_GetTick)
    i.HAL_IncTick                            0x08000244   Section        0  stm32f4xx_hal.o(i.HAL_IncTick)
    i.HAL_Init                               0x08000254   Section        0  stm32f4xx_hal.o(i.HAL_Init)
    i.HAL_InitTick                           0x08000288   Section        0  stm32f4xx_hal.o(i.HAL_InitTick)
    i.HAL_MspInit                            0x080002b0   Section        0  stm32f4xx_hal_msp.o(i.HAL_MspInit)
    i.HAL_NVIC_SetPriority                   0x080002b4   Section        0  stm32f4xx_hal_cortex.o(i.HAL_NVIC_SetPriority)
    i.HAL_NVIC_SetPriorityGrouping           0x080002f4   Section        0  stm32f4xx_hal_cortex.o(i.HAL_NVIC_SetPriorityGrouping)
    i.HAL_RCC_ClockConfig                    0x08000318   Section        0  stm32f4xx_hal_rcc.o(i.HAL_RCC_ClockConfig)
    i.HAL_RCC_GetSysClockFreq                0x08000494   Section        0  stm32f4xx_hal_rcc.o(i.HAL_RCC_GetSysClockFreq)
    i.HAL_RCC_OscConfig                      0x08000504   Section        0  stm32f4xx_hal_rcc.o(i.HAL_RCC_OscConfig)
    i.HAL_SYSTICK_Config                     0x08000818   Section        0  stm32f4xx_hal_cortex.o(i.HAL_SYSTICK_Config)
    i.HardFault_Handler                      0x08000840   Section        0  stm32f4xx_it.o(i.HardFault_Handler)
    i.LED_GetCount                           0x08000842   Section        0  led_nucleo_f401re.o(i.LED_GetCount)
    i.LED_Initialize                         0x08000848   Section        0  led_nucleo_f401re.o(i.LED_Initialize)
    i.LED_On                                 0x08000890   Section        0  led_nucleo_f401re.o(i.LED_On)
    i.MemManage_Handler                      0x080008ac   Section        0  stm32f4xx_it.o(i.MemManage_Handler)
    i.NMI_Handler                            0x080008ae   Section        0  stm32f4xx_it.o(i.NMI_Handler)
    i.NVIC_SetPriority                       0x080008b0   Section        0  stm32f4xx_hal_cortex.o(i.NVIC_SetPriority)
    NVIC_SetPriority                         0x080008b1   Thumb Code    32  stm32f4xx_hal_cortex.o(i.NVIC_SetPriority)
    i.PendSV_Handler                         0x080008d0   Section        0  stm32f4xx_it.o(i.PendSV_Handler)
    i.SVC_Handler                            0x080008d2   Section        0  stm32f4xx_it.o(i.SVC_Handler)
    i.SysTick_Handler                        0x080008d4   Section        0  stm32f4xx_it.o(i.SysTick_Handler)
    i.SystemClock_Config                     0x080008d8   Section        0  main.o(i.SystemClock_Config)
    SystemClock_Config                       0x080008d9   Thumb Code   122  main.o(i.SystemClock_Config)
    i.SystemInit                             0x0800095c   Section        0  system_stm32f4xx_1.o(i.SystemInit)
    i.UsageFault_Handler                     0x080009b0   Section        0  stm32f4xx_it.o(i.UsageFault_Handler)
    i.__0printf$bare                         0x080009b4   Section        0  printfb.o(i.__0printf$bare)
    i.__scatterload_copy                     0x080009c4   Section       14  handlers.o(i.__scatterload_copy)
    i.__scatterload_null                     0x080009d2   Section        2  handlers.o(i.__scatterload_null)
    i.__scatterload_zeroinit                 0x080009d4   Section       14  handlers.o(i.__scatterload_zeroinit)
    i._printf_core                           0x080009e2   Section        0  printfb.o(i._printf_core)
    _printf_core                             0x080009e3   Thumb Code    34  printfb.o(i._printf_core)
    i.fputc                                  0x08000a04   Section        0  stm32f4xx_nucleo.o(i.fputc)
    i.main                                   0x08000a20   Section        0  main.o(i.main)
    .constdata                               0x08000a58   Section       16  stm32f4xx_hal_rcc.o(.constdata)
    .constdata                               0x08000a68   Section        4  led_nucleo_f401re.o(.constdata)
    .data                                    0x20000000   Section        4  main.o(.data)
    num                                      0x20000000   Data           4  main.o(.data)
    .data                                    0x20000004   Section        4  stm32f4xx_hal.o(.data)
    .data                                    0x20000008   Section        4  system_stm32f4xx_1.o(.data)
    .data                                    0x2000000c   Section        4  stdout.o(.data)
    STACK                                    0x20000010   Section     1024  startup_stm32f401xe.o(STACK)

    Global Symbols

    Symbol Name                              Value     Ov Type        Size  Object(Section)

    BuildAttributes$$THM_ISAv4$E$P$D$K$B$S$7EM$VFPi3$EXTD16$VFPS$VFMA$PE$A:L22UL41UL21$X:L11$S22US41US21$IEEE1$IW$USESV6$~STKCKD$USESV7$~SHL$OSPACE$ROPI$EBA8$MICROLIB$REQ8$PRES8$EABIv2 0x00000000   Number         0  anon$$obj.o ABSOLUTE
    __ARM_use_no_argv                        0x00000000   Number         0  main.o ABSOLUTE
    __cpp_initialize__aeabi_                  - Undefined Weak Reference
    __cxa_finalize                            - Undefined Weak Reference
    __decompress                              - Undefined Weak Reference
    _clock_init                               - Undefined Weak Reference
    _microlib_exit                            - Undefined Weak Reference
    __Vectors_Size                           0x00000194   Number         0  startup_stm32f401xe.o ABSOLUTE
    __Vectors                                0x08000000   Data           4  startup_stm32f401xe.o(RESET)
    __Vectors_End                            0x08000194   Data           0  startup_stm32f401xe.o(RESET)
    __main                                   0x08000195   Thumb Code     0  entry.o(.ARM.Collect$$$$00000000)
    _main_stk                                0x08000195   Thumb Code     0  entry2.o(.ARM.Collect$$$$00000001)
    _main_scatterload                        0x08000199   Thumb Code     0  entry5.o(.ARM.Collect$$$$00000004)
    __main_after_scatterload                 0x0800019d   Thumb Code     0  entry5.o(.ARM.Collect$$$$00000004)
    _main_clock                              0x0800019d   Thumb Code     0  entry7b.o(.ARM.Collect$$$$00000008)
    _main_cpp_init                           0x0800019d   Thumb Code     0  entry8b.o(.ARM.Collect$$$$0000000A)
    _main_init                               0x0800019d   Thumb Code     0  entry9a.o(.ARM.Collect$$$$0000000B)
    __rt_final_cpp                           0x080001a5   Thumb Code     0  entry10a.o(.ARM.Collect$$$$0000000D)
    __rt_final_exit                          0x080001a5   Thumb Code     0  entry11a.o(.ARM.Collect$$$$0000000F)
    Reset_Handler                            0x080001a9   Thumb Code     8  startup_stm32f401xe.o(.text)
    ADC_IRQHandler                           0x080001c3   Thumb Code     0  startup_stm32f401xe.o(.text)
    DMA1_Stream0_IRQHandler                  0x080001c3   Thumb Code     0  startup_stm32f401xe.o(.text)
    DMA1_Stream1_IRQHandler                  0x080001c3   Thumb Code     0  startup_stm32f401xe.o(.text)
    DMA1_Stream2_IRQHandler                  0x080001c3   Thumb Code     0  startup_stm32f401xe.o(.text)
    DMA1_Stream3_IRQHandler                  0x080001c3   Thumb Code     0  startup_stm32f401xe.o(.text)
    DMA1_Stream4_IRQHandler                  0x080001c3   Thumb Code     0  startup_stm32f401xe.o(.text)
    DMA1_Stream5_IRQHandler                  0x080001c3   Thumb Code     0  startup_stm32f401xe.o(.text)
    DMA1_Stream6_IRQHandler                  0x080001c3   Thumb Code     0  startup_stm32f401xe.o(.text)
    DMA1_Stream7_IRQHandler                  0x080001c3   Thumb Code     0  startup_stm32f401xe.o(.text)
    DMA2_Stream0_IRQHandler                  0x080001c3   Thumb Code     0  startup_stm32f401xe.o(.text)
    DMA2_Stream1_IRQHandler                  0x080001c3   Thumb Code     0  startup_stm32f401xe.o(.text)
    DMA2_Stream2_IRQHandler                  0x080001c3   Thumb Code     0  startup_stm32f401xe.o(.text)
    DMA2_Stream3_IRQHandler                  0x080001c3   Thumb Code     0  startup_stm32f401xe.o(.text)
    DMA2_Stream4_IRQHandler                  0x080001c3   Thumb Code     0  startup_stm32f401xe.o(.text)
    DMA2_Stream5_IRQHandler                  0x080001c3   Thumb Code     0  startup_stm32f401xe.o(.text)
    DMA2_Stream6_IRQHandler                  0x080001c3   Thumb Code     0  startup_stm32f401xe.o(.text)
    DMA2_Stream7_IRQHandler                  0x080001c3   Thumb Code     0  startup_stm32f401xe.o(.text)
    EXTI0_IRQHandler                         0x080001c3   Thumb Code     0  startup_stm32f401xe.o(.text)
    EXTI15_10_IRQHandler                     0x080001c3   Thumb Code     0  startup_stm32f401xe.o(.text)
    EXTI1_IRQHandler                         0x080001c3   Thumb Code     0  startup_stm32f401xe.o(.text)
    EXTI2_IRQHandler                         0x080001c3   Thumb Code     0  startup_stm32f401xe.o(.text)
    EXTI3_IRQHandler                         0x080001c3   Thumb Code     0  startup_stm32f401xe.o(.text)
    EXTI4_IRQHandler                         0x080001c3   Thumb Code     0  startup_stm32f401xe.o(.text)
    EXTI9_5_IRQHandler                       0x080001c3   Thumb Code     0  startup_stm32f401xe.o(.text)
    FLASH_IRQHandler                         0x080001c3   Thumb Code     0  startup_stm32f401xe.o(.text)
    FPU_IRQHandler                           0x080001c3   Thumb Code     0  startup_stm32f401xe.o(.text)
    I2C1_ER_IRQHandler                       0x080001c3   Thumb Code     0  startup_stm32f401xe.o(.text)
    I2C1_EV_IRQHandler                       0x080001c3   Thumb Code     0  startup_stm32f401xe.o(.text)
    I2C2_ER_IRQHandler                       0x080001c3   Thumb Code     0  startup_stm32f401xe.o(.text)
    I2C2_EV_IRQHandler                       0x080001c3   Thumb Code     0  startup_stm32f401xe.o(.text)
    I2C3_ER_IRQHandler                       0x080001c3   Thumb Code     0  startup_stm32f401xe.o(.text)
    I2C3_EV_IRQHandler                       0x080001c3   Thumb Code     0  startup_stm32f401xe.o(.text)
    OTG_FS_IRQHandler                        0x080001c3   Thumb Code     0  startup_stm32f401xe.o(.text)
    OTG_FS_WKUP_IRQHandler                   0x080001c3   Thumb Code     0  startup_stm32f401xe.o(.text)
    PVD_IRQHandler                           0x080001c3   Thumb Code     0  startup_stm32f401xe.o(.text)
    RCC_IRQHandler                           0x080001c3   Thumb Code     0  startup_stm32f401xe.o(.text)
    RTC_Alarm_IRQHandler                     0x080001c3   Thumb Code     0  startup_stm32f401xe.o(.text)
    RTC_WKUP_IRQHandler                      0x080001c3   Thumb Code     0  startup_stm32f401xe.o(.text)
    SDIO_IRQHandler                          0x080001c3   Thumb Code     0  startup_stm32f401xe.o(.text)
    SPI1_IRQHandler                          0x080001c3   Thumb Code     0  startup_stm32f401xe.o(.text)
    SPI2_IRQHandler                          0x080001c3   Thumb Code     0  startup_stm32f401xe.o(.text)
    SPI3_IRQHandler                          0x080001c3   Thumb Code     0  startup_stm32f401xe.o(.text)
    SPI4_IRQHandler                          0x080001c3   Thumb Code     0  startup_stm32f401xe.o(.text)
    TAMP_STAMP_IRQHandler                    0x080001c3   Thumb Code     0  startup_stm32f401xe.o(.text)
    TIM1_BRK_TIM9_IRQHandler                 0x080001c3   Thumb Code     0  startup_stm32f401xe.o(.text)
    TIM1_CC_IRQHandler                       0x080001c3   Thumb Code     0  startup_stm32f401xe.o(.text)
    TIM1_TRG_COM_TIM11_IRQHandler            0x080001c3   Thumb Code     0  startup_stm32f401xe.o(.text)
    TIM1_UP_TIM10_IRQHandler                 0x080001c3   Thumb Code     0  startup_stm32f401xe.o(.text)
    TIM2_IRQHandler                          0x080001c3   Thumb Code     0  startup_stm32f401xe.o(.text)
    TIM3_IRQHandler                          0x080001c3   Thumb Code     0  startup_stm32f401xe.o(.text)
    TIM4_IRQHandler                          0x080001c3   Thumb Code     0  startup_stm32f401xe.o(.text)
    TIM5_IRQHandler                          0x080001c3   Thumb Code     0  startup_stm32f401xe.o(.text)
    USART1_IRQHandler                        0x080001c3   Thumb Code     0  startup_stm32f401xe.o(.text)
    USART2_IRQHandler                        0x080001c3   Thumb Code     0  startup_stm32f401xe.o(.text)
    USART6_IRQHandler                        0x080001c3   Thumb Code     0  startup_stm32f401xe.o(.text)
    WWDG_IRQHandler                          0x080001c3   Thumb Code     0  startup_stm32f401xe.o(.text)
    __scatterload                            0x080001cd   Thumb Code    28  init.o(.text)
    __scatterload_rt2                        0x080001cd   Thumb Code     0  init.o(.text)
    BusFault_Handler                         0x080001f1   Thumb Code     2  stm32f4xx_it.o(i.BusFault_Handler)
    Buttons_Initialize                       0x080001f5   Thumb Code    54  buttons_nucleo_f401re.o(i.Buttons_Initialize)
    DebugMon_Handler                         0x08000235   Thumb Code     2  stm32f4xx_it.o(i.DebugMon_Handler)
    HAL_GetTick                              0x08000239   Thumb Code     6  stm32f4xx_hal.o(i.HAL_GetTick)
    HAL_IncTick                              0x08000245   Thumb Code    10  stm32f4xx_hal.o(i.HAL_IncTick)
    HAL_Init                                 0x08000255   Thumb Code    48  stm32f4xx_hal.o(i.HAL_Init)
    HAL_InitTick                             0x08000289   Thumb Code    34  stm32f4xx_hal.o(i.HAL_InitTick)
    HAL_MspInit                              0x080002b1   Thumb Code     2  stm32f4xx_hal_msp.o(i.HAL_MspInit)
    HAL_NVIC_SetPriority                     0x080002b5   Thumb Code    60  stm32f4xx_hal_cortex.o(i.HAL_NVIC_SetPriority)
    HAL_NVIC_SetPriorityGrouping             0x080002f5   Thumb Code    26  stm32f4xx_hal_cortex.o(i.HAL_NVIC_SetPriorityGrouping)
    HAL_RCC_ClockConfig                      0x08000319   Thumb Code   364  stm32f4xx_hal_rcc.o(i.HAL_RCC_ClockConfig)
    HAL_RCC_GetSysClockFreq                  0x08000495   Thumb Code   104  stm32f4xx_hal_rcc.o(i.HAL_RCC_GetSysClockFreq)
    HAL_RCC_OscConfig                        0x08000505   Thumb Code   770  stm32f4xx_hal_rcc.o(i.HAL_RCC_OscConfig)
    HAL_SYSTICK_Config                       0x08000819   Thumb Code    40  stm32f4xx_hal_cortex.o(i.HAL_SYSTICK_Config)
    HardFault_Handler                        0x08000841   Thumb Code     2  stm32f4xx_it.o(i.HardFault_Handler)
    LED_GetCount                             0x08000843   Thumb Code     4  led_nucleo_f401re.o(i.LED_GetCount)
    LED_Initialize                           0x08000849   Thumb Code    64  led_nucleo_f401re.o(i.LED_Initialize)
    LED_On                                   0x08000891   Thumb Code    18  led_nucleo_f401re.o(i.LED_On)
    MemManage_Handler                        0x080008ad   Thumb Code     2  stm32f4xx_it.o(i.MemManage_Handler)
    NMI_Handler                              0x080008af   Thumb Code     2  stm32f4xx_it.o(i.NMI_Handler)
    PendSV_Handler                           0x080008d1   Thumb Code     2  stm32f4xx_it.o(i.PendSV_Handler)
    SVC_Handler                              0x080008d3   Thumb Code     2  stm32f4xx_it.o(i.SVC_Handler)
    SysTick_Handler                          0x080008d5   Thumb Code     4  stm32f4xx_it.o(i.SysTick_Handler)
    SystemInit                               0x0800095d   Thumb Code    66  system_stm32f4xx_1.o(i.SystemInit)
    UsageFault_Handler                       0x080009b1   Thumb Code     2  stm32f4xx_it.o(i.UsageFault_Handler)
    __0printf$bare                           0x080009b5   Thumb Code     8  printfb.o(i.__0printf$bare)
    __1printf$bare                           0x080009b5   Thumb Code     0  printfb.o(i.__0printf$bare)
    __2printf                                0x080009b5   Thumb Code     0  printfb.o(i.__0printf$bare)
    __scatterload_copy                       0x080009c5   Thumb Code    14  handlers.o(i.__scatterload_copy)
    __scatterload_null                       0x080009d3   Thumb Code     2  handlers.o(i.__scatterload_null)
    __scatterload_zeroinit                   0x080009d5   Thumb Code    14  handlers.o(i.__scatterload_zeroinit)
    fputc                                    0x08000a05   Thumb Code    22  stm32f4xx_nucleo.o(i.fputc)
    main                                     0x08000a21   Thumb Code    36  main.o(i.main)
    APBAHBPrescTable                         0x08000a58   Data          16  stm32f4xx_hal_rcc.o(.constdata)
    led_mask                                 0x08000a68   Data           4  led_nucleo_f401re.o(.constdata)
    Region$$Table$$Base                      0x08000a6c   Number         0  anon$$obj.o(Region$$Table)
    Region$$Table$$Limit                     0x08000a8c   Number         0  anon$$obj.o(Region$$Table)
    uwTick                                   0x20000004   Data           4  stm32f4xx_hal.o(.data)
    SystemCoreClock                          0x20000008   Data           4  system_stm32f4xx_1.o(.data)
    __stdout                                 0x2000000c   Data           4  stdout.o(.data)
    __initial_sp                             0x20000410   Data           0  startup_stm32f401xe.o(STACK)



==============================================================================

Memory Map of the image

  Image Entry point : 0x08000195

  Load Region LR_IROM1 (Base: 0x08000000, Size: 0x00000a9c, Max: 0x00080000, ABSOLUTE)

    Execution Region ER_IROM1 (Base: 0x08000000, Size: 0x00000a8c, Max: 0x00080000, ABSOLUTE)

    Base Addr    Size         Type   Attr      Idx    E Section Name        Object

    0x08000000   0x00000194   Data   RO         3050    RESET               startup_stm32f401xe.o
    0x08000194   0x00000000   Code   RO         3093  * .ARM.Collect$$$$00000000  mc_w.l(entry.o)
    0x08000194   0x00000004   Code   RO         3356    .ARM.Collect$$$$00000001  mc_w.l(entry2.o)
    0x08000198   0x00000004   Code   RO         3359    .ARM.Collect$$$$00000004  mc_w.l(entry5.o)
    0x0800019c   0x00000000   Code   RO         3361    .ARM.Collect$$$$00000008  mc_w.l(entry7b.o)
    0x0800019c   0x00000000   Code   RO         3363    .ARM.Collect$$$$0000000A  mc_w.l(entry8b.o)
    0x0800019c   0x00000008   Code   RO         3364    .ARM.Collect$$$$0000000B  mc_w.l(entry9a.o)
    0x080001a4   0x00000000   Code   RO         3366    .ARM.Collect$$$$0000000D  mc_w.l(entry10a.o)
    0x080001a4   0x00000000   Code   RO         3368    .ARM.Collect$$$$0000000F  mc_w.l(entry11a.o)
    0x080001a4   0x00000004   Code   RO         3357    .ARM.Collect$$$$00002712  mc_w.l(entry2.o)
    0x080001a8   0x00000024   Code   RO         3051    .text               startup_stm32f401xe.o
    0x080001cc   0x00000024   Code   RO         3386    .text               mc_w.l(init.o)
    0x080001f0   0x00000002   Code   RO          235    i.BusFault_Handler  stm32f4xx_it.o
    0x080001f2   0x00000002   PAD
    0x080001f4   0x00000040   Code   RO         2955    i.Buttons_Initialize  buttons_nucleo_f401re.o
    0x08000234   0x00000002   Code   RO          236    i.DebugMon_Handler  stm32f4xx_it.o
    0x08000236   0x00000002   PAD
    0x08000238   0x0000000c   Code   RO          804    i.HAL_GetTick       stm32f4xx_hal.o
    0x08000244   0x00000010   Code   RO          805    i.HAL_IncTick       stm32f4xx_hal.o
    0x08000254   0x00000034   Code   RO          806    i.HAL_Init          stm32f4xx_hal.o
    0x08000288   0x00000028   Code   RO          807    i.HAL_InitTick      stm32f4xx_hal.o
    0x080002b0   0x00000002   Code   RO         1443    i.HAL_MspInit       stm32f4xx_hal_msp.o
    0x080002b2   0x00000002   PAD
    0x080002b4   0x00000040   Code   RO          677    i.HAL_NVIC_SetPriority  stm32f4xx_hal_cortex.o
    0x080002f4   0x00000024   Code   RO          678    i.HAL_NVIC_SetPriorityGrouping  stm32f4xx_hal_cortex.o
    0x08000318   0x0000017c   Code   RO         1473    i.HAL_RCC_ClockConfig  stm32f4xx_hal_rcc.o
    0x08000494   0x00000070   Code   RO         1482    i.HAL_RCC_GetSysClockFreq  stm32f4xx_hal_rcc.o
    0x08000504   0x00000314   Code   RO         1485    i.HAL_RCC_OscConfig  stm32f4xx_hal_rcc.o
    0x08000818   0x00000028   Code   RO          682    i.HAL_SYSTICK_Config  stm32f4xx_hal_cortex.o
    0x08000840   0x00000002   Code   RO          237    i.HardFault_Handler  stm32f4xx_it.o
    0x08000842   0x00000004   Code   RO         2995    i.LED_GetCount      led_nucleo_f401re.o
    0x08000846   0x00000002   PAD
    0x08000848   0x00000048   Code   RO         2996    i.LED_Initialize    led_nucleo_f401re.o
    0x08000890   0x0000001c   Code   RO         2998    i.LED_On            led_nucleo_f401re.o
    0x080008ac   0x00000002   Code   RO          238    i.MemManage_Handler  stm32f4xx_it.o
    0x080008ae   0x00000002   Code   RO          239    i.NMI_Handler       stm32f4xx_it.o
    0x080008b0   0x00000020   Code   RO          684    i.NVIC_SetPriority  stm32f4xx_hal_cortex.o
    0x080008d0   0x00000002   Code   RO          240    i.PendSV_Handler    stm32f4xx_it.o
    0x080008d2   0x00000002   Code   RO          241    i.SVC_Handler       stm32f4xx_it.o
    0x080008d4   0x00000004   Code   RO          242    i.SysTick_Handler   stm32f4xx_it.o
    0x080008d8   0x00000084   Code   RO            4    i.SystemClock_Config  main.o
    0x0800095c   0x00000054   Code   RO         3059    i.SystemInit        system_stm32f4xx_1.o
    0x080009b0   0x00000002   Code   RO          243    i.UsageFault_Handler  stm32f4xx_it.o
    0x080009b2   0x00000002   PAD
    0x080009b4   0x00000010   Code   RO         3097    i.__0printf$bare    mc_w.l(printfb.o)
    0x080009c4   0x0000000e   Code   RO         3398    i.__scatterload_copy  mc_w.l(handlers.o)
    0x080009d2   0x00000002   Code   RO         3399    i.__scatterload_null  mc_w.l(handlers.o)
    0x080009d4   0x0000000e   Code   RO         3400    i.__scatterload_zeroinit  mc_w.l(handlers.o)
    0x080009e2   0x00000022   Code   RO         3104    i._printf_core      mc_w.l(printfb.o)
    0x08000a04   0x0000001c   Code   RO          337    i.fputc             stm32f4xx_nucleo.o
    0x08000a20   0x00000038   Code   RO            5    i.main              main.o
    0x08000a58   0x00000010   Data   RO         1486    .constdata          stm32f4xx_hal_rcc.o
    0x08000a68   0x00000004   Data   RO         3001    .constdata          led_nucleo_f401re.o
    0x08000a6c   0x00000020   Data   RO         3396    Region$$Table       anon$$obj.o


    Execution Region RW_IRAM1 (Base: 0x20000000, Size: 0x00000410, Max: 0x00018000, ABSOLUTE)

    Base Addr    Size         Type   Attr      Idx    E Section Name        Object

    0x20000000   0x00000004   Data   RW            6    .data               main.o
    0x20000004   0x00000004   Data   RW          812    .data               stm32f4xx_hal.o
    0x20000008   0x00000004   Data   RW         3062    .data               system_stm32f4xx_1.o
    0x2000000c   0x00000004   Data   RW         3370    .data               mc_w.l(stdout.o)
    0x20000010   0x00000400   Zero   RW         3048    STACK               startup_stm32f401xe.o


==============================================================================

Image component sizes


      Code (inc. data)   RO Data    RW Data    ZI Data      Debug   Object Name

        64         10          0          0          0        641   buttons_nucleo_f401re.o
       104         18          4          0          0       2784   led_nucleo_f401re.o
       188         30          0          4          0     353331   main.o
        36          8        404          0       1024        888   startup_stm32f401xe.o
       120         22          0          4          0       3707   stm32f4xx_hal.o
       172         14          0          0          0      29946   stm32f4xx_hal_cortex.o
         2          0          0          0          0        494   stm32f4xx_hal_msp.o
      1280         42         16          0          0       4177   stm32f4xx_hal_rcc.o
        20          0          0          0          0       4442   stm32f4xx_it.o
        28          6          0          0          0        572   stm32f4xx_nucleo.o
        84         18          0          4          0       1387   system_stm32f4xx_1.o

    ----------------------------------------------------------------------
      2108        168        456         12       1024     402369   Object Totals
         0          0         32          0          0          0   (incl. Generated)
        10          0          0          0          0          0   (incl. Padding)

    ----------------------------------------------------------------------

      Code (inc. data)   RO Data    RW Data    ZI Data      Debug   Library Member Name

         0          0          0          0          0          0   entry.o
         0          0          0          0          0          0   entry10a.o
         0          0          0          0          0          0   entry11a.o
         8          4          0          0          0          0   entry2.o
         4          0          0          0          0          0   entry5.o
         0          0          0          0          0          0   entry7b.o
         0          0          0          0          0          0   entry8b.o
         8          4          0          0          0          0   entry9a.o
        30          0          0          0          0          0   handlers.o
        36          8          0          0          0         68   init.o
        50          8          0          0          0        152   printfb.o
         0          0          0          4          0          0   stdout.o

    ----------------------------------------------------------------------
       136         24          0          4          0        220   Library Totals
         0          0          0          0          0          0   (incl. Padding)

    ----------------------------------------------------------------------

      Code (inc. data)   RO Data    RW Data    ZI Data      Debug   Library Name

       136         24          0          4          0        220   mc_w.l

    ----------------------------------------------------------------------
       136         24          0          4          0        220   Library Totals

    ----------------------------------------------------------------------

==============================================================================


      Code (inc. data)   RO Data    RW Data    ZI Data      Debug   

      2244        192        456         16       1024     400441   Grand Totals
      2244        192        456         16       1024     400441   ELF Image Totals
      2244        192        456         16          0          0   ROM Totals

==============================================================================

    Total RO  Size (Code + RO Data)                 2700 (   2.64kB)
    Total RW  Size (RW Data + ZI Data)              1040 (   1.02kB)
    Total ROM Size (Code + RO Data + RW Data)       2716 (   2.65kB)

==============================================================================

