Component: ARM Compiler 5.06 update 3 (build 300) Tool: armlink [4d35c9]

==============================================================================

Section Cross References

    led.o(i._Z10led_threadPKv) refers to rt_cmsis.o(i.osDelay) for osDelay
    led.o(.ARM.exidx) refers to led.o(i._Z13Led_Initilizev) for i._Z13Led_Initilizev
    led.o(.ARM.exidx) refers to led.o(i._Z6Led_Onv) for i._Z6Led_Onv
    led.o(.ARM.exidx) refers to led.o(i._Z7Led_Offv) for i._Z7Led_Offv
    led.o(.ARM.exidx) refers to led.o(i._Z10led_threadPKv) for i._Z10led_threadPKv
    startup_stm32f401xe.o(STACK) refers (Special) to heapauxi.o(.text) for __use_two_region_memory
    startup_stm32f401xe.o(HEAP) refers (Special) to heapauxi.o(.text) for __use_two_region_memory
    startup_stm32f401xe.o(RESET) refers (Special) to heapauxi.o(.text) for __use_two_region_memory
    startup_stm32f401xe.o(RESET) refers to startup_stm32f401xe.o(STACK) for __initial_sp
    startup_stm32f401xe.o(RESET) refers to startup_stm32f401xe.o(.text) for Reset_Handler
    startup_stm32f401xe.o(RESET) refers to hal_cm4.o(.emb_text) for SVC_Handler
    startup_stm32f401xe.o(.text) refers (Special) to heapauxi.o(.text) for __use_two_region_memory
    startup_stm32f401xe.o(.text) refers to system_stm32f4xx.o(i.SystemInit) for SystemInit
    startup_stm32f401xe.o(.text) refers to __main.o(!!!main) for __main
    startup_stm32f401xe.o(.text) refers to startup_stm32f401xe.o(HEAP) for Heap_Mem
    startup_stm32f401xe.o(.text) refers to startup_stm32f401xe.o(STACK) for Stack_Mem
    system_stm32f4xx.o(i.SystemCoreClockUpdate) refers to system_stm32f4xx.o(.data) for .data
    system_stm32f4xx.o(i.SystemCoreClockUpdate) refers to system_stm32f4xx.o(.constdata) for .constdata
    retarget_usart.o(i._sys_exit) refers (Special) to use_no_semi.o(.text) for __use_no_semihosting_swi
    retarget_usart.o(i._ttywrch) refers (Special) to use_no_semi.o(.text) for __use_no_semihosting_swi
    retarget_usart.o(i._ttywrch) refers to serial.o(i.SER_PutChar) for SER_PutChar
    retarget_usart.o(i.ferror) refers (Special) to use_no_semi.o(.text) for __use_no_semihosting_swi
    retarget_usart.o(i.fgetc) refers (Special) to use_no_semi.o(.text) for __use_no_semihosting_swi
    retarget_usart.o(i.fgetc) refers to serial.o(i.SER_GetChar) for SER_GetChar
    retarget_usart.o(i.fputc) refers (Special) to use_no_semi.o(.text) for __use_no_semihosting_swi
    retarget_usart.o(i.fputc) refers to serial.o(i.SER_PutChar) for SER_PutChar
    retarget_usart.o(.data) refers (Special) to use_no_semi.o(.text) for __use_no_semihosting_swi
    retarget_usart.o(.data) refers (Special) to use_no_semi.o(.text) for __use_no_semihosting_swi
    serial.o(i.SER_GetChar) refers to serial.o(.data) for .data
    serial.o(i.SER_Initialize) refers to serial.o(.data) for .data
    sub.o(i._Z10sub_threadPKv) refers to arm_sub_f32.o(.text) for arm_sub_f32
    sub.o(i._Z10sub_threadPKv) refers to rt_cmsis.o(i.osDelay) for osDelay
    sub.o(i._Z10sub_threadPKv) refers to sub.o(.bss) for .bss
    sub.o(i._Z10sub_threadPKv) refers to sub.o(.data) for .data
    sub.o(.ARM.exidx) refers to sub.o(i._Z10sub_threadPKv) for i._Z10sub_threadPKv
    cosine.o(i._Z13cosine_threadPKv) refers to rt_cmsis.o(i.osDelay) for osDelay
    cosine.o(i._Z13cosine_threadPKv) refers to arm_cos_f32.o(.text) for arm_cos_f32
    cosine.o(i._Z13cosine_threadPKv) refers to cosine.o(.data) for .data
    cosine.o(i._Z13cosine_threadPKv) refers to cosine.o(.constdata) for .constdata
    cosine.o(.ARM.exidx) refers to cosine.o(i._Z13cosine_threadPKv) for i._Z13cosine_threadPKv
    dsp_test.o(i.main) refers to rt_cmsis.o(i.osKernelInitialize) for osKernelInitialize
    dsp_test.o(i.main) refers to led.o(i._Z13Led_Initilizev) for Led_Initilize()
    dsp_test.o(i.main) refers to thread_manage.o(i._Z11Twsa_Threadv) for Twsa_Thread()
    dsp_test.o(i.main) refers to rt_cmsis.o(i.osKernelStart) for osKernelStart
    dsp_test.o(.ARM.exidx) refers to dsp_test.o(i.main) for i.main
    sys.o(.ARM.exidx) refers to sys.o(i._Z24SystemCoreClockConfigurev) for i._Z24SystemCoreClockConfigurev
    thread_manage.o(i._Z11Twsa_Threadv) refers to rt_cmsis.o(i.osThreadCreate) for osThreadCreate
    thread_manage.o(i._Z11Twsa_Threadv) refers to thread_manage.o(.constdata) for .constdata
    thread_manage.o(i._Z11Twsa_Threadv) refers to thread_manage.o(.data) for .data
    thread_manage.o(.ARM.exidx) refers to thread_manage.o(i._Z11Twsa_Threadv) for i._Z11Twsa_Threadv
    thread_manage.o(.constdata) refers to led.o(i._Z10led_threadPKv) for led_thread(const void*)
    thread_manage.o(.constdata) refers to cosine.o(i._Z13cosine_threadPKv) for cosine_thread(const void*)
    rtx_conf_cm.o(.emb_text) refers to rt_cmsis.o(i.osKernelInitialize) for osKernelInitialize
    rtx_conf_cm.o(.emb_text) refers to rt_cmsis.o(i.osThreadCreate) for osThreadCreate
    rtx_conf_cm.o(.emb_text) refers to rt_cmsis.o(i.osKernelStart) for osKernelStart
[...]
    Removing rt_cmsis.o(i.osThreadGetId), (24 bytes).
    Removing rt_cmsis.o(i.osThreadGetPriority), (24 bytes).
    Removing rt_cmsis.o(i.osThreadSetPriority), (24 bytes).
    Removing rt_cmsis.o(i.osThreadTerminate), (24 bytes).
    Removing rt_cmsis.o(i.osThreadYield), (24 bytes).
    Removing rt_cmsis.o(i.osTimerCreate), (52 bytes).
    Removing rt_cmsis.o(i.osTimerDelete), (24 bytes).
    Removing rt_cmsis.o(i.osTimerStart), (24 bytes).
    Removing rt_cmsis.o(i.osTimerStop), (24 bytes).
    Removing rt_cmsis.o(i.osWait), (4 bytes).
    Removing rt_cmsis.o(i.os_resume), (12 bytes).
    Removing rt_cmsis.o(i.os_suspend), (12 bytes).
    Removing rt_cmsis.o(i.rt_clr_box), (24 bytes).
    Removing rt_cmsis.o(i.rt_timer_remove), (60 bytes).
    Removing rt_cmsis.o(i.svcKernelRunning), (12 bytes).
    Removing rt_cmsis.o(i.svcKernelSysTick), (56 bytes).
    Removing rt_cmsis.o(i.svcMailCreate), (66 bytes).
    Removing rt_cmsis.o(i.svcMessagePut), (54 bytes).
    Removing rt_cmsis.o(i.svcMutexCreate), (28 bytes).
    Removing rt_cmsis.o(i.svcMutexDelete), (26 bytes).
    Removing rt_cmsis.o(i.svcMutexRelease), (34 bytes).
    Removing rt_cmsis.o(i.svcMutexWait), (54 bytes).
    Removing rt_cmsis.o(i.svcPoolCreate), (40 bytes).
    Removing rt_cmsis.o(i.svcSemaphoreCreate), (36 bytes).
    Removing rt_cmsis.o(i.svcSemaphoreDelete), (26 bytes).
    Removing rt_cmsis.o(i.svcSemaphoreRelease), (40 bytes).
    Removing rt_cmsis.o(i.svcSemaphoreWait), (50 bytes).
    Removing rt_cmsis.o(i.svcSignalClear), (36 bytes).
    Removing rt_cmsis.o(i.svcSignalSet), (36 bytes).
    Removing rt_cmsis.o(i.svcSignalWait), (84 bytes).
    Removing rt_cmsis.o(i.svcThreadGetPriority), (18 bytes).
    Removing rt_cmsis.o(i.svcThreadSetPriority), (46 bytes).
    Removing rt_cmsis.o(i.svcThreadYield), (10 bytes).
    Removing rt_cmsis.o(i.svcTimerCreate), (56 bytes).
    Removing rt_cmsis.o(i.svcTimerDelete), (40 bytes).
    Removing rt_cmsis.o(i.svcTimerStart), (100 bytes).
    Removing rt_cmsis.o(i.svcTimerStop), (36 bytes).
    Removing rt_cmsis.o(i.sysMailAlloc), (88 bytes).
    Removing rt_cmsis.o(i.sysMailFree), (96 bytes).
    Removing rt_cmsis.o(i.sysPoolAlloc), (10 bytes).
    Removing rt_cmsis.o(i.sysPoolFree), (20 bytes).
    Removing rt_cmsis.o(i.sysUserTimerUpdate), (48 bytes).
    Removing rt_cmsis.o(i.sysUserTimerWakeupTime), (20 bytes).
    Removing rt_task.o(i.rt_tsk_pass), (48 bytes).
    Removing rt_mutex.o(i.rt_mut_delete), (176 bytes).
    Removing rt_mutex.o(i.rt_mut_init), (16 bytes).
    Removing arm_common_tables.o(.rev16_text), (4 bytes).
    Removing arm_common_tables.o(.revsh_text), (4 bytes).
    Removing arm_common_tables.o(.rrx_text), (6 bytes).
    Removing arm_common_tables.o(.constdata), (2048 bytes).
    Removing arm_common_tables.o(.constdata), (128 bytes).
    Removing arm_common_tables.o(.constdata), (256 bytes).
    Removing arm_common_tables.o(.constdata), (512 bytes).
    Removing arm_common_tables.o(.constdata), (1024 bytes).
    Removing arm_common_tables.o(.constdata), (2048 bytes).
    Removing arm_common_tables.o(.constdata), (4096 bytes).
    Removing arm_common_tables.o(.constdata), (8192 bytes).
    Removing arm_common_tables.o(.constdata), (16384 bytes).
    Removing arm_common_tables.o(.constdata), (32768 bytes).
    Removing arm_common_tables.o(.constdata), (96 bytes).
    Removing arm_common_tables.o(.constdata), (192 bytes).
    Removing arm_common_tables.o(.constdata), (384 bytes).
    Removing arm_common_tables.o(.constdata), (768 bytes).
    Removing arm_common_tables.o(.constdata), (1536 bytes).
    Removing arm_common_tables.o(.constdata), (3072 bytes).
    Removing arm_common_tables.o(.constdata), (6144 bytes).
    Removing arm_common_tables.o(.constdata), (12288 bytes).
    Removing arm_common_tables.o(.constdata), (24576 bytes).
    Removing arm_common_tables.o(.constdata), (48 bytes).
    Removing arm_common_tables.o(.constdata), (96 bytes).
    Removing arm_common_tables.o(.constdata), (192 bytes).
    Removing arm_common_tables.o(.constdata), (384 bytes).
    Removing arm_common_tables.o(.constdata), (768 bytes).
    Removing arm_common_tables.o(.constdata), (1536 bytes).
    Removing arm_common_tables.o(.constdata), (3072 bytes).
    Removing arm_common_tables.o(.constdata), (6144 bytes).
    Removing arm_common_tables.o(.constdata), (12288 bytes).
    Removing arm_common_tables.o(.constdata), (128 bytes).
    Removing arm_common_tables.o(.constdata), (256 bytes).
    Removing arm_common_tables.o(.constdata), (40 bytes).
    Removing arm_common_tables.o(.constdata), (96 bytes).
    Removing arm_common_tables.o(.constdata), (112 bytes).
    Removing arm_common_tables.o(.constdata), (416 bytes).
    Removing arm_common_tables.o(.constdata), (880 bytes).
    Removing arm_common_tables.o(.constdata), (896 bytes).
    Removing arm_common_tables.o(.constdata), (3600 bytes).
    Removing arm_common_tables.o(.constdata), (7616 bytes).
    Removing arm_common_tables.o(.constdata), (8064 bytes).
    Removing arm_common_tables.o(.constdata), (24 bytes).
    Removing arm_common_tables.o(.constdata), (48 bytes).
    Removing arm_common_tables.o(.constdata), (112 bytes).
    Removing arm_common_tables.o(.constdata), (224 bytes).
    Removing arm_common_tables.o(.constdata), (480 bytes).
    Removing arm_common_tables.o(.constdata), (960 bytes).
    Removing arm_common_tables.o(.constdata), (1984 bytes).
    Removing arm_common_tables.o(.constdata), (3968 bytes).
    Removing arm_common_tables.o(.constdata), (8064 bytes).
    Removing arm_common_tables.o(.constdata), (128 bytes).
    Removing arm_common_tables.o(.constdata), (256 bytes).
    Removing arm_common_tables.o(.constdata), (512 bytes).
    Removing arm_common_tables.o(.constdata), (1024 bytes).
    Removing arm_common_tables.o(.constdata), (2048 bytes).
    Removing arm_common_tables.o(.constdata), (4096 bytes).
    Removing arm_common_tables.o(.constdata), (8192 bytes).
    Removing arm_common_tables.o(.constdata), (16384 bytes).
    Removing arm_common_tables.o(.constdata), (2052 bytes).
    Removing arm_common_tables.o(.constdata), (1026 bytes).
    Removing rt_system.o(.emb_text), (0 bytes).
    Removing rt_system.o(i.os_tick_ovf), (16 bytes).
    Removing rt_system.o(i.os_tick_val), (20 bytes).
    Removing rt_system.o(i.rt_resume), (136 bytes).
    Removing rt_system.o(i.rt_suspend), (36 bytes).
    Removing rt_system.o(i.rt_tsk_lock), (80 bytes).
    Removing rt_system.o(i.rt_tsk_unlock), (80 bytes).
    Removing rt_event.o(i.isr_evt_set), (40 bytes).
    Removing rt_event.o(i.rt_evt_clr), (28 bytes).
    Removing rt_event.o(i.rt_evt_get), (12 bytes).
    Removing rt_event.o(i.rt_evt_set), (92 bytes).
    Removing rt_event.o(i.rt_evt_wait), (60 bytes).
    Removing rt_list.o(i.rt_get_same_rdy_prio), (36 bytes).
    Removing rt_mailbox.o(i.rt_mbx_send), (152 bytes).
    Removing rt_semaphore.o(i.isr_sem_send), (16 bytes).
    Removing rt_semaphore.o(i.rt_sem_delete), (92 bytes).
    Removing rt_semaphore.o(i.rt_sem_init), (12 bytes).
    Removing rt_semaphore.o(i.rt_sem_send), (42 bytes).
    Removing rt_semaphore.o(i.rt_sem_wait), (64 bytes).
    Removing rt_time.o(i.rt_itv_set), (24 bytes).
    Removing rt_time.o(i.rt_itv_wait), (40 bytes).
    Removing rt_time.o(i.rt_time_get), (12 bytes).
    Removing rt_membox.o(i._calloc_box), (30 bytes).

233 unused section(s) (total 220536 bytes) removed from the image.

==============================================================================

Image Symbol Table

    Local Symbols

    Symbol Name                              Value     Ov Type        Size  Object(Section)

    ../clib/angel/boardlib.s                 0x00000000   Number         0  boardinit1.o ABSOLUTE
    ../clib/angel/boardlib.s                 0x00000000   Number         0  boardshut.o ABSOLUTE
    ../clib/angel/boardlib.s                 0x00000000   Number         0  boardinit2.o ABSOLUTE
    ../clib/angel/handlers.s                 0x00000000   Number         0  __scatter_zi.o ABSOLUTE
    ../clib/angel/handlers.s                 0x00000000   Number         0  __scatter_copy.o ABSOLUTE
    ../clib/angel/kernel.s                   0x00000000   Number         0  rtexit2.o ABSOLUTE
    ../clib/angel/kernel.s                   0x00000000   Number         0  __rtentry.o ABSOLUTE
    ../clib/angel/kernel.s                   0x00000000   Number         0  rtexit.o ABSOLUTE
    ../clib/angel/kernel.s                   0x00000000   Number         0  __rtentry4.o ABSOLUTE
    ../clib/angel/kernel.s                   0x00000000   Number         0  __rtentry2.o ABSOLUTE
    ../clib/angel/rt.s                       0x00000000   Number         0  rt_div0.o ABSOLUTE
    ../clib/angel/rt.s                       0x00000000   Number         0  aeabi_ldiv0.o ABSOLUTE
    ../clib/angel/rt.s                       0x00000000   Number         0  aeabi_ldiv0_sigfpe.o ABSOLUTE
    ../clib/angel/rt.s                       0x00000000   Number         0  rt_raise.o ABSOLUTE
    ../clib/angel/scatter.s                  0x00000000   Number         0  __scatter.o ABSOLUTE
    ../clib/angel/startup.s                  0x00000000   Number         0  __main.o ABSOLUTE
    ../clib/angel/sys.s                      0x00000000   Number         0  sys_stackheap_outer.o ABSOLUTE
    ../clib/angel/sys.s                      0x00000000   Number         0  indicate_semi.o ABSOLUTE
    ../clib/angel/sys.s                      0x00000000   Number         0  use_no_semi.o ABSOLUTE
    ../clib/angel/sys.s                      0x00000000   Number         0  libspace.o ABSOLUTE
    ../clib/angel/sysapp.c                   0x00000000   Number         0  sys_command.o ABSOLUTE
    ../clib/armsys.c                         0x00000000   Number         0  argv_veneer.o ABSOLUTE
    ../clib/armsys.c                         0x00000000   Number         0  argv_veneer.o ABSOLUTE
    ../clib/armsys.c                         0x00000000   Number         0  _get_argv_nomalloc.o ABSOLUTE
    ../clib/armsys.c                         0x00000000   Number         0  no_argv.o ABSOLUTE
    ../clib/heapalloc.c                      0x00000000   Number         0  hrguard.o ABSOLUTE
    ../clib/heapaux.c                        0x00000000   Number         0  heapauxi.o ABSOLUTE
    ../clib/libinit.s                        0x00000000   Number         0  libshutdown.o ABSOLUTE
    ../clib/libinit.s                        0x00000000   Number         0  libinit2.o ABSOLUTE
    ../clib/libinit.s                        0x00000000   Number         0  libinit.o ABSOLUTE
    ../clib/libinit.s                        0x00000000   Number         0  libshutdown2.o ABSOLUTE
    ../clib/longlong.s                       0x00000000   Number         0  lludivv7m.o ABSOLUTE
    ../clib/signal.c                         0x00000000   Number         0  defsig_general.o ABSOLUTE
    ../clib/signal.c                         0x00000000   Number         0  __raise.o ABSOLUTE
    ../clib/signal.c                         0x00000000   Number         0  defsig_fpe_inner.o ABSOLUTE
    ../clib/signal.c                         0x00000000   Number         0  defsig_fpe_formal.o ABSOLUTE
    ../clib/signal.c                         0x00000000   Number         0  defsig_fpe_outer.o ABSOLUTE
    ../clib/signal.c                         0x00000000   Number         0  defsig_cppl_inner.o ABSOLUTE
    ../clib/signal.c                         0x00000000   Number         0  defsig_abrt_inner.o ABSOLUTE
    ../clib/signal.c                         0x00000000   Number         0  defsig_rtmem_formal.o ABSOLUTE
    ../clib/signal.c                         0x00000000   Number         0  defsig_segv_inner.o ABSOLUTE
    ../clib/signal.c                         0x00000000   Number         0  defsig_other.o ABSOLUTE
    ../clib/signal.c                         0x00000000   Number         0  defsig_rtred_inner.o ABSOLUTE
    ../clib/signal.c                         0x00000000   Number         0  defsig_rtmem_inner.o ABSOLUTE
    ../clib/signal.c                         0x00000000   Number         0  defsig_rtmem_outer.o ABSOLUTE
    ../clib/signal.c                         0x00000000   Number         0  defsig_stak_inner.o ABSOLUTE
    ../clib/signal.c                         0x00000000   Number         0  defsig_exit.o ABSOLUTE
    ../clib/signal.c                         0x00000000   Number         0  defsig_pvfn_inner.o ABSOLUTE
    ../clib/signal.s                         0x00000000   Number         0  defsig.o ABSOLUTE
    ../clib/stdlib.c                         0x00000000   Number         0  exit.o ABSOLUTE
    ../fplib/fpinit.s                        0x00000000   Number         0  fpinit.o ABSOLUTE
    ..\BasicMathFunctions\arm_sub_f32.c      0x00000000   Number         0  arm_sub_f32.o ABSOLUTE
    ..\CommonTables\arm_common_tables.c      0x00000000   Number         0  arm_common_tables.o ABSOLUTE
    ..\DSP\src\basic_math\sub.cpp            0x00000000   Number         0  sub.o ABSOLUTE
    ..\DSP\src\fast_math\cosine.cpp          0x00000000   Number         0  cosine.o ABSOLUTE
    ..\FastMathFunctions\arm_cos_f32.c       0x00000000   Number         0  arm_cos_f32.o ABSOLUTE
    ..\HAL_CM.c                              0x00000000   Number         0  hal_cm.o ABSOLUTE
    ..\HARDWARE\LED\led.cpp                  0x00000000   Number         0  led.o ABSOLUTE
    ..\HARDWARE\Serial\Serial.c              0x00000000   Number         0  serial.o ABSOLUTE
    ..\MYTEST\dsp_test.cpp                   0x00000000   Number         0  dsp_test.o ABSOLUTE
    ..\STARTUP\startup_stm32f401xe.s         0x00000000   Number         0  startup_stm32f401xe.o ABSOLUTE
    ..\STARTUP\system_stm32f4xx.c            0x00000000   Number         0  system_stm32f4xx.o ABSOLUTE
    ..\SYS\sys.cpp                           0x00000000   Number         0  sys.o ABSOLUTE
    ..\SYS\thread_manage.cpp                 0x00000000   Number         0  thread_manage.o ABSOLUTE
    ..\USER\Src\retarget_usart.c             0x00000000   Number         0  retarget_usart.o ABSOLUTE
    ..\\BasicMathFunctions\\arm_sub_f32.c    0x00000000   Number         0  arm_sub_f32.o ABSOLUTE
    ..\\CommonTables\\arm_common_tables.c    0x00000000   Number         0  arm_common_tables.o ABSOLUTE
    ..\\DSP\\src\\basic_math\\sub.cpp        0x00000000   Number         0  sub.o ABSOLUTE
    ..\\DSP\\src\\fast_math\\cosine.cpp      0x00000000   Number         0  cosine.o ABSOLUTE
    ..\\FastMathFunctions\\arm_cos_f32.c     0x00000000   Number         0  arm_cos_f32.o ABSOLUTE
    ..\\HARDWARE\\LED\\led.cpp               0x00000000   Number         0  led.o ABSOLUTE
    ..\\HARDWARE\\Serial\\Serial.c           0x00000000   Number         0  serial.o ABSOLUTE
    ..\\MYTEST\\dsp_test.cpp                 0x00000000   Number         0  dsp_test.o ABSOLUTE
    ..\\STARTUP\\system_stm32f4xx.c          0x00000000   Number         0  system_stm32f4xx.o ABSOLUTE
    ..\\SYS\\sys.cpp                         0x00000000   Number         0  sys.o ABSOLUTE
    ..\\SYS\\thread_manage.cpp               0x00000000   Number         0  thread_manage.o ABSOLUTE
    ..\\rt_CMSIS.c                           0x00000000   Number         0  rt_cmsis.o ABSOLUTE
    ..\\rt_System.c                          0x00000000   Number         0  rt_system.o ABSOLUTE
    ..\rt_CMSIS.c                            0x00000000   Number         0  rt_cmsis.o ABSOLUTE
    ..\rt_Event.c                            0x00000000   Number         0  rt_event.o ABSOLUTE
    ..\rt_List.c                             0x00000000   Number         0  rt_list.o ABSOLUTE
    ..\rt_Mailbox.c                          0x00000000   Number         0  rt_mailbox.o ABSOLUTE
    ..\rt_MemBox.c                           0x00000000   Number         0  rt_membox.o ABSOLUTE
    ..\rt_Memory.c                           0x00000000   Number         0  rt_memory.o ABSOLUTE
    ..\rt_Mutex.c                            0x00000000   Number         0  rt_mutex.o ABSOLUTE
    ..\rt_Robin.c                            0x00000000   Number         0  rt_robin.o ABSOLUTE
    ..\rt_Semaphore.c                        0x00000000   Number         0  rt_semaphore.o ABSOLUTE
    ..\rt_System.c                           0x00000000   Number         0  rt_system.o ABSOLUTE
    ..\rt_Task.c                             0x00000000   Number         0  rt_task.o ABSOLUTE
    ..\rt_Time.c                             0x00000000   Number         0  rt_time.o ABSOLUTE
    HAL_CM4.c                                0x00000000   Number         0  hal_cm4.o ABSOLUTE
    HAL_CM4.c                                0x00000000   Number         0  hal_cm4.o ABSOLUTE
    RTE\CMSIS\RTX_Conf_CM.c                  0x00000000   Number         0  rtx_conf_cm.o ABSOLUTE
    RTE\\CMSIS\\RTX_Conf_CM.c                0x00000000   Number         0  rtx_conf_cm.o ABSOLUTE
    SVC_Table.s                              0x00000000   Number         0  svc_table.o ABSOLUTE
    dc.s                                     0x00000000   Number         0  dc.o ABSOLUTE
    RESET                                    0x08000000   Section      404  startup_stm32f401xe.o(RESET)
    !!!main                                  0x08000194   Section        8  __main.o(!!!main)
    !!!scatter                               0x0800019c   Section       52  __scatter.o(!!!scatter)
    !!handler_copy                           0x080001d0   Section       26  __scatter_copy.o(!!handler_copy)
    !!handler_zi                             0x080001ec   Section       28  __scatter_zi.o(!!handler_zi)
    .ARM.Collect$$libinit$$00000000          0x08000208   Section        2  libinit.o(.ARM.Collect$$libinit$$00000000)
    .ARM.Collect$$libinit$$00000001          0x0800020a   Section        4  libinit2.o(.ARM.Collect$$libinit$$00000001)
    .ARM.Collect$$libinit$$00000004          0x0800020e   Section        0  libinit2.o(.ARM.Collect$$libinit$$00000004)
    .ARM.Collect$$libinit$$0000000A          0x0800020e   Section        0  libinit2.o(.ARM.Collect$$libinit$$0000000A)
    .ARM.Collect$$libinit$$0000000C          0x0800020e   Section        0  libinit2.o(.ARM.Collect$$libinit$$0000000C)
    .ARM.Collect$$libinit$$0000000E          0x0800020e   Section        0  libinit2.o(.ARM.Collect$$libinit$$0000000E)
    .ARM.Collect$$libinit$$00000011          0x0800020e   Section        0  libinit2.o(.ARM.Collect$$libinit$$00000011)
    .ARM.Collect$$libinit$$00000013          0x0800020e   Section        0  libinit2.o(.ARM.Collect$$libinit$$00000013)
    .ARM.Collect$$libinit$$00000015          0x0800020e   Section        0  libinit2.o(.ARM.Collect$$libinit$$00000015)
    .ARM.Collect$$libinit$$00000017          0x0800020e   Section        0  libinit2.o(.ARM.Collect$$libinit$$00000017)
    .ARM.Collect$$libinit$$00000019          0x0800020e   Section        0  libinit2.o(.ARM.Collect$$libinit$$00000019)
    .ARM.Collect$$libinit$$0000001B          0x0800020e   Section        0  libinit2.o(.ARM.Collect$$libinit$$0000001B)
    .ARM.Collect$$libinit$$0000001D          0x0800020e   Section        0  libinit2.o(.ARM.Collect$$libinit$$0000001D)
    .ARM.Collect$$libinit$$0000001F          0x0800020e   Section        0  libinit2.o(.ARM.Collect$$libinit$$0000001F)
    .ARM.Collect$$libinit$$00000021          0x0800020e   Section        0  libinit2.o(.ARM.Collect$$libinit$$00000021)
    .ARM.Collect$$libinit$$00000023          0x0800020e   Section        0  libinit2.o(.ARM.Collect$$libinit$$00000023)
    .ARM.Collect$$libinit$$00000025          0x0800020e   Section        0  libinit2.o(.ARM.Collect$$libinit$$00000025)
    .ARM.Collect$$libinit$$0000002C          0x0800020e   Section        0  libinit2.o(.ARM.Collect$$libinit$$0000002C)
    .ARM.Collect$$libinit$$0000002E          0x0800020e   Section        0  libinit2.o(.ARM.Collect$$libinit$$0000002E)
    .ARM.Collect$$libinit$$00000030          0x0800020e   Section        0  libinit2.o(.ARM.Collect$$libinit$$00000030)
    .ARM.Collect$$libinit$$00000032          0x0800020e   Section        0  libinit2.o(.ARM.Collect$$libinit$$00000032)
    .ARM.Collect$$libinit$$00000033          0x0800020e   Section        2  libinit2.o(.ARM.Collect$$libinit$$00000033)
    .ARM.Collect$$libshutdown$$00000000      0x08000210   Section        2  libshutdown.o(.ARM.Collect$$libshutdown$$00000000)
    .ARM.Collect$$libshutdown$$00000002      0x08000212   Section        0  libshutdown2.o(.ARM.Collect$$libshutdown$$00000002)
    .ARM.Collect$$libshutdown$$00000004      0x08000212   Section        0  libshutdown2.o(.ARM.Collect$$libshutdown$$00000004)
    .ARM.Collect$$libshutdown$$00000007      0x08000212   Section        0  libshutdown2.o(.ARM.Collect$$libshutdown$$00000007)
    .ARM.Collect$$libshutdown$$0000000A      0x08000212   Section        0  libshutdown2.o(.ARM.Collect$$libshutdown$$0000000A)
    .ARM.Collect$$libshutdown$$0000000C      0x08000212   Section        0  libshutdown2.o(.ARM.Collect$$libshutdown$$0000000C)
    .ARM.Collect$$libshutdown$$0000000F      0x08000212   Section        0  libshutdown2.o(.ARM.Collect$$libshutdown$$0000000F)
    .ARM.Collect$$libshutdown$$00000010      0x08000212   Section        2  libshutdown2.o(.ARM.Collect$$libshutdown$$00000010)
    .ARM.Collect$$rtentry$$00000000          0x08000214   Section        0  __rtentry.o(.ARM.Collect$$rtentry$$00000000)
    .ARM.Collect$$rtentry$$00000002          0x08000214   Section        0  __rtentry2.o(.ARM.Collect$$rtentry$$00000002)
    .ARM.Collect$$rtentry$$00000004          0x08000214   Section        6  __rtentry4.o(.ARM.Collect$$rtentry$$00000004)
    .ARM.Collect$$rtentry$$00000009          0x0800021a   Section        0  __rtentry2.o(.ARM.Collect$$rtentry$$00000009)
    .ARM.Collect$$rtentry$$0000000A          0x0800021a   Section        4  __rtentry2.o(.ARM.Collect$$rtentry$$0000000A)
    .ARM.Collect$$rtentry$$0000000B          0x0800021e   Section        8  __rtentry2.o(.ARM.Collect$$rtentry$$0000000B)
    .ARM.Collect$$rtentry$$0000000D          0x08000226   Section        8  __rtentry2.o(.ARM.Collect$$rtentry$$0000000D)
    .ARM.Collect$$rtexit$$00000000           0x0800022e   Section        2  rtexit.o(.ARM.Collect$$rtexit$$00000000)
    .ARM.Collect$$rtexit$$00000002           0x08000230   Section        0  rtexit2.o(.ARM.Collect$$rtexit$$00000002)
    .ARM.Collect$$rtexit$$00000003           0x08000230   Section        4  rtexit2.o(.ARM.Collect$$rtexit$$00000003)
    .ARM.Collect$$rtexit$$00000004           0x08000234   Section        6  rtexit2.o(.ARM.Collect$$rtexit$$00000004)
    .emb_text                                0x0800023c   Section       28  rtx_conf_cm.o(.emb_text)
    $v0                                      0x0800023c   Number         0  rtx_conf_cm.o(.emb_text)
    .emb_text                                0x08000258   Section      408  hal_cm4.o(.emb_text)
    $v0                                      0x08000258   Number         0  hal_cm4.o(.emb_text)
    .text                                    0x080003f0   Section       64  startup_stm32f401xe.o(.text)
    $v0                                      0x080003f0   Number         0  startup_stm32f401xe.o(.text)
    .text                                    0x08000430   Section        0  arm_cos_f32.o(.text)
    .text                                    0x080004a8   Section        8  libspace.o(.text)
    .text                                    0x080004b0   Section        2  use_no_semi.o(.text)
    .text                                    0x080004b2   Section        0  exit.o(.text)
    .text                                    0x080004c4   Section        0  heapauxi.o(.text)
    .text                                    0x080004ca   Section       74  sys_stackheap_outer.o(.text)
    SVC_TABLE                                0x08000514   Section        4  svc_table.o(SVC_TABLE)
    i.SystemInit                             0x08000518   Section        0  system_stm32f4xx.o(i.SystemInit)
    i._Z10led_threadPKv                      0x0800056c   Section        0  led.o(i._Z10led_threadPKv)
    i._Z11Twsa_Threadv                       0x0800058c   Section        0  thread_manage.o(i._Z11Twsa_Threadv)
    i._Z13Led_Initilizev                     0x080005c4   Section        0  led.o(i._Z13Led_Initilizev)
    i._Z13cosine_threadPKv                   0x0800060c   Section        0  cosine.o(i._Z13cosine_threadPKv)
    i._init_box                              0x08000648   Section        0  rt_membox.o(i._init_box)
    i._mutex_acquire                         0x08000690   Section        0  rtx_conf_cm.o(i._mutex_acquire)
    __tagsym$$used                           0x08000691   Number         0  rtx_conf_cm.o(i._mutex_acquire)
    i._mutex_release                         0x080006b0   Section        0  rtx_conf_cm.o(i._mutex_release)
    __tagsym$$used                           0x080006b1   Number         0  rtx_conf_cm.o(i._mutex_release)
    i._sys_exit                              0x080006cc   Section        0  retarget_usart.o(i._sys_exit)
    i.dbg_init                               0x080006d0   Section        0  hal_cm.o(i.dbg_init)
    i.dbg_task_notify                        0x08000700   Section        0  hal_cm.o(i.dbg_task_notify)
    i.dbg_task_switch                        0x08000720   Section        0  hal_cm.o(i.dbg_task_switch)
    i.isrMessageGet                          0x08000730   Section        0  rt_cmsis.o(i.isrMessageGet)
    i.isrMessagePut                          0x0800075a   Section        0  rt_cmsis.o(i.isrMessagePut)
    i.isr_mbx_receive                        0x08000788   Section        0  rt_mailbox.o(i.isr_mbx_receive)
    i.isr_mbx_send                           0x080007da   Section        0  rt_mailbox.o(i.isr_mbx_send)
    i.main                                   0x080007e8   Section        0  dsp_test.o(i.main)
    i.osDelay                                0x080007fc   Section        0  rt_cmsis.o(i.osDelay)
    i.osKernelInitialize                     0x08000814   Section        0  rt_cmsis.o(i.osKernelInitialize)
    i.osKernelStart                          0x08000838   Section        0  rt_cmsis.o(i.osKernelStart)
    i.osMessageGet                           0x080008a4   Section        0  rt_cmsis.o(i.osMessageGet)
    i.osThreadCreate                         0x080008bc   Section        0  rt_cmsis.o(i.osThreadCreate)
    i.osThreadExit                           0x080008ec   Section        0  rt_cmsis.o(i.osThreadExit)
    i.osTimerCall                            0x08000904   Section        0  rt_cmsis.o(i.osTimerCall)
    i.osTimerThread                          0x08000910   Section        0  rt_cmsis.o(i.osTimerThread)
    i.os_error                               0x0800093c   Section        0  rtx_conf_cm.o(i.os_error)
    i.os_idle_demon                          0x0800093e   Section        0  rtx_conf_cm.o(i.os_idle_demon)
    i.os_tick_init                           0x08000944   Section        0  rt_system.o(i.os_tick_init)
    i.os_tick_irqack                         0x0800096c   Section        0  rt_system.o(i.os_tick_irqack)
    i.rt_alloc_box                           0x0800096e   Section        0  rt_membox.o(i.rt_alloc_box)
    i.rt_alloc_mem                           0x08000988   Section        0  rt_memory.o(i.rt_alloc_mem)
    i.rt_block                               0x080009c8   Section        0  rt_task.o(i.rt_block)
    i.rt_chk_robin                           0x08000a00   Section        0  rt_robin.o(i.rt_chk_robin)
    i.rt_dec_dly                             0x08000a48   Section        0  rt_list.o(i.rt_dec_dly)
    i.rt_dispatch                            0x08000ab8   Section        0  rt_task.o(i.rt_dispatch)
    i.rt_dly_wait                            0x08000afc   Section        0  rt_time.o(i.rt_dly_wait)
    i.rt_evt_psh                             0x08000b04   Section        0  rt_event.o(i.rt_evt_psh)
    i.rt_free_box                            0x08000b54   Section        0  rt_membox.o(i.rt_free_box)
    i.rt_free_mem                            0x08000b80   Section        0  rt_memory.o(i.rt_free_mem)
    i.rt_get_first                           0x08000ba8   Section        0  rt_list.o(i.rt_get_first)
    i.rt_id2obj                              0x08000bd0   Section        0  rt_cmsis.o(i.rt_id2obj)
    rt_id2obj                                0x08000bd1   Thumb Code     8  rt_cmsis.o(i.rt_id2obj)
    i.rt_init_context                        0x08000bd8   Section        0  rt_task.o(i.rt_init_context)
    rt_init_context                          0x08000bd9   Thumb Code    66  rt_task.o(i.rt_init_context)
    i.rt_init_mem                            0x08000c20   Section        0  rt_memory.o(i.rt_init_mem)
    i.rt_init_robin                          0x08000c3c   Section        0  rt_robin.o(i.rt_init_robin)
    i.rt_init_stack                          0x08000c54   Section        0  hal_cm.o(i.rt_init_stack)
    i.rt_mbx_check                           0x08000cd4   Section        0  rt_mailbox.o(i.rt_mbx_check)
    i.rt_mbx_init                            0x08000cdc   Section        0  rt_mailbox.o(i.rt_mbx_init)
    i.rt_mbx_psh                             0x08000cf8   Section        0  rt_mailbox.o(i.rt_mbx_psh)
    i.rt_mbx_wait                            0x08000de8   Section        0  rt_mailbox.o(i.rt_mbx_wait)
    i.rt_ms2tick                             0x08000e9c   Section        0  rt_cmsis.o(i.rt_ms2tick)
    rt_ms2tick                               0x08000e9d   Thumb Code    58  rt_cmsis.o(i.rt_ms2tick)
    i.rt_mut_release                         0x08000ee0   Section        0  rt_mutex.o(i.rt_mut_release)
    i.rt_mut_wait                            0x08000fb8   Section        0  rt_mutex.o(i.rt_mut_wait)
    i.rt_pop_req                             0x08001020   Section        0  rt_system.o(i.rt_pop_req)
    i.rt_psh_req                             0x0800109c   Section        0  rt_system.o(i.rt_psh_req)
    i.rt_psq_enq                             0x080010bc   Section        0  rt_list.o(i.rt_psq_enq)
    i.rt_put_dly                             0x08001118   Section        0  rt_list.o(i.rt_put_dly)
    i.rt_put_prio                            0x08001160   Section        0  rt_list.o(i.rt_put_prio)
    i.rt_put_rdy_first                       0x08001198   Section        0  rt_list.o(i.rt_put_rdy_first)
    i.rt_resort_prio                         0x080011ac   Section        0  rt_list.o(i.rt_resort_prio)
    i.rt_ret_regs                            0x080011e0   Section        0  hal_cm.o(i.rt_ret_regs)
    rt_ret_regs                              0x080011e1   Thumb Code    16  hal_cm.o(i.rt_ret_regs)
    i.rt_ret_val                             0x080011f0   Section        0  hal_cm.o(i.rt_ret_val)
    i.rt_ret_val2                            0x080011fc   Section        0  hal_cm.o(i.rt_ret_val2)
    i.rt_rmv_dly                             0x0800120c   Section        0  rt_list.o(i.rt_rmv_dly)
    i.rt_rmv_list                            0x08001234   Section        0  rt_list.o(i.rt_rmv_list)
    i.rt_sem_psh                             0x08001264   Section        0  rt_semaphore.o(i.rt_sem_psh)
    i.rt_stk_check                           0x08001298   Section        0  rt_system.o(i.rt_stk_check)
    i.rt_switch_req                          0x080012bc   Section        0  rt_task.o(i.rt_switch_req)
    i.rt_sys_init                            0x080012e4   Section        0  rt_task.o(i.rt_sys_init)
    i.rt_sys_start                           0x080013b0   Section        0  rt_task.o(i.rt_sys_start)
    i.rt_systick                             0x08001428   Section        0  rt_system.o(i.rt_systick)
    i.rt_tid2ptcb                            0x08001468   Section        0  rt_cmsis.o(i.rt_tid2ptcb)
    rt_tid2ptcb                              0x08001469   Thumb Code    18  rt_cmsis.o(i.rt_tid2ptcb)
    i.rt_timer_insert                        0x0800147c   Section        0  rt_cmsis.o(i.rt_timer_insert)
    rt_timer_insert                          0x0800147d   Thumb Code    48  rt_cmsis.o(i.rt_timer_insert)
    i.rt_tsk_create                          0x080014b0   Section        0  rt_task.o(i.rt_tsk_create)
    i.rt_tsk_delete                          0x08001538   Section        0  rt_task.o(i.rt_tsk_delete)
    i.rt_tsk_prio                            0x080016b4   Section        0  rt_task.o(i.rt_tsk_prio)
    i.rt_tsk_self                            0x08001730   Section        0  rt_task.o(i.rt_tsk_self)
    i.svcDelay                               0x08001740   Section        0  rt_cmsis.o(i.svcDelay)
    i.svcKernelInitialize                    0x08001754   Section        0  rt_cmsis.o(i.svcKernelInitialize)
    i.svcKernelStart                         0x080017c4   Section        0  rt_cmsis.o(i.svcKernelStart)
    i.svcMessageCreate                       0x0800180c   Section        0  rt_cmsis.o(i.svcMessageCreate)
    i.svcMessageGet                          0x08001830   Section        0  rt_cmsis.o(i.svcMessageGet)
    i.svcThreadCreate                        0x0800186c   Section        0  rt_cmsis.o(i.svcThreadCreate)
    i.svcThreadGetId                         0x080018dc   Section        0  rt_cmsis.o(i.svcThreadGetId)
    i.svcThreadTerminate                     0x080018f8   Section        0  rt_cmsis.o(i.svcThreadTerminate)
    i.svcTimerCall                           0x08001930   Section        0  rt_cmsis.o(i.svcTimerCall)
    i.sysTimerTick                           0x08001948   Section        0  rt_cmsis.o(i.sysTimerTick)
    x$fpl$fpinit                             0x080019a4   Section       10  fpinit.o(x$fpl$fpinit)
    $v0                                      0x080019a4   Number         0  fpinit.o(x$fpl$fpinit)
    .constdata                               0x080019b0   Section      128  cosine.o(.constdata)
    testInput_f32                            0x080019b0   Data         128  cosine.o(.constdata)
    .constdata                               0x08001a30   Section       32  thread_manage.o(.constdata)
    .constdata                               0x08001a50   Section        2  rtx_conf_cm.o(.constdata)
    .constdata                               0x08001a54   Section        4  rtx_conf_cm.o(.constdata)
    .constdata                               0x08001a58   Section        4  rtx_conf_cm.o(.constdata)
    .constdata                               0x08001a5c   Section        4  rtx_conf_cm.o(.constdata)
    .constdata                               0x08001a60   Section        1  rtx_conf_cm.o(.constdata)
    .constdata                               0x08001a64   Section       16  rtx_conf_cm.o(.constdata)
    __tagsym$$used                           0x08001a64   Number         0  rtx_conf_cm.o(.constdata)
    __tagsym$$used                           0x08001a68   Number         0  rtx_conf_cm.o(.constdata)
    __tagsym$$used                           0x08001a6c   Number         0  rtx_conf_cm.o(.constdata)
    __tagsym$$used                           0x08001a70   Number         0  rtx_conf_cm.o(.constdata)
    .constdata                               0x08001a74   Section        2  rtx_conf_cm.o(.constdata)
    .constdata                               0x08001a78   Section        4  rtx_conf_cm.o(.constdata)
    .constdata                               0x08001a7c   Section        4  rtx_conf_cm.o(.constdata)
    .constdata                               0x08001a80   Section        1  rtx_conf_cm.o(.constdata)
    .constdata                               0x08001a84   Section       16  rtx_conf_cm.o(.constdata)
    .constdata                               0x08001a94   Section        8  rtx_conf_cm.o(.constdata)
    .constdata                               0x08001a9c   Section        2  rtx_conf_cm.o(.constdata)
    .constdata                               0x08001aa0   Section     2052  arm_common_tables.o(.constdata)
    .data                                    0x20000000   Section        8  cosine.o(.data)
    .data                                    0x20000008   Section        8  thread_manage.o(.data)
    .data                                    0x20000010   Section        4  rtx_conf_cm.o(.data)
    .data                                    0x20000014   Section       16  rtx_conf_cm.o(.data)
    .data                                    0x20000024   Section        4  rtx_conf_cm.o(.data)
    .data                                    0x20000028   Section        4  rtx_conf_cm.o(.data)
    .data                                    0x2000002c   Section        8  rt_cmsis.o(.data)
    .data                                    0x20000034   Section        8  rt_task.o(.data)
    .data                                    0x2000003c   Section        8  rt_system.o(.data)
    os_lock                                  0x2000003c   Data           1  rt_system.o(.data)
    os_psh_flag                              0x2000003d   Data           1  rt_system.o(.data)
    pend_flags                               0x2000003e   Data           1  rt_system.o(.data)
    .data                                    0x20000044   Section        4  rt_time.o(.data)
    .data                                    0x20000048   Section        8  rt_robin.o(.data)
    .data                                    0x20000050   Section        1  hal_cm.o(.data)
    .bss                                     0x20000054   Section       32  rtx_conf_cm.o(.bss)
    .bss                                     0x20000074   Section      376  rtx_conf_cm.o(.bss)
    .bss                                     0x200001f0   Section     1216  rtx_conf_cm.o(.bss)
    .bss                                     0x200006b0   Section     1456  rtx_conf_cm.o(.bss)
    .bss                                     0x20000c60   Section      132  rtx_conf_cm.o(.bss)
    .bss                                     0x20000ce4   Section       28  rtx_conf_cm.o(.bss)
    .bss                                     0x20000d00   Section       52  rt_task.o(.bss)
    .bss                                     0x20000d34   Section       48  rt_list.o(.bss)
    .bss                                     0x20000d64   Section       96  libspace.o(.bss)
    HEAP                                     0x20000dc8   Section      512  startup_stm32f401xe.o(HEAP)
    Heap_Mem                                 0x20000dc8   Data         512  startup_stm32f401xe.o(HEAP)
    STACK                                    0x20000fc8   Section     1024  startup_stm32f401xe.o(STACK)
    Stack_Mem                                0x20000fc8   Data        1024  startup_stm32f401xe.o(STACK)
    __initial_sp                             0x200013c8   Data           0  startup_stm32f401xe.o(STACK)

    Global Symbols

    Symbol Name                              Value     Ov Type        Size  Object(Section)

    BuildAttributes$$THM_ISAv4$E$P$D$K$B$S$7EM$VFPi3$EXTD16$VFPS$VFMA$PE$A:L22UL41UL21$X:L11$S22US41US21$IEEE1$IW$USESV6$~STKCKD$USESV7$~SHL$OTIME$ROPI$IEEEX$EBA8$UX$STANDARDLIB$REQ8$PRES8$EABIv2 0x00000000   Number         0  anon$$obj.o ABSOLUTE
    __ARM_use_no_argv                        0x00000000   Number         0  dsp_test.o ABSOLUTE
    __ARM_exceptions_init                     - Undefined Weak Reference
    __alloca_initialize                       - Undefined Weak Reference
    __arm_preinit_                            - Undefined Weak Reference
    __cpp_initialize__aeabi_                  - Undefined Weak Reference
    __cxa_finalize                            - Undefined Weak Reference
    __rt_locale                               - Undefined Weak Reference
    __sigvec_lookup                           - Undefined Weak Reference
    _atexit_init                              - Undefined Weak Reference
    _call_atexit_fns                          - Undefined Weak Reference
    _clock_init                               - Undefined Weak Reference
    _fp_trap_init                             - Undefined Weak Reference
    _fp_trap_shutdown                         - Undefined Weak Reference
    _get_lc_collate                           - Undefined Weak Reference
    _get_lc_ctype                             - Undefined Weak Reference
    _get_lc_monetary                          - Undefined Weak Reference
    _get_lc_numeric                           - Undefined Weak Reference
    _get_lc_time                              - Undefined Weak Reference
    _getenv_init                              - Undefined Weak Reference
    _handle_redirection                       - Undefined Weak Reference
    _init_alloc                               - Undefined Weak Reference
    _init_user_alloc                          - Undefined Weak Reference
    _initio                                   - Undefined Weak Reference
    _rand_init                                - Undefined Weak Reference
    _signal_finish                            - Undefined Weak Reference
    _signal_init                              - Undefined Weak Reference
    _terminate_alloc                          - Undefined Weak Reference
    _terminate_user_alloc                     - Undefined Weak Reference
    _terminateio                              - Undefined Weak Reference
    __Vectors_Size                           0x00000194   Number         0  startup_stm32f401xe.o ABSOLUTE
    __RL_RTX_VER                             0x00000480   Number         0  rt_system.o ABSOLUTE
    __Vectors                                0x08000000   Data           4  startup_stm32f401xe.o(RESET)
    __Vectors_End                            0x08000194   Data           0  startup_stm32f401xe.o(RESET)
    __main                                   0x08000195   Thumb Code     8  __main.o(!!!main)
    __scatterload                            0x0800019d   Thumb Code     0  __scatter.o(!!!scatter)
    __scatterload_rt2                        0x0800019d   Thumb Code    44  __scatter.o(!!!scatter)
    __scatterload_rt2_thumb_only             0x0800019d   Thumb Code     0  __scatter.o(!!!scatter)
    __scatterload_null                       0x080001ab   Thumb Code     0  __scatter.o(!!!scatter)
    __scatterload_copy                       0x080001d1   Thumb Code    26  __scatter_copy.o(!!handler_copy)
    __scatterload_zeroinit                   0x080001ed   Thumb Code    28  __scatter_zi.o(!!handler_zi)
    __rt_lib_init                            0x08000209   Thumb Code     0  libinit.o(.ARM.Collect$$libinit$$00000000)
    __rt_lib_init_fp_1                       0x0800020b   Thumb Code     0  libinit2.o(.ARM.Collect$$libinit$$00000001)
    __rt_lib_init_alloca_1                   0x0800020f   Thumb Code     0  libinit2.o(.ARM.Collect$$libinit$$0000002E)
    __rt_lib_init_argv_1                     0x0800020f   Thumb Code     0  libinit2.o(.ARM.Collect$$libinit$$0000002C)
    __rt_lib_init_atexit_1                   0x0800020f   Thumb Code     0  libinit2.o(.ARM.Collect$$libinit$$0000001B)
    __rt_lib_init_clock_1                    0x0800020f   Thumb Code     0  libinit2.o(.ARM.Collect$$libinit$$00000021)
    __rt_lib_init_cpp_1                      0x0800020f   Thumb Code     0  libinit2.o(.ARM.Collect$$libinit$$00000032)
    __rt_lib_init_exceptions_1               0x0800020f   Thumb Code     0  libinit2.o(.ARM.Collect$$libinit$$00000030)
    __rt_lib_init_fp_trap_1                  0x0800020f   Thumb Code     0  libinit2.o(.ARM.Collect$$libinit$$0000001F)
    __rt_lib_init_getenv_1                   0x0800020f   Thumb Code     0  libinit2.o(.ARM.Collect$$libinit$$00000023)
    __rt_lib_init_heap_1                     0x0800020f   Thumb Code     0  libinit2.o(.ARM.Collect$$libinit$$0000000A)
    __rt_lib_init_lc_collate_1               0x0800020f   Thumb Code     0  libinit2.o(.ARM.Collect$$libinit$$00000011)
    __rt_lib_init_lc_ctype_1                 0x0800020f   Thumb Code     0  libinit2.o(.ARM.Collect$$libinit$$00000013)
    __rt_lib_init_lc_monetary_1              0x0800020f   Thumb Code     0  libinit2.o(.ARM.Collect$$libinit$$00000015)
    __rt_lib_init_lc_numeric_1               0x0800020f   Thumb Code     0  libinit2.o(.ARM.Collect$$libinit$$00000017)
    __rt_lib_init_lc_time_1                  0x0800020f   Thumb Code     0  libinit2.o(.ARM.Collect$$libinit$$00000019)
    __rt_lib_init_preinit_1                  0x0800020f   Thumb Code     0  libinit2.o(.ARM.Collect$$libinit$$00000004)
    __rt_lib_init_rand_1                     0x0800020f   Thumb Code     0  libinit2.o(.ARM.Collect$$libinit$$0000000E)
    __rt_lib_init_return                     0x0800020f   Thumb Code     0  libinit2.o(.ARM.Collect$$libinit$$00000033)
    __rt_lib_init_signal_1                   0x0800020f   Thumb Code     0  libinit2.o(.ARM.Collect$$libinit$$0000001D)
    __rt_lib_init_stdio_1                    0x0800020f   Thumb Code     0  libinit2.o(.ARM.Collect$$libinit$$00000025)
    __rt_lib_init_user_alloc_1               0x0800020f   Thumb Code     0  libinit2.o(.ARM.Collect$$libinit$$0000000C)
    __rt_lib_shutdown                        0x08000211   Thumb Code     0  libshutdown.o(.ARM.Collect$$libshutdown$$00000000)
    __rt_lib_shutdown_cpp_1                  0x08000213   Thumb Code     0  libshutdown2.o(.ARM.Collect$$libshutdown$$00000002)
    __rt_lib_shutdown_fp_trap_1              0x08000213   Thumb Code     0  libshutdown2.o(.ARM.Collect$$libshutdown$$00000007)
    __rt_lib_shutdown_heap_1                 0x08000213   Thumb Code     0  libshutdown2.o(.ARM.Collect$$libshutdown$$0000000F)
    __rt_lib_shutdown_return                 0x08000213   Thumb Code     0  libshutdown2.o(.ARM.Collect$$libshutdown$$00000010)
    __rt_lib_shutdown_signal_1               0x08000213   Thumb Code     0  libshutdown2.o(.ARM.Collect$$libshutdown$$0000000A)
    __rt_lib_shutdown_stdio_1                0x08000213   Thumb Code     0  libshutdown2.o(.ARM.Collect$$libshutdown$$00000004)
    __rt_lib_shutdown_user_alloc_1           0x08000213   Thumb Code     0  libshutdown2.o(.ARM.Collect$$libshutdown$$0000000C)
    __rt_entry                               0x08000215   Thumb Code     0  __rtentry.o(.ARM.Collect$$rtentry$$00000000)
    __rt_entry_presh_1                       0x08000215   Thumb Code     0  __rtentry2.o(.ARM.Collect$$rtentry$$00000002)
    __rt_entry_sh                            0x08000215   Thumb Code     0  __rtentry4.o(.ARM.Collect$$rtentry$$00000004)
    __rt_entry_li                            0x0800021b   Thumb Code     0  __rtentry2.o(.ARM.Collect$$rtentry$$0000000A)
    __rt_entry_postsh_1                      0x0800021b   Thumb Code     0  __rtentry2.o(.ARM.Collect$$rtentry$$00000009)
    __rt_entry_postli_1                      0x0800021f   Thumb Code     0  __rtentry2.o(.ARM.Collect$$rtentry$$0000000B)
    __rt_entry_main                          0x08000227   Thumb Code     0  __rtentry2.o(.ARM.Collect$$rtentry$$0000000D)
    __rt_exit                                0x0800022f   Thumb Code     0  rtexit.o(.ARM.Collect$$rtexit$$00000000)
    __rt_exit_ls                             0x08000231   Thumb Code     0  rtexit2.o(.ARM.Collect$$rtexit$$00000003)
    __rt_exit_prels_1                        0x08000231   Thumb Code     0  rtexit2.o(.ARM.Collect$$rtexit$$00000002)
    __rt_exit_exit                           0x08000235   Thumb Code     0  rtexit2.o(.ARM.Collect$$rtexit$$00000004)
    _platform_post_lib_init                  0x0800023d   Thumb Code    24  rtx_conf_cm.o(.emb_text)
    rt_set_PSP                               0x08000259   Thumb Code     6  hal_cm4.o(.emb_text)
    rt_get_PSP                               0x0800025f   Thumb Code     6  hal_cm4.o(.emb_text)
    os_set_env                               0x08000265   Thumb Code    24  hal_cm4.o(.emb_text)
    _alloc_box                               0x08000281   Thumb Code    28  hal_cm4.o(.emb_text)
    _free_box                                0x080002a1   Thumb Code    28  hal_cm4.o(.emb_text)
    SVC_Handler                              0x080002c1   Thumb Code   168  hal_cm4.o(.emb_text)
    PendSV_Handler                           0x08000379   Thumb Code    96  hal_cm4.o(.emb_text)
    SysTick_Handler                          0x080003dd   Thumb Code     8  hal_cm4.o(.emb_text)
    OS_Tick_Handler                          0x080003e5   Thumb Code    12  hal_cm4.o(.emb_text)
    Reset_Handler                            0x080003f1   Thumb Code     8  startup_stm32f401xe.o(.text)
    NMI_Handler                              0x080003f9   Thumb Code     2  startup_stm32f401xe.o(.text)
    HardFault_Handler                        0x080003fb   Thumb Code     2  startup_stm32f401xe.o(.text)
    MemManage_Handler                        0x080003fd   Thumb Code     2  startup_stm32f401xe.o(.text)
    BusFault_Handler                         0x080003ff   Thumb Code     2  startup_stm32f401xe.o(.text)
    UsageFault_Handler                       0x08000401   Thumb Code     2  startup_stm32f401xe.o(.text)
    DebugMon_Handler                         0x08000405   Thumb Code     2  startup_stm32f401xe.o(.text)
    ADC_IRQHandler                           0x0800040b   Thumb Code     0  startup_stm32f401xe.o(.text)
    DMA1_Stream0_IRQHandler                  0x0800040b   Thumb Code     0  startup_stm32f401xe.o(.text)
    DMA1_Stream1_IRQHandler                  0x0800040b   Thumb Code     0  startup_stm32f401xe.o(.text)
    DMA1_Stream2_IRQHandler                  0x0800040b   Thumb Code     0  startup_stm32f401xe.o(.text)
    DMA1_Stream3_IRQHandler                  0x0800040b   Thumb Code     0  startup_stm32f401xe.o(.text)
    DMA1_Stream4_IRQHandler                  0x0800040b   Thumb Code     0  startup_stm32f401xe.o(.text)
    DMA1_Stream5_IRQHandler                  0x0800040b   Thumb Code     0  startup_stm32f401xe.o(.text)
    DMA1_Stream6_IRQHandler                  0x0800040b   Thumb Code     0  startup_stm32f401xe.o(.text)
    DMA1_Stream7_IRQHandler                  0x0800040b   Thumb Code     0  startup_stm32f401xe.o(.text)
    DMA2_Stream0_IRQHandler                  0x0800040b   Thumb Code     0  startup_stm32f401xe.o(.text)
    DMA2_Stream1_IRQHandler                  0x0800040b   Thumb Code     0  startup_stm32f401xe.o(.text)
    DMA2_Stream2_IRQHandler                  0x0800040b   Thumb Code     0  startup_stm32f401xe.o(.text)
    DMA2_Stream3_IRQHandler                  0x0800040b   Thumb Code     0  startup_stm32f401xe.o(.text)
    DMA2_Stream4_IRQHandler                  0x0800040b   Thumb Code     0  startup_stm32f401xe.o(.text)
    DMA2_Stream5_IRQHandler                  0x0800040b   Thumb Code     0  startup_stm32f401xe.o(.text)
    DMA2_Stream6_IRQHandler                  0x0800040b   Thumb Code     0  startup_stm32f401xe.o(.text)
    DMA2_Stream7_IRQHandler                  0x0800040b   Thumb Code     0  startup_stm32f401xe.o(.text)
    EXTI0_IRQHandler                         0x0800040b   Thumb Code     0  startup_stm32f401xe.o(.text)
    EXTI15_10_IRQHandler                     0x0800040b   Thumb Code     0  startup_stm32f401xe.o(.text)
    EXTI1_IRQHandler                         0x0800040b   Thumb Code     0  startup_stm32f401xe.o(.text)
    EXTI2_IRQHandler                         0x0800040b   Thumb Code     0  startup_stm32f401xe.o(.text)
    EXTI3_IRQHandler                         0x0800040b   Thumb Code     0  startup_stm32f401xe.o(.text)
    EXTI4_IRQHandler                         0x0800040b   Thumb Code     0  startup_stm32f401xe.o(.text)
    EXTI9_5_IRQHandler                       0x0800040b   Thumb Code     0  startup_stm32f401xe.o(.text)
    FLASH_IRQHandler                         0x0800040b   Thumb Code     0  startup_stm32f401xe.o(.text)
    FPU_IRQHandler                           0x0800040b   Thumb Code     0  startup_stm32f401xe.o(.text)
    I2C1_ER_IRQHandler                       0x0800040b   Thumb Code     0  startup_stm32f401xe.o(.text)
    I2C1_EV_IRQHandler                       0x0800040b   Thumb Code     0  startup_stm32f401xe.o(.text)
    I2C2_ER_IRQHandler                       0x0800040b   Thumb Code     0  startup_stm32f401xe.o(.text)
    I2C2_EV_IRQHandler                       0x0800040b   Thumb Code     0  startup_stm32f401xe.o(.text)
    I2C3_ER_IRQHandler                       0x0800040b   Thumb Code     0  startup_stm32f401xe.o(.text)
    I2C3_EV_IRQHandler                       0x0800040b   Thumb Code     0  startup_stm32f401xe.o(.text)
    OTG_FS_IRQHandler                        0x0800040b   Thumb Code     0  startup_stm32f401xe.o(.text)
    OTG_FS_WKUP_IRQHandler                   0x0800040b   Thumb Code     0  startup_stm32f401xe.o(.text)
    PVD_IRQHandler                           0x0800040b   Thumb Code     0  startup_stm32f401xe.o(.text)
    RCC_IRQHandler                           0x0800040b   Thumb Code     0  startup_stm32f401xe.o(.text)
    RTC_Alarm_IRQHandler                     0x0800040b   Thumb Code     0  startup_stm32f401xe.o(.text)
    RTC_WKUP_IRQHandler                      0x0800040b   Thumb Code     0  startup_stm32f401xe.o(.text)
    SDIO_IRQHandler                          0x0800040b   Thumb Code     0  startup_stm32f401xe.o(.text)
    SPI1_IRQHandler                          0x0800040b   Thumb Code     0  startup_stm32f401xe.o(.text)
    SPI2_IRQHandler                          0x0800040b   Thumb Code     0  startup_stm32f401xe.o(.text)
    SPI3_IRQHandler                          0x0800040b   Thumb Code     0  startup_stm32f401xe.o(.text)
    SPI4_IRQHandler                          0x0800040b   Thumb Code     0  startup_stm32f401xe.o(.text)
    TAMP_STAMP_IRQHandler                    0x0800040b   Thumb Code     0  startup_stm32f401xe.o(.text)
    TIM1_BRK_TIM9_IRQHandler                 0x0800040b   Thumb Code     0  startup_stm32f401xe.o(.text)
    TIM1_CC_IRQHandler                       0x0800040b   Thumb Code     0  startup_stm32f401xe.o(.text)
    TIM1_TRG_COM_TIM11_IRQHandler            0x0800040b   Thumb Code     0  startup_stm32f401xe.o(.text)
    TIM1_UP_TIM10_IRQHandler                 0x0800040b   Thumb Code     0  startup_stm32f401xe.o(.text)
    TIM2_IRQHandler                          0x0800040b   Thumb Code     0  startup_stm32f401xe.o(.text)
    TIM3_IRQHandler                          0x0800040b   Thumb Code     0  startup_stm32f401xe.o(.text)
    TIM4_IRQHandler                          0x0800040b   Thumb Code     0  startup_stm32f401xe.o(.text)
    TIM5_IRQHandler                          0x0800040b   Thumb Code     0  startup_stm32f401xe.o(.text)
    USART1_IRQHandler                        0x0800040b   Thumb Code     0  startup_stm32f401xe.o(.text)
    USART2_IRQHandler                        0x0800040b   Thumb Code     0  startup_stm32f401xe.o(.text)
    USART6_IRQHandler                        0x0800040b   Thumb Code     0  startup_stm32f401xe.o(.text)
    WWDG_IRQHandler                          0x0800040b   Thumb Code     0  startup_stm32f401xe.o(.text)
    __user_initial_stackheap                 0x0800040d   Thumb Code     0  startup_stm32f401xe.o(.text)
    arm_cos_f32                              0x08000431   Thumb Code   108  arm_cos_f32.o(.text)
    __user_libspace                          0x080004a9   Thumb Code     8  libspace.o(.text)
    __user_perproc_libspace                  0x080004a9   Thumb Code     0  libspace.o(.text)
    __I$use$semihosting                      0x080004b1   Thumb Code     0  use_no_semi.o(.text)
    __use_no_semihosting_swi                 0x080004b1   Thumb Code     2  use_no_semi.o(.text)
    exit                                     0x080004b3   Thumb Code    18  exit.o(.text)
    __use_two_region_memory                  0x080004c5   Thumb Code     2  heapauxi.o(.text)
    __rt_heap_escrow$2region                 0x080004c7   Thumb Code     2  heapauxi.o(.text)
    __rt_heap_expand$2region                 0x080004c9   Thumb Code     2  heapauxi.o(.text)
    __user_setup_stackheap                   0x080004cb   Thumb Code    74  sys_stackheap_outer.o(.text)
    SVC_Count                                0x08000514   Data           4  svc_table.o(SVC_TABLE)
    SVC_Table                                0x08000518   Data           0  svc_table.o(SVC_TABLE)
    SystemInit                               0x08000519   Thumb Code    66  system_stm32f4xx.o(i.SystemInit)
    led_thread(const void*)                  0x0800056d   Thumb Code    28  led.o(i._Z10led_threadPKv)
    Twsa_Thread()                            0x0800058d   Thumb Code    48  thread_manage.o(i._Z11Twsa_Threadv)
    Led_Initilize()                          0x080005c5   Thumb Code    64  led.o(i._Z13Led_Initilizev)
    cosine_thread(const void*)               0x0800060d   Thumb Code    50  cosine.o(i._Z13cosine_threadPKv)
    _init_box                                0x08000649   Thumb Code    70  rt_membox.o(i._init_box)
    _mutex_acquire                           0x08000691   Thumb Code    22  rtx_conf_cm.o(i._mutex_acquire)
    _mutex_release                           0x080006b1   Thumb Code    18  rtx_conf_cm.o(i._mutex_release)
    _sys_exit                                0x080006cd   Thumb Code     2  retarget_usart.o(i._sys_exit)
    dbg_init                                 0x080006d1   Thumb Code    34  hal_cm.o(i.dbg_init)
    dbg_task_notify                          0x08000701   Thumb Code    32  hal_cm.o(i.dbg_task_notify)
    dbg_task_switch                          0x08000721   Thumb Code    16  hal_cm.o(i.dbg_task_switch)
    isrMessageGet                            0x08000731   Thumb Code    42  rt_cmsis.o(i.isrMessageGet)
    isrMessagePut                            0x0800075b   Thumb Code    44  rt_cmsis.o(i.isrMessagePut)
    isr_mbx_receive                          0x08000789   Thumb Code    82  rt_mailbox.o(i.isr_mbx_receive)
    isr_mbx_send                             0x080007db   Thumb Code    14  rt_mailbox.o(i.isr_mbx_send)
    main                                     0x080007e9   Thumb Code    18  dsp_test.o(i.main)
    osDelay                                  0x080007fd   Thumb Code    18  rt_cmsis.o(i.osDelay)
    osKernelInitialize                       0x08000815   Thumb Code    30  rt_cmsis.o(i.osKernelInitialize)
    osKernelStart                            0x08000839   Thumb Code    98  rt_cmsis.o(i.osKernelStart)
    osMessageGet                             0x080008a5   Thumb Code    18  rt_cmsis.o(i.osMessageGet)
    osThreadCreate                           0x080008bd   Thumb Code    38  rt_cmsis.o(i.osThreadCreate)
    osThreadExit                             0x080008ed   Thumb Code    14  rt_cmsis.o(i.osThreadExit)
    osTimerCall                              0x08000905   Thumb Code     8  rt_cmsis.o(i.osTimerCall)
    osTimerThread                            0x08000911   Thumb Code    38  rt_cmsis.o(i.osTimerThread)
    os_error                                 0x0800093d   Thumb Code     2  rtx_conf_cm.o(i.os_error)
    os_idle_demon                            0x0800093f   Thumb Code     4  rtx_conf_cm.o(i.os_idle_demon)
    os_tick_init                             0x08000945   Thumb Code    32  rt_system.o(i.os_tick_init)
    os_tick_irqack                           0x0800096d   Thumb Code     2  rt_system.o(i.os_tick_irqack)
    rt_alloc_box                             0x0800096f   Thumb Code    26  rt_membox.o(i.rt_alloc_box)
    rt_alloc_mem                             0x08000989   Thumb Code    62  rt_memory.o(i.rt_alloc_mem)
    rt_block                                 0x080009c9   Thumb Code    48  rt_task.o(i.rt_block)
    rt_chk_robin                             0x08000a01   Thumb Code    60  rt_robin.o(i.rt_chk_robin)
    rt_dec_dly                               0x08000a49   Thumb Code   102  rt_list.o(i.rt_dec_dly)
    rt_dispatch                              0x08000ab9   Thumb Code    60  rt_task.o(i.rt_dispatch)
    rt_dly_wait                              0x08000afd   Thumb Code     6  rt_time.o(i.rt_dly_wait)
    rt_evt_psh                               0x08000b05   Thumb Code    76  rt_event.o(i.rt_evt_psh)
    rt_free_box                              0x08000b55   Thumb Code    44  rt_membox.o(i.rt_free_box)
    rt_free_mem                              0x08000b81   Thumb Code    40  rt_memory.o(i.rt_free_mem)
    rt_get_first                             0x08000ba9   Thumb Code    40  rt_list.o(i.rt_get_first)
    rt_init_mem                              0x08000c21   Thumb Code    26  rt_memory.o(i.rt_init_mem)
    rt_init_robin                            0x08000c3d   Thumb Code    14  rt_robin.o(i.rt_init_robin)
    rt_init_stack                            0x08000c55   Thumb Code   118  hal_cm.o(i.rt_init_stack)
    rt_mbx_check                             0x08000cd5   Thumb Code     8  rt_mailbox.o(i.rt_mbx_check)
    rt_mbx_init                              0x08000cdd   Thumb Code    26  rt_mailbox.o(i.rt_mbx_init)
    rt_mbx_psh                               0x08000cf9   Thumb Code   236  rt_mailbox.o(i.rt_mbx_psh)
    rt_mbx_wait                              0x08000de9   Thumb Code   174  rt_mailbox.o(i.rt_mbx_wait)
    rt_mut_release                           0x08000ee1   Thumb Code   208  rt_mutex.o(i.rt_mut_release)
    rt_mut_wait                              0x08000fb9   Thumb Code   100  rt_mutex.o(i.rt_mut_wait)
    rt_pop_req                               0x08001021   Thumb Code   112  rt_system.o(i.rt_pop_req)
    rt_psh_req                               0x0800109d   Thumb Code    22  rt_system.o(i.rt_psh_req)
    rt_psq_enq                               0x080010bd   Thumb Code    88  rt_list.o(i.rt_psq_enq)
    rt_put_dly                               0x08001119   Thumb Code    68  rt_list.o(i.rt_put_dly)
    rt_put_prio                              0x08001161   Thumb Code    54  rt_list.o(i.rt_put_prio)
    rt_put_rdy_first                         0x08001199   Thumb Code    14  rt_list.o(i.rt_put_rdy_first)
    rt_resort_prio                           0x080011ad   Thumb Code    46  rt_list.o(i.rt_resort_prio)
    rt_ret_val                               0x080011f1   Thumb Code    12  hal_cm.o(i.rt_ret_val)
    rt_ret_val2                              0x080011fd   Thumb Code    16  hal_cm.o(i.rt_ret_val2)
    rt_rmv_dly                               0x0800120d   Thumb Code    40  rt_list.o(i.rt_rmv_dly)
    rt_rmv_list                              0x08001235   Thumb Code    44  rt_list.o(i.rt_rmv_list)
    rt_sem_psh                               0x08001265   Thumb Code    48  rt_semaphore.o(i.rt_sem_psh)
    rt_stk_check                             0x08001299   Thumb Code    28  rt_system.o(i.rt_stk_check)
    rt_switch_req                            0x080012bd   Thumb Code    30  rt_task.o(i.rt_switch_req)
    rt_sys_init                              0x080012e5   Thumb Code   138  rt_task.o(i.rt_sys_init)
    rt_sys_start                             0x080013b1   Thumb Code   110  rt_task.o(i.rt_sys_start)
    rt_systick                               0x08001429   Thumb Code    50  rt_system.o(i.rt_systick)
    rt_tsk_create                            0x080014b1   Thumb Code   118  rt_task.o(i.rt_tsk_create)
    rt_tsk_delete                            0x08001539   Thumb Code   352  rt_task.o(i.rt_tsk_delete)
    rt_tsk_prio                              0x080016b5   Thumb Code   108  rt_task.o(i.rt_tsk_prio)
    rt_tsk_self                              0x08001731   Thumb Code    12  rt_task.o(i.rt_tsk_self)
    svcDelay                                 0x08001741   Thumb Code    18  rt_cmsis.o(i.svcDelay)
    svcKernelInitialize                      0x08001755   Thumb Code    80  rt_cmsis.o(i.svcKernelInitialize)
    svcKernelStart                           0x080017c5   Thumb Code    62  rt_cmsis.o(i.svcKernelStart)
    svcMessageCreate                         0x0800180d   Thumb Code    36  rt_cmsis.o(i.svcMessageCreate)
    svcMessageGet                            0x08001831   Thumb Code    58  rt_cmsis.o(i.svcMessageGet)
    svcThreadCreate                          0x0800186d   Thumb Code   100  rt_cmsis.o(i.svcThreadCreate)
    svcThreadGetId                           0x080018dd   Thumb Code    22  rt_cmsis.o(i.svcThreadGetId)
    svcThreadTerminate                       0x080018f9   Thumb Code    50  rt_cmsis.o(i.svcThreadTerminate)
    svcTimerCall                             0x08001931   Thumb Code    24  rt_cmsis.o(i.svcTimerCall)
    sysTimerTick                             0x08001949   Thumb Code    84  rt_cmsis.o(i.sysTimerTick)
    _fp_init                                 0x080019a5   Thumb Code    10  fpinit.o(x$fpl$fpinit)
    __fplib_config_fpu_vfp                   0x080019ad   Thumb Code     0  fpinit.o(x$fpl$fpinit)
    __fplib_config_pureend_doubles           0x080019ad   Thumb Code     0  fpinit.o(x$fpl$fpinit)
    os_maxtaskrun                            0x08001a50   Data           2  rtx_conf_cm.o(.constdata)
    os_stackinfo                             0x08001a54   Data           4  rtx_conf_cm.o(.constdata)
    os_rrobin                                0x08001a58   Data           4  rtx_conf_cm.o(.constdata)
    os_trv                                   0x08001a5c   Data           4  rtx_conf_cm.o(.constdata)
    os_flags                                 0x08001a60   Data           1  rtx_conf_cm.o(.constdata)
    CMSIS_RTOS_API_Version                   0x08001a64   Data           4  rtx_conf_cm.o(.constdata)
    CMSIS_RTOS_RTX_Version                   0x08001a68   Data           4  rtx_conf_cm.o(.constdata)
    os_clockrate                             0x08001a6c   Data           4  rtx_conf_cm.o(.constdata)
    os_timernum                              0x08001a70   Data           4  rtx_conf_cm.o(.constdata)
    mp_tcb_size                              0x08001a74   Data           2  rtx_conf_cm.o(.constdata)
    mp_stk_size                              0x08001a78   Data           4  rtx_conf_cm.o(.constdata)
    os_stack_sz                              0x08001a7c   Data           4  rtx_conf_cm.o(.constdata)
    os_fifo_size                             0x08001a80   Data           1  rtx_conf_cm.o(.constdata)
    os_thread_def_osTimerThread              0x08001a84   Data          16  rtx_conf_cm.o(.constdata)
    os_messageQ_def_osTimerMessageQ          0x08001a94   Data           8  rtx_conf_cm.o(.constdata)
    mp_tmr_size                              0x08001a9c   Data           2  rtx_conf_cm.o(.constdata)
    sinTable_f32                             0x08001aa0   Data        2052  arm_common_tables.o(.constdata)
    Region$$Table$$Base                      0x080022a4   Number         0  anon$$obj.o(Region$$Table)
    Region$$Table$$Limit                     0x080022c4   Number         0  anon$$obj.o(Region$$Table)
    cosine_tmp                               0x20000000   Data           4  cosine.o(.data)
    cosine_i                                 0x20000004   Data           4  cosine.o(.data)
    led_ID                                   0x20000008   Data           4  thread_manage.o(.data)
    add_ID                                   0x2000000c   Data           4  thread_manage.o(.data)
    m_tmr                                    0x20000010   Data           4  rtx_conf_cm.o(.data)
    os_thread_def_main                       0x20000014   Data          16  rtx_conf_cm.o(.data)
    osThreadId_osTimerThread                 0x20000024   Data           4  rtx_conf_cm.o(.data)
    osMessageQId_osTimerMessageQ             0x20000028   Data           4  rtx_conf_cm.o(.data)
    os_initialized                           0x2000002c   Data           1  rt_cmsis.o(.data)
    os_running                               0x2000002d   Data           1  rt_cmsis.o(.data)
    os_timer_head                            0x20000030   Data           4  rt_cmsis.o(.data)
    os_tsk                                   0x20000034   Data           8  rt_task.o(.data)
    os_tick_irqn                             0x20000040   Data           4  rt_system.o(.data)
    os_time                                  0x20000044   Data           4  rt_time.o(.data)
    os_robin                                 0x20000048   Data           8  rt_robin.o(.data)
    dbg_msg                                  0x20000050   Data           1  hal_cm.o(.data)
    os_messageQ_q_osTimerMessageQ            0x20000054   Data          32  rtx_conf_cm.o(.bss)
    mp_tcb                                   0x20000074   Data         376  rtx_conf_cm.o(.bss)
    mp_stk                                   0x200001f0   Data        1216  rtx_conf_cm.o(.bss)
    os_stack_mem                             0x200006b0   Data        1456  rtx_conf_cm.o(.bss)
    os_fifo                                  0x20000c60   Data         132  rtx_conf_cm.o(.bss)
    os_active_TCB                            0x20000ce4   Data          28  rtx_conf_cm.o(.bss)
    os_idle_TCB                              0x20000d00   Data          52  rt_task.o(.bss)
    os_rdy                                   0x20000d34   Data          24  rt_list.o(.bss)
    os_dly                                   0x20000d4c   Data          24  rt_list.o(.bss)
    __libspace_start                         0x20000d64   Data          96  libspace.o(.bss)
    __temporary_stack_top$libspace           0x20000dc4   Data           0  libspace.o(.bss)



==============================================================================

Memory Map of the image

  Image Entry point : 0x08000195

  Load Region LR_IROM1 (Base: 0x08000000, Size: 0x00002318, Max: 0x00080000, ABSOLUTE)

    Execution Region ER_IROM1 (Base: 0x08000000, Size: 0x000022c4, Max: 0x00080000, ABSOLUTE)

    Base Addr    Size         Type   Attr      Idx    E Section Name        Object

    0x08000000   0x00000194   Data   RO          246    RESET               startup_stm32f401xe.o
    0x08000194   0x00000008   Code   RO         2431  * !!!main             c_w.l(__main.o)
    0x0800019c   0x00000034   Code   RO         2586    !!!scatter          c_w.l(__scatter.o)
    0x080001d0   0x0000001a   Code   RO         2588    !!handler_copy      c_w.l(__scatter_copy.o)
    0x080001ea   0x00000002   PAD
    0x080001ec   0x0000001c   Code   RO         2590    !!handler_zi        c_w.l(__scatter_zi.o)
    0x08000208   0x00000002   Code   RO         2476    .ARM.Collect$$libinit$$00000000  c_w.l(libinit.o)
    0x0800020a   0x00000004   Code   RO         2484    .ARM.Collect$$libinit$$00000001  c_w.l(libinit2.o)
    0x0800020e   0x00000000   Code   RO         2487    .ARM.Collect$$libinit$$00000004  c_w.l(libinit2.o)
    0x0800020e   0x00000000   Code   RO         2490    .ARM.Collect$$libinit$$0000000A  c_w.l(libinit2.o)
    0x0800020e   0x00000000   Code   RO         2492    .ARM.Collect$$libinit$$0000000C  c_w.l(libinit2.o)
    0x0800020e   0x00000000   Code   RO         2494    .ARM.Collect$$libinit$$0000000E  c_w.l(libinit2.o)
    0x0800020e   0x00000000   Code   RO         2497    .ARM.Collect$$libinit$$00000011  c_w.l(libinit2.o)
    0x0800020e   0x00000000   Code   RO         2499    .ARM.Collect$$libinit$$00000013  c_w.l(libinit2.o)
    0x0800020e   0x00000000   Code   RO         2501    .ARM.Collect$$libinit$$00000015  c_w.l(libinit2.o)
    0x0800020e   0x00000000   Code   RO         2503    .ARM.Collect$$libinit$$00000017  c_w.l(libinit2.o)
    0x0800020e   0x00000000   Code   RO         2505    .ARM.Collect$$libinit$$00000019  c_w.l(libinit2.o)
    0x0800020e   0x00000000   Code   RO         2507    .ARM.Collect$$libinit$$0000001B  c_w.l(libinit2.o)
    0x0800020e   0x00000000   Code   RO         2509    .ARM.Collect$$libinit$$0000001D  c_w.l(libinit2.o)
    0x0800020e   0x00000000   Code   RO         2511    .ARM.Collect$$libinit$$0000001F  c_w.l(libinit2.o)
    0x0800020e   0x00000000   Code   RO         2513    .ARM.Collect$$libinit$$00000021  c_w.l(libinit2.o)
    0x0800020e   0x00000000   Code   RO         2515    .ARM.Collect$$libinit$$00000023  c_w.l(libinit2.o)
    0x0800020e   0x00000000   Code   RO         2517    .ARM.Collect$$libinit$$00000025  c_w.l(libinit2.o)
    0x0800020e   0x00000000   Code   RO         2521    .ARM.Collect$$libinit$$0000002C  c_w.l(libinit2.o)
    0x0800020e   0x00000000   Code   RO         2523    .ARM.Collect$$libinit$$0000002E  c_w.l(libinit2.o)
    0x0800020e   0x00000000   Code   RO         2525    .ARM.Collect$$libinit$$00000030  c_w.l(libinit2.o)
    0x0800020e   0x00000000   Code   RO         2527    .ARM.Collect$$libinit$$00000032  c_w.l(libinit2.o)
    0x0800020e   0x00000002   Code   RO         2528    .ARM.Collect$$libinit$$00000033  c_w.l(libinit2.o)
    0x08000210   0x00000002   Code   RO         2477    .ARM.Collect$$libshutdown$$00000000  c_w.l(libshutdown.o)
    0x08000212   0x00000000   Code   RO         2530    .ARM.Collect$$libshutdown$$00000002  c_w.l(libshutdown2.o)
    0x08000212   0x00000000   Code   RO         2532    .ARM.Collect$$libshutdown$$00000004  c_w.l(libshutdown2.o)
    0x08000212   0x00000000   Code   RO         2535    .ARM.Collect$$libshutdown$$00000007  c_w.l(libshutdown2.o)
    0x08000212   0x00000000   Code   RO         2538    .ARM.Collect$$libshutdown$$0000000A  c_w.l(libshutdown2.o)
    0x08000212   0x00000000   Code   RO         2540    .ARM.Collect$$libshutdown$$0000000C  c_w.l(libshutdown2.o)
    0x08000212   0x00000000   Code   RO         2543    .ARM.Collect$$libshutdown$$0000000F  c_w.l(libshutdown2.o)
    0x08000212   0x00000002   Code   RO         2544    .ARM.Collect$$libshutdown$$00000010  c_w.l(libshutdown2.o)
    0x08000214   0x00000000   Code   RO         2433    .ARM.Collect$$rtentry$$00000000  c_w.l(__rtentry.o)
    0x08000214   0x00000000   Code   RO         2441    .ARM.Collect$$rtentry$$00000002  c_w.l(__rtentry2.o)
    0x08000214   0x00000006   Code   RO         2453    .ARM.Collect$$rtentry$$00000004  c_w.l(__rtentry4.o)
    0x0800021a   0x00000000   Code   RO         2443    .ARM.Collect$$rtentry$$00000009  c_w.l(__rtentry2.o)
    0x0800021a   0x00000004   Code   RO         2444    .ARM.Collect$$rtentry$$0000000A  c_w.l(__rtentry2.o)
    0x0800021e   0x00000008   Code   RO         2445    .ARM.Collect$$rtentry$$0000000B  c_w.l(__rtentry2.o)
    0x08000226   0x00000008   Code   RO         2447    .ARM.Collect$$rtentry$$0000000D  c_w.l(__rtentry2.o)
    0x0800022e   0x00000002   Code   RO         2434    .ARM.Collect$$rtexit$$00000000  c_w.l(rtexit.o)
    0x08000230   0x00000000   Code   RO         2456    .ARM.Collect$$rtexit$$00000002  c_w.l(rtexit2.o)
    0x08000230   0x00000004   Code   RO         2457    .ARM.Collect$$rtexit$$00000003  c_w.l(rtexit2.o)
    0x08000234   0x00000006   Code   RO         2458    .ARM.Collect$$rtexit$$00000004  c_w.l(rtexit2.o)
    0x0800023a   0x00000002   PAD
    0x0800023c   0x0000001c   Code   RO          937    .emb_text           rtx_conf_cm.o
    0x08000258   0x00000198   Code   RO         2405    .emb_text           RTX_CM4.lib(hal_cm4.o)
    0x080003f0   0x00000040   Code   RO          247    .text               startup_stm32f401xe.o
    0x08000430   0x00000078   Code   RO         1092    .text               arm_cortexM4lf_math.lib(arm_cos_f32.o)
    0x080004a8   0x00000008   Code   RO         2420    .text               c_w.l(libspace.o)
    0x080004b0   0x00000002   Code   RO         2423    .text               c_w.l(use_no_semi.o)
    0x080004b2   0x00000012   Code   RO         2427    .text               c_w.l(exit.o)
    0x080004c4   0x00000006   Code   RO         2429    .text               c_w.l(heapauxi.o)
    0x080004ca   0x0000004a   Code   RO         2464    .text               c_w.l(sys_stackheap_outer.o)
    0x08000514   0x00000004   Code   RO         2415    SVC_TABLE           RTX_CM4.lib(svc_table.o)
    0x08000518   0x00000054   Code   RO          255    i.SystemInit        system_stm32f4xx.o
    0x0800056c   0x00000020   Code   RO            4    i._Z10led_threadPKv  led.o
    0x0800058c   0x00000038   Code   RO          801    i._Z11Twsa_Threadv  thread_manage.o
    0x080005c4   0x00000048   Code   RO            5    i._Z13Led_Initilizev  led.o
    0x0800060c   0x0000003c   Code   RO          627    i._Z13cosine_threadPKv  cosine.o
    0x08000648   0x00000046   Code   RO         2299    i._init_box         RTX_CM4.lib(rt_membox.o)
    0x0800068e   0x00000002   PAD
    0x08000690   0x00000020   Code   RO          939    i._mutex_acquire    rtx_conf_cm.o
    0x080006b0   0x0000001c   Code   RO          941    i._mutex_release    rtx_conf_cm.o
    0x080006cc   0x00000002   Code   RO          466    i._sys_exit         retarget_usart.o
    0x080006ce   0x00000002   PAD
    0x080006d0   0x00000030   Code   RO         2352    i.dbg_init          RTX_CM4.lib(hal_cm.o)
    0x08000700   0x00000020   Code   RO         2353    i.dbg_task_notify   RTX_CM4.lib(hal_cm.o)
    0x08000720   0x00000010   Code   RO         2354    i.dbg_task_switch   RTX_CM4.lib(hal_cm.o)
    0x08000730   0x0000002a   Code   RO         1120    i.isrMessageGet     RTX_CM4.lib(rt_cmsis.o)
    0x0800075a   0x0000002c   Code   RO         1121    i.isrMessagePut     RTX_CM4.lib(rt_cmsis.o)
    0x08000786   0x00000002   PAD
    0x08000788   0x00000052   Code   RO         2154    i.isr_mbx_receive   RTX_CM4.lib(rt_mailbox.o)
    0x080007da   0x0000000e   Code   RO         2155    i.isr_mbx_send      RTX_CM4.lib(rt_mailbox.o)
    0x080007e8   0x00000012   Code   RO          659    i.main              dsp_test.o
    0x080007fa   0x00000002   PAD
    0x080007fc   0x00000018   Code   RO         1124    i.osDelay           RTX_CM4.lib(rt_cmsis.o)
    0x08000814   0x00000024   Code   RO         1125    i.osKernelInitialize  RTX_CM4.lib(rt_cmsis.o)
    0x08000838   0x0000006c   Code   RO         1127    i.osKernelStart     RTX_CM4.lib(rt_cmsis.o)
    0x080008a4   0x00000018   Code   RO         1136    i.osMessageGet      RTX_CM4.lib(rt_cmsis.o)
    0x080008bc   0x00000030   Code   RO         1153    i.osThreadCreate    RTX_CM4.lib(rt_cmsis.o)
    0x080008ec   0x00000018   Code   RO         1154    i.osThreadExit      RTX_CM4.lib(rt_cmsis.o)
    0x08000904   0x0000000c   Code   RO         1160    i.osTimerCall       RTX_CM4.lib(rt_cmsis.o)
    0x08000910   0x0000002c   Code   RO         1165    i.osTimerThread     RTX_CM4.lib(rt_cmsis.o)
    0x0800093c   0x00000002   Code   RO          942    i.os_error          rtx_conf_cm.o
    0x0800093e   0x00000004   Code   RO          943    i.os_idle_demon     rtx_conf_cm.o
    0x08000942   0x00000002   PAD
    0x08000944   0x00000028   Code   RO         1946    i.os_tick_init      RTX_CM4.lib(rt_system.o)
    0x0800096c   0x00000002   Code   RO         1947    i.os_tick_irqack    RTX_CM4.lib(rt_system.o)
    0x0800096e   0x0000001a   Code   RO         2300    i.rt_alloc_box      RTX_CM4.lib(rt_membox.o)
    0x08000988   0x0000003e   Code   RO         2328    i.rt_alloc_mem      RTX_CM4.lib(rt_memory.o)
    0x080009c6   0x00000002   PAD
    0x080009c8   0x00000038   Code   RO         1745    i.rt_block          RTX_CM4.lib(rt_task.o)
    0x08000a00   0x00000048   Code   RO         2277    i.rt_chk_robin      RTX_CM4.lib(rt_robin.o)
    0x08000a48   0x00000070   Code   RO         2078    i.rt_dec_dly        RTX_CM4.lib(rt_list.o)
    0x08000ab8   0x00000044   Code   RO         1746    i.rt_dispatch       RTX_CM4.lib(rt_task.o)
    0x08000afc   0x00000006   Code   RO         2244    i.rt_dly_wait       RTX_CM4.lib(rt_time.o)
    0x08000b02   0x00000002   PAD
    0x08000b04   0x00000050   Code   RO         2039    i.rt_evt_psh        RTX_CM4.lib(rt_event.o)
    0x08000b54   0x0000002c   Code   RO         2301    i.rt_free_box       RTX_CM4.lib(rt_membox.o)
    0x08000b80   0x00000028   Code   RO         2329    i.rt_free_mem       RTX_CM4.lib(rt_memory.o)
    0x08000ba8   0x00000028   Code   RO         2079    i.rt_get_first      RTX_CM4.lib(rt_list.o)
    0x08000bd0   0x00000008   Code   RO         1170    i.rt_id2obj         RTX_CM4.lib(rt_cmsis.o)
    0x08000bd8   0x00000048   Code   RO         1747    i.rt_init_context   RTX_CM4.lib(rt_task.o)
    0x08000c20   0x0000001a   Code   RO         2330    i.rt_init_mem       RTX_CM4.lib(rt_memory.o)
    0x08000c3a   0x00000002   PAD
    0x08000c3c   0x00000018   Code   RO         2278    i.rt_init_robin     RTX_CM4.lib(rt_robin.o)
    0x08000c54   0x00000080   Code   RO         2355    i.rt_init_stack     RTX_CM4.lib(hal_cm.o)
    0x08000cd4   0x00000008   Code   RO         2156    i.rt_mbx_check      RTX_CM4.lib(rt_mailbox.o)
    0x08000cdc   0x0000001a   Code   RO         2157    i.rt_mbx_init       RTX_CM4.lib(rt_mailbox.o)
    0x08000cf6   0x00000002   PAD
    0x08000cf8   0x000000f0   Code   RO         2158    i.rt_mbx_psh        RTX_CM4.lib(rt_mailbox.o)
    0x08000de8   0x000000b4   Code   RO         2160    i.rt_mbx_wait       RTX_CM4.lib(rt_mailbox.o)
    0x08000e9c   0x00000044   Code   RO         1171    i.rt_ms2tick        RTX_CM4.lib(rt_cmsis.o)
    0x08000ee0   0x000000d8   Code   RO         1831    i.rt_mut_release    RTX_CM4.lib(rt_mutex.o)
    0x08000fb8   0x00000068   Code   RO         1832    i.rt_mut_wait       RTX_CM4.lib(rt_mutex.o)
    0x08001020   0x0000007c   Code   RO         1950    i.rt_pop_req        RTX_CM4.lib(rt_system.o)
    0x0800109c   0x00000020   Code   RO         1951    i.rt_psh_req        RTX_CM4.lib(rt_system.o)
    0x080010bc   0x0000005c   Code   RO         2081    i.rt_psq_enq        RTX_CM4.lib(rt_list.o)
    0x08001118   0x00000048   Code   RO         2082    i.rt_put_dly        RTX_CM4.lib(rt_list.o)
    0x08001160   0x00000036   Code   RO         2083    i.rt_put_prio       RTX_CM4.lib(rt_list.o)
    0x08001196   0x00000002   PAD
    0x08001198   0x00000014   Code   RO         2084    i.rt_put_rdy_first  RTX_CM4.lib(rt_list.o)
    0x080011ac   0x00000034   Code   RO         2085    i.rt_resort_prio    RTX_CM4.lib(rt_list.o)
    0x080011e0   0x00000010   Code   RO         2356    i.rt_ret_regs       RTX_CM4.lib(hal_cm.o)
    0x080011f0   0x0000000c   Code   RO         2357    i.rt_ret_val        RTX_CM4.lib(hal_cm.o)
    0x080011fc   0x00000010   Code   RO         2358    i.rt_ret_val2       RTX_CM4.lib(hal_cm.o)
    0x0800120c   0x00000028   Code   RO         2086    i.rt_rmv_dly        RTX_CM4.lib(rt_list.o)
    0x08001234   0x00000030   Code   RO         2087    i.rt_rmv_list       RTX_CM4.lib(rt_list.o)
    0x08001264   0x00000034   Code   RO         2205    i.rt_sem_psh        RTX_CM4.lib(rt_semaphore.o)
    0x08001298   0x00000024   Code   RO         1953    i.rt_stk_check      RTX_CM4.lib(rt_system.o)
    0x080012bc   0x00000028   Code   RO         1748    i.rt_switch_req     RTX_CM4.lib(rt_task.o)
    0x080012e4   0x000000cc   Code   RO         1749    i.rt_sys_init       RTX_CM4.lib(rt_task.o)
    0x080013b0   0x00000078   Code   RO         1750    i.rt_sys_start      RTX_CM4.lib(rt_task.o)
    0x08001428   0x00000040   Code   RO         1955    i.rt_systick        RTX_CM4.lib(rt_system.o)
    0x08001468   0x00000012   Code   RO         1172    i.rt_tid2ptcb       RTX_CM4.lib(rt_cmsis.o)
    0x0800147a   0x00000002   PAD
    0x0800147c   0x00000034   Code   RO         1173    i.rt_timer_insert   RTX_CM4.lib(rt_cmsis.o)
    0x080014b0   0x00000088   Code   RO         1751    i.rt_tsk_create     RTX_CM4.lib(rt_task.o)
    0x08001538   0x0000017c   Code   RO         1752    i.rt_tsk_delete     RTX_CM4.lib(rt_task.o)
    0x080016b4   0x0000007c   Code   RO         1754    i.rt_tsk_prio       RTX_CM4.lib(rt_task.o)
    0x08001730   0x00000010   Code   RO         1755    i.rt_tsk_self       RTX_CM4.lib(rt_task.o)
    0x08001740   0x00000012   Code   RO         1175    i.svcDelay          RTX_CM4.lib(rt_cmsis.o)
    0x08001752   0x00000002   PAD
    0x08001754   0x00000070   Code   RO         1176    i.svcKernelInitialize  RTX_CM4.lib(rt_cmsis.o)
    0x080017c4   0x00000048   Code   RO         1178    i.svcKernelStart    RTX_CM4.lib(rt_cmsis.o)
    0x0800180c   0x00000024   Code   RO         1181    i.svcMessageCreate  RTX_CM4.lib(rt_cmsis.o)
    0x08001830   0x0000003a   Code   RO         1182    i.svcMessageGet     RTX_CM4.lib(rt_cmsis.o)
    0x0800186a   0x00000002   PAD
    0x0800186c   0x00000070   Code   RO         1196    i.svcThreadCreate   RTX_CM4.lib(rt_cmsis.o)
    0x080018dc   0x0000001c   Code   RO         1197    i.svcThreadGetId    RTX_CM4.lib(rt_cmsis.o)
    0x080018f8   0x00000038   Code   RO         1200    i.svcThreadTerminate  RTX_CM4.lib(rt_cmsis.o)
    0x08001930   0x00000018   Code   RO         1202    i.svcTimerCall      RTX_CM4.lib(rt_cmsis.o)
    0x08001948   0x0000005c   Code   RO         1211    i.sysTimerTick      RTX_CM4.lib(rt_cmsis.o)
    0x080019a4   0x0000000a   Code   RO         2551    x$fpl$fpinit        g_wm.l(fpinit.o)
    0x080019ae   0x00000002   PAD
    0x080019b0   0x00000080   Data   RO          629    .constdata          cosine.o
    0x08001a30   0x00000020   Data   RO          803    .constdata          thread_manage.o
    0x08001a50   0x00000002   Data   RO          951    .constdata          rtx_conf_cm.o
    0x08001a52   0x00000002   PAD
    0x08001a54   0x00000004   Data   RO          952    .constdata          rtx_conf_cm.o
    0x08001a58   0x00000004   Data   RO          953    .constdata          rtx_conf_cm.o
    0x08001a5c   0x00000004   Data   RO          957    .constdata          rtx_conf_cm.o
    0x08001a60   0x00000001   Data   RO          958    .constdata          rtx_conf_cm.o
    0x08001a61   0x00000003   PAD
    0x08001a64   0x00000010   Data   RO          959    .constdata          rtx_conf_cm.o
    0x08001a74   0x00000002   Data   RO          960    .constdata          rtx_conf_cm.o
    0x08001a76   0x00000002   PAD
    0x08001a78   0x00000004   Data   RO          961    .constdata          rtx_conf_cm.o
    0x08001a7c   0x00000004   Data   RO          962    .constdata          rtx_conf_cm.o
    0x08001a80   0x00000001   Data   RO          963    .constdata          rtx_conf_cm.o
    0x08001a81   0x00000003   PAD
    0x08001a84   0x00000010   Data   RO          964    .constdata          rtx_conf_cm.o
    0x08001a94   0x00000008   Data   RO          965    .constdata          rtx_conf_cm.o
    0x08001a9c   0x00000002   Data   RO          966    .constdata          rtx_conf_cm.o
    0x08001a9e   0x00000002   PAD
    0x08001aa0   0x00000804   Data   RO         1922    .constdata          arm_cortexM4lf_math.lib(arm_common_tables.o)
    0x080022a4   0x00000020   Data   RO         2584    Region$$Table       anon$$obj.o


    Execution Region RW_IRAM1 (Base: 0x20000000, Size: 0x000013c8, Max: 0x00018000, ABSOLUTE)

    Base Addr    Size         Type   Attr      Idx    E Section Name        Object

    0x20000000   0x00000008   Data   RW          630    .data               cosine.o
    0x20000008   0x00000008   Data   RW          806    .data               thread_manage.o
    0x20000010   0x00000004   Data   RW          968    .data               rtx_conf_cm.o
    0x20000014   0x00000010   Data   RW          969    .data               rtx_conf_cm.o
    0x20000024   0x00000004   Data   RW          970    .data               rtx_conf_cm.o
    0x20000028   0x00000004   Data   RW          971    .data               rtx_conf_cm.o
    0x2000002c   0x00000008   Data   RW         1214    .data               RTX_CM4.lib(rt_cmsis.o)
    0x20000034   0x00000008   Data   RW         1757    .data               RTX_CM4.lib(rt_task.o)
    0x2000003c   0x00000008   Data   RW         1958    .data               RTX_CM4.lib(rt_system.o)
    0x20000044   0x00000004   Data   RW         2248    .data               RTX_CM4.lib(rt_time.o)
    0x20000048   0x00000008   Data   RW         2279    .data               RTX_CM4.lib(rt_robin.o)
    0x20000050   0x00000001   Data   RW         2359    .data               RTX_CM4.lib(hal_cm.o)
    0x20000051   0x00000003   PAD
    0x20000054   0x00000020   Zero   RW          944    .bss                rtx_conf_cm.o
    0x20000074   0x00000178   Zero   RW          945    .bss                rtx_conf_cm.o
    0x200001ec   0x00000004   PAD
    0x200001f0   0x000004c0   Zero   RW          946    .bss                rtx_conf_cm.o
    0x200006b0   0x000005b0   Zero   RW          947    .bss                rtx_conf_cm.o
    0x20000c60   0x00000084   Zero   RW          948    .bss                rtx_conf_cm.o
    0x20000ce4   0x0000001c   Zero   RW          949    .bss                rtx_conf_cm.o
    0x20000d00   0x00000034   Zero   RW         1756    .bss                RTX_CM4.lib(rt_task.o)
    0x20000d34   0x00000030   Zero   RW         2088    .bss                RTX_CM4.lib(rt_list.o)
    0x20000d64   0x00000060   Zero   RW         2421    .bss                c_w.l(libspace.o)
    0x20000dc4   0x00000004   PAD
    0x20000dc8   0x00000200   Zero   RW          245    HEAP                startup_stm32f401xe.o
    0x20000fc8   0x00000400   Zero   RW          244    STACK               startup_stm32f401xe.o


==============================================================================

Image component sizes


      Code (inc. data)   RO Data    RW Data    ZI Data      Debug   Object Name

        60         10        128          8          0       1386   cosine.o
        18          0          0          0          0        515   dsp_test.o
       104         12          0          0          0       6066   led.o
         2          0          0          0          0        508   retarget_usart.o
        94         26         68         28       3240       9491   rtx_conf_cm.o
        64         26        404          0       1536        864   startup_stm32f401xe.o
         0          0          0          0          0      14592   sub.o
        84         18          0          0          0       5073   system_stm32f4xx.o
        56          8         32          8          0       6827   thread_manage.o

    ----------------------------------------------------------------------
       488        100        676         44       4780      45322   Object Totals
         0          0         32          0          0          0   (incl. Generated)
         6          0         12          0          4          0   (incl. Padding)

    ----------------------------------------------------------------------

      Code (inc. data)   RO Data    RW Data    ZI Data      Debug   Library Member Name

       268         24          0          1          0       4452   hal_cm.o
       408         34          0          0          0        816   hal_cm4.o
      1160        146          0          8          0      35054   rt_cmsis.o
        80          4          0          0          0        701   rt_event.o
       530         34          0          0         48       8597   rt_list.o
       550         10          0          0          0       4185   rt_mailbox.o
       140          0          0          0          0       2045   rt_membox.o
       128          0          0          0          0       2419   rt_memory.o
       320         12          0          0          0       1699   rt_mutex.o
        96         22          0          8          0       1230   rt_robin.o
        52          4          0          0          0        613   rt_semaphore.o
       298         52          0          8          0       6439   rt_system.o
      1216        174          0          8         52      10025   rt_task.o
         6          0          0          4          0        684   rt_time.o
         4          4          0          0          0        200   svc_table.o
         0          0       2052          0          0       4636   arm_common_tables.o
       120         12          0          0          0        706   arm_cos_f32.o
         0          0          0          0          0      16312   arm_sub_f32.o
         8          0          0          0          0         68   __main.o
         0          0          0          0          0          0   __rtentry.o
        20          0          0          0          0          0   __rtentry2.o
         6          0          0          0          0          0   __rtentry4.o
        52          8          0          0          0          0   __scatter.o
        26          0          0          0          0          0   __scatter_copy.o
        28          0          0          0          0          0   __scatter_zi.o
        18          0          0          0          0         80   exit.o
         6          0          0          0          0        152   heapauxi.o
         2          0          0          0          0          0   libinit.o
         6          0          0          0          0          0   libinit2.o
         2          0          0          0          0          0   libshutdown.o
         2          0          0          0          0          0   libshutdown2.o
         8          4          0          0         96         68   libspace.o
         2          0          0          0          0          0   rtexit.o
        10          0          0          0          0          0   rtexit2.o
        74          0          0          0          0         80   sys_stackheap_outer.o
         2          0          0          0          0         68   use_no_semi.o
        10          0          0          0          0        116   fpinit.o

    ----------------------------------------------------------------------
      5684        544       2052         40        200     101445   Library Totals
        26          0          0          3          4          0   (incl. Padding)

    ----------------------------------------------------------------------

      Code (inc. data)   RO Data    RW Data    ZI Data      Debug   Library Name

      5256        520          0         37        100      79159   RTX_CM4.lib
       120         12       2052          0          0      21654   arm_cortexM4lf_math.lib
       272         12          0          0         96        516   c_w.l
        10          0          0          0          0        116   g_wm.l

    ----------------------------------------------------------------------
      5684        544       2052         40        200     101445   Library Totals

    ----------------------------------------------------------------------

==============================================================================


      Code (inc. data)   RO Data    RW Data    ZI Data      Debug   

      6172        644       2728         84       4980     138563   Grand Totals
      6172        644       2728         84       4980     138563   ELF Image Totals
      6172        644       2728         84          0          0   ROM Totals

==============================================================================

    Total RO  Size (Code + RO Data)                 8900 (   8.69kB)
    Total RW  Size (RW Data + ZI Data)              5064 (   4.95kB)
    Total ROM Size (Code + RO Data + RW Data)       8984 (   8.77kB)

==============================================================================

