Component: ARM Compiler 5.06 update 3 (build 300) Tool: armlink [4d35c9]

==============================================================================

Section Cross References

    uart2.o(i.HAL_UART_RxCpltCallback) refers to noretval__2printf.o(.text) for __2printf
    uart2.o(i.HAL_UART_TxCpltCallback) refers to noretval__2printf.o(.text) for __2printf
    uart2.o(i.USART2_GPIO_Config) refers to stm32f4xx_hal_gpio.o(i.HAL_GPIO_Init) for HAL_GPIO_Init
    uart2.o(i.USART2_GPIO_Config) refers to stm32f4xx_hal_cortex.o(i.HAL_NVIC_SetPriority) for HAL_NVIC_SetPriority
    uart2.o(i.USART2_GPIO_Config) refers to stm32f4xx_hal_cortex.o(i.HAL_NVIC_EnableIRQ) for HAL_NVIC_EnableIRQ
    uart2.o(i.USART2_GPIO_Config) refers to uart2.o(.bss) for .bss
    uart2.o(i.USART2_Rx_Normal) refers to stm32f4xx_hal_uart.o(i.HAL_UART_Receive) for HAL_UART_Receive
    uart2.o(i.USART2_Rx_Normal) refers to uart2.o(.bss) for .bss
    uart2.o(i.USART2_Tx_Normal) refers to stm32f4xx_hal_uart.o(i.HAL_UART_Transmit) for HAL_UART_Transmit
    uart2.o(i.USART2_Tx_Normal) refers to uart2.o(.bss) for .bss
    uart2.o(i.Uart2_Init) refers to stm32f4xx_hal_uart.o(i.HAL_UART_Init) for HAL_UART_Init
    uart2.o(i.Uart2_Init) refers to sys.o(i.Error_Handler) for Error_Handler
    uart2.o(i.Uart2_Init) refers to uart2.o(.bss) for .bss
    uart2.o(i.Uart2_Test) refers to stm32f4xx_hal_uart.o(i.HAL_UART_Transmit_DMA) for HAL_UART_Transmit_DMA
    uart2.o(i.Uart2_Test) refers to uart2.o(.bss) for .bss
    startup_stm32f401xe.o(STACK) refers (Special) to heapauxi.o(.text) for __use_two_region_memory
    startup_stm32f401xe.o(HEAP) refers (Special) to heapauxi.o(.text) for __use_two_region_memory
    startup_stm32f401xe.o(RESET) refers (Special) to heapauxi.o(.text) for __use_two_region_memory
    startup_stm32f401xe.o(RESET) refers to startup_stm32f401xe.o(STACK) for __initial_sp
    startup_stm32f401xe.o(RESET) refers to startup_stm32f401xe.o(.text) for Reset_Handler
    startup_stm32f401xe.o(RESET) refers to stm32f4xx_it.o(i.NMI_Handler) for NMI_Handler
    startup_stm32f401xe.o(RESET) refers to stm32f4xx_it.o(i.HardFault_Handler) for HardFault_Handler
    startup_stm32f401xe.o(RESET) refers to stm32f4xx_it.o(i.MemManage_Handler) for MemManage_Handler
    startup_stm32f401xe.o(RESET) refers to stm32f4xx_it.o(i.BusFault_Handler) for BusFault_Handler
    startup_stm32f401xe.o(RESET) refers to stm32f4xx_it.o(i.UsageFault_Handler) for UsageFault_Handler
    startup_stm32f401xe.o(RESET) refers to hal_cm4.o(.emb_text) for SVC_Handler
    startup_stm32f401xe.o(RESET) refers to stm32f4xx_it.o(i.DebugMon_Handler) for DebugMon_Handler
    startup_stm32f401xe.o(RESET) refers to stm32f4xx_it.o(i.DMA1_Stream6_IRQHandler) for DMA1_Stream6_IRQHandler
    startup_stm32f401xe.o(RESET) refers to stm32f4xx_it.o(i.USART2_IRQHandler) for USART2_IRQHandler
    startup_stm32f401xe.o(RESET) refers to stm32f4xx_it.o(i.EXTI15_10_IRQHandler) for EXTI15_10_IRQHandler
    startup_stm32f401xe.o(.text) refers (Special) to heapauxi.o(.text) for __use_two_region_memory
    startup_stm32f401xe.o(.text) refers to system_stm32f4xx.o(i.SystemInit) for SystemInit
    startup_stm32f401xe.o(.text) refers to __main.o(!!!main) for __main
    startup_stm32f401xe.o(.text) refers to startup_stm32f401xe.o(HEAP) for Heap_Mem
    startup_stm32f401xe.o(.text) refers to startup_stm32f401xe.o(STACK) for Stack_Mem
    system_stm32f4xx.o(i.SystemCoreClockUpdate) refers to system_stm32f4xx.o(.data) for .data
    system_stm32f4xx.o(i.SystemCoreClockUpdate) refers to system_stm32f4xx.o(.constdata) for .constdata
    retarget_usart.o(i._sys_exit) refers (Special) to use_no_semi.o(.text) for __use_no_semihosting_swi
    retarget_usart.o(i._ttywrch) refers (Special) to use_no_semi.o(.text) for __use_no_semihosting_swi
    retarget_usart.o(i._ttywrch) refers to serial.o(i.SER_PutChar) for SER_PutChar
    retarget_usart.o(i.ferror) refers (Special) to use_no_semi.o(.text) for __use_no_semihosting_swi
    retarget_usart.o(i.fgetc) refers (Special) to use_no_semi.o(.text) for __use_no_semihosting_swi
    retarget_usart.o(i.fgetc) refers to serial.o(i.SER_GetChar) for SER_GetChar
    retarget_usart.o(i.fputc) refers (Special) to use_no_semi.o(.text) for __use_no_semihosting_swi
    retarget_usart.o(i.fputc) refers to serial.o(i.SER_PutChar) for SER_PutChar
    retarget_usart.o(.data) refers (Special) to use_no_semi.o(.text) for __use_no_semihosting_swi
    retarget_usart.o(.data) refers (Special) to use_no_semi.o(.text) for __use_no_semihosting_swi
    serial.o(i.SER_GetChar) refers to serial.o(i.ITM_SendChar) for ITM_SendChar
    serial.o(i.SER_GetChar) refers to serial.o(.data) for .data
    serial.o(i.SER_Initialize) refers to serial.o(.data) for .data
    serial.o(i.SER_PutChar) refers to serial.o(i.ITM_SendChar) for ITM_SendChar
    adc_test.o(i.main) refers to clock_config.o(i.SystemClock_Config) for SystemClock_Config
    adc_test.o(i.main) refers to serial.o(i.SER_Initialize) for SER_Initialize
[...]
    .ARM.Collect$$libshutdown$$0000000F      0x08000212   Section        0  libshutdown2.o(.ARM.Collect$$libshutdown$$0000000F)
    .ARM.Collect$$libshutdown$$00000010      0x08000212   Section        2  libshutdown2.o(.ARM.Collect$$libshutdown$$00000010)
    .ARM.Collect$$rtentry$$00000000          0x08000214   Section        0  __rtentry.o(.ARM.Collect$$rtentry$$00000000)
    .ARM.Collect$$rtentry$$00000002          0x08000214   Section        0  __rtentry2.o(.ARM.Collect$$rtentry$$00000002)
    .ARM.Collect$$rtentry$$00000004          0x08000214   Section        6  __rtentry4.o(.ARM.Collect$$rtentry$$00000004)
    .ARM.Collect$$rtentry$$00000009          0x0800021a   Section        0  __rtentry2.o(.ARM.Collect$$rtentry$$00000009)
    .ARM.Collect$$rtentry$$0000000A          0x0800021a   Section        4  __rtentry2.o(.ARM.Collect$$rtentry$$0000000A)
    .ARM.Collect$$rtentry$$0000000B          0x0800021e   Section        8  __rtentry2.o(.ARM.Collect$$rtentry$$0000000B)
    .ARM.Collect$$rtentry$$0000000D          0x08000226   Section        8  __rtentry2.o(.ARM.Collect$$rtentry$$0000000D)
    .ARM.Collect$$rtexit$$00000000           0x0800022e   Section        2  rtexit.o(.ARM.Collect$$rtexit$$00000000)
    .ARM.Collect$$rtexit$$00000002           0x08000230   Section        0  rtexit2.o(.ARM.Collect$$rtexit$$00000002)
    .ARM.Collect$$rtexit$$00000003           0x08000230   Section        4  rtexit2.o(.ARM.Collect$$rtexit$$00000003)
    .ARM.Collect$$rtexit$$00000004           0x08000234   Section        6  rtexit2.o(.ARM.Collect$$rtexit$$00000004)
    .emb_text                                0x0800023c   Section       28  rtx_conf_cm.o(.emb_text)
    $v0                                      0x0800023c   Number         0  rtx_conf_cm.o(.emb_text)
    .emb_text                                0x08000258   Section      408  hal_cm4.o(.emb_text)
    $v0                                      0x08000258   Number         0  hal_cm4.o(.emb_text)
    .text                                    0x080003f0   Section       64  startup_stm32f401xe.o(.text)
    $v0                                      0x080003f0   Number         0  startup_stm32f401xe.o(.text)
    .text                                    0x08000430   Section        8  libspace.o(.text)
    .text                                    0x08000438   Section        2  use_no_semi.o(.text)
    .text                                    0x0800043c   Section        0  noretval__2printf.o(.text)
    .text                                    0x08000454   Section        0  exit.o(.text)
    .text                                    0x08000466   Section      100  rt_memcpy_w.o(.text)
    .text                                    0x080004ca   Section        0  heapauxi.o(.text)
    .text                                    0x080004d0   Section        0  _printf_char_file.o(.text)
    .text                                    0x080004f4   Section        0  _printf_char_common.o(.text)
    _printf_input_char                       0x080004f5   Thumb Code    10  _printf_char_common.o(.text)
    .text                                    0x08000524   Section       74  sys_stackheap_outer.o(.text)
    .text                                    0x0800056e   Section        0  __printf_nopercent.o(.text)
    SVC_TABLE                                0x08000598   Section        4  svc_table.o(SVC_TABLE)
    i.BSP_PB_Init                            0x0800059c   Section        0  gpio_config.o(i.BSP_PB_Init)
    i.BusFault_Handler                       0x08000618   Section        0  stm32f4xx_it.o(i.BusFault_Handler)
    i.DMA1_Stream6_IRQHandler                0x0800061c   Section        0  stm32f4xx_it.o(i.DMA1_Stream6_IRQHandler)
    i.DMA_CalcBaseAndBitshift                0x08000628   Section        0  stm32f4xx_hal_dma.o(i.DMA_CalcBaseAndBitshift)
    DMA_CalcBaseAndBitshift                  0x08000629   Thumb Code    34  stm32f4xx_hal_dma.o(i.DMA_CalcBaseAndBitshift)
    i.DMA_CheckFifoParam                     0x08000650   Section        0  stm32f4xx_hal_dma.o(i.DMA_CheckFifoParam)
    DMA_CheckFifoParam                       0x08000651   Thumb Code    84  stm32f4xx_hal_dma.o(i.DMA_CheckFifoParam)
    i.DMA_Config                             0x080006a4   Section        0  dma_config.o(i.DMA_Config)
    i.DMA_SetConfig                          0x08000758   Section        0  stm32f4xx_hal_dma.o(i.DMA_SetConfig)
    DMA_SetConfig                            0x08000759   Thumb Code    40  stm32f4xx_hal_dma.o(i.DMA_SetConfig)
    i.DebugMon_Handler                       0x08000780   Section        0  stm32f4xx_it.o(i.DebugMon_Handler)
    i.EXTI15_10_IRQHandler                   0x08000782   Section        0  stm32f4xx_it.o(i.EXTI15_10_IRQHandler)
    i.Error_Handler                          0x0800078a   Section        0  sys.o(i.Error_Handler)
    i.GPIO_Config                            0x0800078c   Section        0  gpio_config.o(i.GPIO_Config)
    i.HAL_DMA_Abort_IT                       0x080007c8   Section        0  stm32f4xx_hal_dma.o(i.HAL_DMA_Abort_IT)
    i.HAL_DMA_IRQHandler                     0x080007ec   Section        0  stm32f4xx_hal_dma.o(i.HAL_DMA_IRQHandler)
    i.HAL_DMA_Init                           0x08000994   Section        0  stm32f4xx_hal_dma.o(i.HAL_DMA_Init)
    i.HAL_DMA_Start_IT                       0x08000a64   Section        0  stm32f4xx_hal_dma.o(i.HAL_DMA_Start_IT)
    i.HAL_GPIO_EXTI_Callback                 0x08000adc   Section        0  gpio_config.o(i.HAL_GPIO_EXTI_Callback)
    i.HAL_GPIO_EXTI_IRQHandler               0x08000b00   Section        0  stm32f4xx_hal_gpio.o(i.HAL_GPIO_EXTI_IRQHandler)
    i.HAL_GPIO_Init                          0x08000b18   Section        0  stm32f4xx_hal_gpio.o(i.HAL_GPIO_Init)
    i.HAL_GetTick                            0x08000ca0   Section        0  stm32f4xx_hal.o(i.HAL_GetTick)
    i.HAL_InitTick                           0x08000cac   Section        0  stm32f4xx_hal.o(i.HAL_InitTick)
    i.HAL_NVIC_EnableIRQ                     0x08000cd4   Section        0  stm32f4xx_hal_cortex.o(i.HAL_NVIC_EnableIRQ)
    i.HAL_NVIC_SetPriority                   0x08000cec   Section        0  stm32f4xx_hal_cortex.o(i.HAL_NVIC_SetPriority)
    i.HAL_RCC_CSSCallback                    0x08000d2c   Section        0  clock_config.o(i.HAL_RCC_CSSCallback)
    i.HAL_RCC_ClockConfig                    0x08000d60   Section        0  stm32f4xx_hal_rcc.o(i.HAL_RCC_ClockConfig)
    i.HAL_RCC_EnableCSS                      0x08000edc   Section        0  stm32f4xx_hal_rcc.o(i.HAL_RCC_EnableCSS)
    i.HAL_RCC_GetPCLK1Freq                   0x08000ee8   Section        0  stm32f4xx_hal_rcc.o(i.HAL_RCC_GetPCLK1Freq)
    i.HAL_RCC_GetPCLK2Freq                   0x08000f18   Section        0  stm32f4xx_hal_rcc.o(i.HAL_RCC_GetPCLK2Freq)
    i.HAL_RCC_GetSysClockFreq                0x08000f48   Section        0  stm32f4xx_hal_rcc.o(i.HAL_RCC_GetSysClockFreq)
    i.HAL_RCC_NMI_IRQHandler                 0x08000fb8   Section        0  stm32f4xx_hal_rcc.o(i.HAL_RCC_NMI_IRQHandler)
    i.HAL_RCC_OscConfig                      0x08000fd4   Section        0  stm32f4xx_hal_rcc.o(i.HAL_RCC_OscConfig)
    i.HAL_SYSTICK_Config                     0x080012e8   Section        0  stm32f4xx_hal_cortex.o(i.HAL_SYSTICK_Config)
    i.HAL_UART_ErrorCallback                 0x08001310   Section        0  stm32f4xx_hal_uart.o(i.HAL_UART_ErrorCallback)
    i.HAL_UART_IRQHandler                    0x08001314   Section        0  stm32f4xx_hal_uart.o(i.HAL_UART_IRQHandler)
    i.HAL_UART_Init                          0x08001424   Section        0  stm32f4xx_hal_uart.o(i.HAL_UART_Init)
    i.HAL_UART_MspInit                       0x08001486   Section        0  stm32f4xx_hal_uart.o(i.HAL_UART_MspInit)
    i.HAL_UART_RxCpltCallback                0x08001488   Section        0  uart2.o(i.HAL_UART_RxCpltCallback)
    i.HAL_UART_Transmit_DMA                  0x080014a4   Section        0  stm32f4xx_hal_uart.o(i.HAL_UART_Transmit_DMA)
    i.HAL_UART_TxCpltCallback                0x08001524   Section        0  uart2.o(i.HAL_UART_TxCpltCallback)
    i.HAL_UART_TxHalfCpltCallback            0x08001540   Section        0  stm32f4xx_hal_uart.o(i.HAL_UART_TxHalfCpltCallback)
    i.HardFault_Handler                      0x08001542   Section        0  stm32f4xx_it.o(i.HardFault_Handler)
    i.ITM_SendChar                           0x08001544   Section        0  serial.o(i.ITM_SendChar)
    ITM_SendChar                             0x08001545   Thumb Code    36  serial.o(i.ITM_SendChar)
    i.MemManage_Handler                      0x0800156c   Section        0  stm32f4xx_it.o(i.MemManage_Handler)
    i.NMI_Handler                            0x0800156e   Section        0  stm32f4xx_it.o(i.NMI_Handler)
    i.NVIC_SetPriority                       0x08001572   Section        0  stm32f4xx_hal_cortex.o(i.NVIC_SetPriority)
    NVIC_SetPriority                         0x08001573   Thumb Code    32  stm32f4xx_hal_cortex.o(i.NVIC_SetPriority)
    i.SER_Initialize                         0x08001594   Section        0  serial.o(i.SER_Initialize)
    i.SER_PutChar                            0x080015a4   Section        0  serial.o(i.SER_PutChar)
    i.SystemClock_Config                     0x080015b4   Section        0  clock_config.o(i.SystemClock_Config)
    i.SystemInit                             0x08001668   Section        0  system_stm32f4xx.o(i.SystemInit)
    i.UART_DMAAbortOnError                   0x080016bc   Section        0  stm32f4xx_hal_uart.o(i.UART_DMAAbortOnError)
    UART_DMAAbortOnError                     0x080016bd   Thumb Code    16  stm32f4xx_hal_uart.o(i.UART_DMAAbortOnError)
    i.UART_DMAError                          0x080016cc   Section        0  stm32f4xx_hal_uart.o(i.UART_DMAError)
    UART_DMAError                            0x080016cd   Thumb Code    74  stm32f4xx_hal_uart.o(i.UART_DMAError)
    i.UART_DMATransmitCplt                   0x08001716   Section        0  stm32f4xx_hal_uart.o(i.UART_DMATransmitCplt)
    UART_DMATransmitCplt                     0x08001717   Thumb Code    46  stm32f4xx_hal_uart.o(i.UART_DMATransmitCplt)
    i.UART_DMATxHalfCplt                     0x08001744   Section        0  stm32f4xx_hal_uart.o(i.UART_DMATxHalfCplt)
    UART_DMATxHalfCplt                       0x08001745   Thumb Code    10  stm32f4xx_hal_uart.o(i.UART_DMATxHalfCplt)
    i.UART_EndRxTransfer                     0x0800174e   Section        0  stm32f4xx_hal_uart.o(i.UART_EndRxTransfer)
    UART_EndRxTransfer                       0x0800174f   Thumb Code    28  stm32f4xx_hal_uart.o(i.UART_EndRxTransfer)
    i.UART_EndTxTransfer                     0x0800176a   Section        0  stm32f4xx_hal_uart.o(i.UART_EndTxTransfer)
    UART_EndTxTransfer                       0x0800176b   Thumb Code    18  stm32f4xx_hal_uart.o(i.UART_EndTxTransfer)
    i.UART_Receive_IT                        0x0800177c   Section        0  stm32f4xx_hal_uart.o(i.UART_Receive_IT)
    UART_Receive_IT                          0x0800177d   Thumb Code   140  stm32f4xx_hal_uart.o(i.UART_Receive_IT)
    i.UART_SetConfig                         0x08001808   Section        0  stm32f4xx_hal_uart.o(i.UART_SetConfig)
    UART_SetConfig                           0x08001809   Thumb Code   676  stm32f4xx_hal_uart.o(i.UART_SetConfig)
    i.UART_Transmit_IT                       0x08001ab4   Section        0  stm32f4xx_hal_uart.o(i.UART_Transmit_IT)
    UART_Transmit_IT                         0x08001ab5   Thumb Code    98  stm32f4xx_hal_uart.o(i.UART_Transmit_IT)
    i.USART2_GPIO_Config                     0x08001b18   Section        0  uart2.o(i.USART2_GPIO_Config)
    i.USART2_IRQHandler                      0x08001b94   Section        0  stm32f4xx_it.o(i.USART2_IRQHandler)
    i.Uart2_Init                             0x08001ba0   Section        0  uart2.o(i.Uart2_Init)
    i.Uart2_Test                             0x08001bd8   Section        0  uart2.o(i.Uart2_Test)
    i.UsageFault_Handler                     0x08001bf4   Section        0  stm32f4xx_it.o(i.UsageFault_Handler)
    i._init_box                              0x08001bf6   Section        0  rt_membox.o(i._init_box)
    i._mutex_acquire                         0x08001c3c   Section        0  rtx_conf_cm.o(i._mutex_acquire)
    __tagsym$$used                           0x08001c3d   Number         0  rtx_conf_cm.o(i._mutex_acquire)
    i._mutex_release                         0x08001c5c   Section        0  rtx_conf_cm.o(i._mutex_release)
    __tagsym$$used                           0x08001c5d   Number         0  rtx_conf_cm.o(i._mutex_release)
    i._sys_exit                              0x08001c78   Section        0  retarget_usart.o(i._sys_exit)
    i.dbg_init                               0x08001c7c   Section        0  hal_cm.o(i.dbg_init)
    i.dbg_task_notify                        0x08001cac   Section        0  hal_cm.o(i.dbg_task_notify)
    i.dbg_task_switch                        0x08001ccc   Section        0  hal_cm.o(i.dbg_task_switch)
    i.ferror                                 0x08001cdc   Section        0  retarget_usart.o(i.ferror)
    i.fputc                                  0x08001ce2   Section        0  retarget_usart.o(i.fputc)
    i.isrMessageGet                          0x08001ce6   Section        0  rt_cmsis.o(i.isrMessageGet)
    i.isrMessagePut                          0x08001d10   Section        0  rt_cmsis.o(i.isrMessagePut)
    i.isr_mbx_receive                        0x08001d3c   Section        0  rt_mailbox.o(i.isr_mbx_receive)
    i.isr_mbx_send                           0x08001d8e   Section        0  rt_mailbox.o(i.isr_mbx_send)
    i.main                                   0x08001d9c   Section        0  adc_test.o(i.main)
    i.osKernelInitialize                     0x08001dc0   Section        0  rt_cmsis.o(i.osKernelInitialize)
    i.osKernelStart                          0x08001de4   Section        0  rt_cmsis.o(i.osKernelStart)
    i.osMessageGet                           0x08001e50   Section        0  rt_cmsis.o(i.osMessageGet)
    i.osThreadCreate                         0x08001e68   Section        0  rt_cmsis.o(i.osThreadCreate)
    i.osThreadExit                           0x08001e98   Section        0  rt_cmsis.o(i.osThreadExit)
    i.osTimerCall                            0x08001eb0   Section        0  rt_cmsis.o(i.osTimerCall)
    i.osTimerThread                          0x08001ebc   Section        0  rt_cmsis.o(i.osTimerThread)
    i.os_error                               0x08001ee8   Section        0  rtx_conf_cm.o(i.os_error)
    i.os_idle_demon                          0x08001eea   Section        0  rtx_conf_cm.o(i.os_idle_demon)
    i.os_tick_init                           0x08001eec   Section        0  rt_system.o(i.os_tick_init)
    i.os_tick_irqack                         0x08001f14   Section        0  rt_system.o(i.os_tick_irqack)
    i.rt_alloc_box                           0x08001f16   Section        0  rt_membox.o(i.rt_alloc_box)
    i.rt_alloc_mem                           0x08001f30   Section        0  rt_memory.o(i.rt_alloc_mem)
    i.rt_block                               0x08001f70   Section        0  rt_task.o(i.rt_block)
    i.rt_chk_robin                           0x08001fa8   Section        0  rt_robin.o(i.rt_chk_robin)
    i.rt_dec_dly                             0x08001ff0   Section        0  rt_list.o(i.rt_dec_dly)
    i.rt_dispatch                            0x08002060   Section        0  rt_task.o(i.rt_dispatch)
    i.rt_evt_psh                             0x080020a4   Section        0  rt_event.o(i.rt_evt_psh)
    i.rt_free_box                            0x080020f4   Section        0  rt_membox.o(i.rt_free_box)
    i.rt_free_mem                            0x08002120   Section        0  rt_memory.o(i.rt_free_mem)
    i.rt_get_first                           0x08002148   Section        0  rt_list.o(i.rt_get_first)
    i.rt_id2obj                              0x08002170   Section        0  rt_cmsis.o(i.rt_id2obj)
    rt_id2obj                                0x08002171   Thumb Code     8  rt_cmsis.o(i.rt_id2obj)
    i.rt_init_context                        0x08002178   Section        0  rt_task.o(i.rt_init_context)
    rt_init_context                          0x08002179   Thumb Code    66  rt_task.o(i.rt_init_context)
    i.rt_init_mem                            0x080021c0   Section        0  rt_memory.o(i.rt_init_mem)
    i.rt_init_robin                          0x080021dc   Section        0  rt_robin.o(i.rt_init_robin)
    i.rt_init_stack                          0x080021f4   Section        0  hal_cm.o(i.rt_init_stack)
    i.rt_mbx_check                           0x08002274   Section        0  rt_mailbox.o(i.rt_mbx_check)
    i.rt_mbx_init                            0x0800227c   Section        0  rt_mailbox.o(i.rt_mbx_init)
    i.rt_mbx_psh                             0x08002298   Section        0  rt_mailbox.o(i.rt_mbx_psh)
    i.rt_mbx_wait                            0x08002388   Section        0  rt_mailbox.o(i.rt_mbx_wait)
    i.rt_ms2tick                             0x0800243c   Section        0  rt_cmsis.o(i.rt_ms2tick)
    rt_ms2tick                               0x0800243d   Thumb Code    58  rt_cmsis.o(i.rt_ms2tick)
    i.rt_mut_release                         0x08002480   Section        0  rt_mutex.o(i.rt_mut_release)
    i.rt_mut_wait                            0x08002558   Section        0  rt_mutex.o(i.rt_mut_wait)
    i.rt_pop_req                             0x080025c0   Section        0  rt_system.o(i.rt_pop_req)
    i.rt_psh_req                             0x0800263c   Section        0  rt_system.o(i.rt_psh_req)
    i.rt_psq_enq                             0x0800265c   Section        0  rt_list.o(i.rt_psq_enq)
    i.rt_put_dly                             0x080026b8   Section        0  rt_list.o(i.rt_put_dly)
    i.rt_put_prio                            0x08002700   Section        0  rt_list.o(i.rt_put_prio)
    i.rt_put_rdy_first                       0x08002738   Section        0  rt_list.o(i.rt_put_rdy_first)
    i.rt_resort_prio                         0x0800274c   Section        0  rt_list.o(i.rt_resort_prio)
    i.rt_ret_regs                            0x08002780   Section        0  hal_cm.o(i.rt_ret_regs)
    rt_ret_regs                              0x08002781   Thumb Code    16  hal_cm.o(i.rt_ret_regs)
    i.rt_ret_val                             0x08002790   Section        0  hal_cm.o(i.rt_ret_val)
    i.rt_ret_val2                            0x0800279c   Section        0  hal_cm.o(i.rt_ret_val2)
    i.rt_rmv_dly                             0x080027ac   Section        0  rt_list.o(i.rt_rmv_dly)
    i.rt_rmv_list                            0x080027d4   Section        0  rt_list.o(i.rt_rmv_list)
    i.rt_sem_psh                             0x08002804   Section        0  rt_semaphore.o(i.rt_sem_psh)
    i.rt_stk_check                           0x08002838   Section        0  rt_system.o(i.rt_stk_check)
    i.rt_switch_req                          0x0800285c   Section        0  rt_task.o(i.rt_switch_req)
    i.rt_sys_init                            0x08002884   Section        0  rt_task.o(i.rt_sys_init)
    i.rt_sys_start                           0x08002950   Section        0  rt_task.o(i.rt_sys_start)
    i.rt_systick                             0x080029c8   Section        0  rt_system.o(i.rt_systick)
    i.rt_tid2ptcb                            0x08002a08   Section        0  rt_cmsis.o(i.rt_tid2ptcb)
    rt_tid2ptcb                              0x08002a09   Thumb Code    18  rt_cmsis.o(i.rt_tid2ptcb)
    i.rt_timer_insert                        0x08002a1c   Section        0  rt_cmsis.o(i.rt_timer_insert)
    rt_timer_insert                          0x08002a1d   Thumb Code    48  rt_cmsis.o(i.rt_timer_insert)
    i.rt_tsk_create                          0x08002a50   Section        0  rt_task.o(i.rt_tsk_create)
    i.rt_tsk_delete                          0x08002ad8   Section        0  rt_task.o(i.rt_tsk_delete)
    i.rt_tsk_prio                            0x08002c54   Section        0  rt_task.o(i.rt_tsk_prio)
    i.rt_tsk_self                            0x08002cd0   Section        0  rt_task.o(i.rt_tsk_self)
    i.svcKernelInitialize                    0x08002ce0   Section        0  rt_cmsis.o(i.svcKernelInitialize)
    i.svcKernelStart                         0x08002d50   Section        0  rt_cmsis.o(i.svcKernelStart)
    i.svcMessageCreate                       0x08002d98   Section        0  rt_cmsis.o(i.svcMessageCreate)
    i.svcMessageGet                          0x08002dbc   Section        0  rt_cmsis.o(i.svcMessageGet)
    i.svcThreadCreate                        0x08002df8   Section        0  rt_cmsis.o(i.svcThreadCreate)
    i.svcThreadGetId                         0x08002e68   Section        0  rt_cmsis.o(i.svcThreadGetId)
    i.svcThreadTerminate                     0x08002e84   Section        0  rt_cmsis.o(i.svcThreadTerminate)
    i.svcTimerCall                           0x08002ebc   Section        0  rt_cmsis.o(i.svcTimerCall)
    i.sysTimerTick                           0x08002ed4   Section        0  rt_cmsis.o(i.sysTimerTick)
    x$fpl$fpinit                             0x08002f30   Section       10  fpinit.o(x$fpl$fpinit)
    $v0                                      0x08002f30   Number         0  fpinit.o(x$fpl$fpinit)
    .constdata                               0x08002f3a   Section        4  gpio_config.o(.constdata)
    .constdata                               0x08002f3e   Section       16  stm32f4xx_hal_rcc.o(.constdata)
    .constdata                               0x08002f4e   Section        8  stm32f4xx_hal_dma.o(.constdata)
    flagBitshiftOffset                       0x08002f4e   Data           8  stm32f4xx_hal_dma.o(.constdata)
    .constdata                               0x08002f56   Section        2  rtx_conf_cm.o(.constdata)
    .constdata                               0x08002f58   Section        4  rtx_conf_cm.o(.constdata)
    .constdata                               0x08002f5c   Section        4  rtx_conf_cm.o(.constdata)
    .constdata                               0x08002f60   Section        4  rtx_conf_cm.o(.constdata)
    .constdata                               0x08002f64   Section        1  rtx_conf_cm.o(.constdata)
    .constdata                               0x08002f68   Section       16  rtx_conf_cm.o(.constdata)
    __tagsym$$used                           0x08002f68   Number         0  rtx_conf_cm.o(.constdata)
    __tagsym$$used                           0x08002f6c   Number         0  rtx_conf_cm.o(.constdata)
    __tagsym$$used                           0x08002f70   Number         0  rtx_conf_cm.o(.constdata)
    __tagsym$$used                           0x08002f74   Number         0  rtx_conf_cm.o(.constdata)
    .constdata                               0x08002f78   Section        2  rtx_conf_cm.o(.constdata)
    .constdata                               0x08002f7c   Section        4  rtx_conf_cm.o(.constdata)
    .constdata                               0x08002f80   Section        4  rtx_conf_cm.o(.constdata)
    .constdata                               0x08002f84   Section        1  rtx_conf_cm.o(.constdata)
    .constdata                               0x08002f88   Section       16  rtx_conf_cm.o(.constdata)
    .constdata                               0x08002f98   Section        8  rtx_conf_cm.o(.constdata)
    .constdata                               0x08002fa0   Section        2  rtx_conf_cm.o(.constdata)
    .data                                    0x20000000   Section        4  system_stm32f4xx.o(.data)
    .data                                    0x20000004   Section        4  retarget_usart.o(.data)
    .data                                    0x20000008   Section        4  serial.o(.data)
    .data                                    0x2000000c   Section        4  gpio_config.o(.data)
    .data                                    0x20000010   Section        4  stm32f4xx_hal.o(.data)
    .data                                    0x20000014   Section        4  rtx_conf_cm.o(.data)
    .data                                    0x20000018   Section       16  rtx_conf_cm.o(.data)
    .data                                    0x20000028   Section        4  rtx_conf_cm.o(.data)
    .data                                    0x2000002c   Section        4  rtx_conf_cm.o(.data)
    .data                                    0x20000030   Section        8  rt_cmsis.o(.data)
    .data                                    0x20000038   Section        8  rt_task.o(.data)
    .data                                    0x20000040   Section        8  rt_system.o(.data)
    os_lock                                  0x20000040   Data           1  rt_system.o(.data)
    os_psh_flag                              0x20000041   Data           1  rt_system.o(.data)
    pend_flags                               0x20000042   Data           1  rt_system.o(.data)
    .data                                    0x20000048   Section        4  rt_time.o(.data)
    .data                                    0x2000004c   Section        8  rt_robin.o(.data)
    .data                                    0x20000054   Section        1  hal_cm.o(.data)
    .bss                                     0x20000058   Section       64  uart2.o(.bss)
    .bss                                     0x20000098   Section       32  rtx_conf_cm.o(.bss)
    .bss                                     0x200000b8   Section      376  rtx_conf_cm.o(.bss)
    .bss                                     0x20000230   Section     1216  rtx_conf_cm.o(.bss)
    .bss                                     0x200006f0   Section     1456  rtx_conf_cm.o(.bss)
    .bss                                     0x20000ca0   Section      132  rtx_conf_cm.o(.bss)
    .bss                                     0x20000d24   Section       28  rtx_conf_cm.o(.bss)
    .bss                                     0x20000d40   Section       52  rt_task.o(.bss)
    .bss                                     0x20000d74   Section       48  rt_list.o(.bss)
    .bss                                     0x20000da4   Section       96  libspace.o(.bss)
    HEAP                                     0x20000e08   Section      512  startup_stm32f401xe.o(HEAP)
    Heap_Mem                                 0x20000e08   Data         512  startup_stm32f401xe.o(HEAP)
    STACK                                    0x20001008   Section     1024  startup_stm32f401xe.o(STACK)
    Stack_Mem                                0x20001008   Data        1024  startup_stm32f401xe.o(STACK)
    __initial_sp                             0x20001408   Data           0  startup_stm32f401xe.o(STACK)

    Global Symbols

    Symbol Name                              Value     Ov Type        Size  Object(Section)

    BuildAttributes$$THM_ISAv4$E$P$D$K$B$S$7EM$VFPi3$EXTD16$VFPS$VFMA$PE$A:L22UL41UL21$X:L11$S22US41US21$IEEE1$IW$USESV6$~STKCKD$USESV7$~SHL$OSPACE$ROPI$EBA8$UX$STANDARDLIB$REQ8$PRES8$EABIv2 0x00000000   Number         0  anon$$obj.o ABSOLUTE
    __ARM_use_no_argv                        0x00000000   Number         0  adc_test.o ABSOLUTE
    __ARM_exceptions_init                     - Undefined Weak Reference
    __alloca_initialize                       - Undefined Weak Reference
    __arm_preinit_                            - Undefined Weak Reference
    __cpp_initialize__aeabi_                  - Undefined Weak Reference
    __cxa_finalize                            - Undefined Weak Reference
    __rt_locale                               - Undefined Weak Reference
    __sigvec_lookup                           - Undefined Weak Reference
    _atexit_init                              - Undefined Weak Reference
    _call_atexit_fns                          - Undefined Weak Reference
    _clock_init                               - Undefined Weak Reference
    _fp_trap_init                             - Undefined Weak Reference
    _fp_trap_shutdown                         - Undefined Weak Reference
    _get_lc_collate                           - Undefined Weak Reference
    _get_lc_ctype                             - Undefined Weak Reference
    _get_lc_monetary                          - Undefined Weak Reference
    _get_lc_numeric                           - Undefined Weak Reference
    _get_lc_time                              - Undefined Weak Reference
    _getenv_init                              - Undefined Weak Reference
    _handle_redirection                       - Undefined Weak Reference
    _init_alloc                               - Undefined Weak Reference
    _init_user_alloc                          - Undefined Weak Reference
    _initio                                   - Undefined Weak Reference
    _rand_init                                - Undefined Weak Reference
    _signal_finish                            - Undefined Weak Reference
    _signal_init                              - Undefined Weak Reference
    _terminate_alloc                          - Undefined Weak Reference
    _terminate_user_alloc                     - Undefined Weak Reference
    _terminateio                              - Undefined Weak Reference
    __Vectors_Size                           0x00000194   Number         0  startup_stm32f401xe.o ABSOLUTE
    __RL_RTX_VER                             0x00000480   Number         0  rt_system.o ABSOLUTE
    __Vectors                                0x08000000   Data           4  startup_stm32f401xe.o(RESET)
    __Vectors_End                            0x08000194   Data           0  startup_stm32f401xe.o(RESET)
    __main                                   0x08000195   Thumb Code     8  __main.o(!!!main)
    __scatterload                            0x0800019d   Thumb Code     0  __scatter.o(!!!scatter)
    __scatterload_rt2                        0x0800019d   Thumb Code    44  __scatter.o(!!!scatter)
    __scatterload_rt2_thumb_only             0x0800019d   Thumb Code     0  __scatter.o(!!!scatter)
    __scatterload_null                       0x080001ab   Thumb Code     0  __scatter.o(!!!scatter)
    __scatterload_copy                       0x080001d1   Thumb Code    26  __scatter_copy.o(!!handler_copy)
    __scatterload_zeroinit                   0x080001ed   Thumb Code    28  __scatter_zi.o(!!handler_zi)
    __rt_lib_init                            0x08000209   Thumb Code     0  libinit.o(.ARM.Collect$$libinit$$00000000)
    __rt_lib_init_fp_1                       0x0800020b   Thumb Code     0  libinit2.o(.ARM.Collect$$libinit$$00000001)
    __rt_lib_init_alloca_1                   0x0800020f   Thumb Code     0  libinit2.o(.ARM.Collect$$libinit$$0000002E)
    __rt_lib_init_argv_1                     0x0800020f   Thumb Code     0  libinit2.o(.ARM.Collect$$libinit$$0000002C)
    __rt_lib_init_atexit_1                   0x0800020f   Thumb Code     0  libinit2.o(.ARM.Collect$$libinit$$0000001B)
    __rt_lib_init_clock_1                    0x0800020f   Thumb Code     0  libinit2.o(.ARM.Collect$$libinit$$00000021)
    __rt_lib_init_cpp_1                      0x0800020f   Thumb Code     0  libinit2.o(.ARM.Collect$$libinit$$00000032)
    __rt_lib_init_exceptions_1               0x0800020f   Thumb Code     0  libinit2.o(.ARM.Collect$$libinit$$00000030)
    __rt_lib_init_fp_trap_1                  0x0800020f   Thumb Code     0  libinit2.o(.ARM.Collect$$libinit$$0000001F)
    __rt_lib_init_getenv_1                   0x0800020f   Thumb Code     0  libinit2.o(.ARM.Collect$$libinit$$00000023)
    __rt_lib_init_heap_1                     0x0800020f   Thumb Code     0  libinit2.o(.ARM.Collect$$libinit$$0000000A)
    __rt_lib_init_lc_collate_1               0x0800020f   Thumb Code     0  libinit2.o(.ARM.Collect$$libinit$$00000011)
    __rt_lib_init_lc_ctype_1                 0x0800020f   Thumb Code     0  libinit2.o(.ARM.Collect$$libinit$$00000013)
    __rt_lib_init_lc_monetary_1              0x0800020f   Thumb Code     0  libinit2.o(.ARM.Collect$$libinit$$00000015)
    __rt_lib_init_lc_numeric_1               0x0800020f   Thumb Code     0  libinit2.o(.ARM.Collect$$libinit$$00000017)
    __rt_lib_init_lc_time_1                  0x0800020f   Thumb Code     0  libinit2.o(.ARM.Collect$$libinit$$00000019)
    __rt_lib_init_preinit_1                  0x0800020f   Thumb Code     0  libinit2.o(.ARM.Collect$$libinit$$00000004)
    __rt_lib_init_rand_1                     0x0800020f   Thumb Code     0  libinit2.o(.ARM.Collect$$libinit$$0000000E)
    __rt_lib_init_return                     0x0800020f   Thumb Code     0  libinit2.o(.ARM.Collect$$libinit$$00000033)
    __rt_lib_init_signal_1                   0x0800020f   Thumb Code     0  libinit2.o(.ARM.Collect$$libinit$$0000001D)
    __rt_lib_init_stdio_1                    0x0800020f   Thumb Code     0  libinit2.o(.ARM.Collect$$libinit$$00000025)
    __rt_lib_init_user_alloc_1               0x0800020f   Thumb Code     0  libinit2.o(.ARM.Collect$$libinit$$0000000C)
    __rt_lib_shutdown                        0x08000211   Thumb Code     0  libshutdown.o(.ARM.Collect$$libshutdown$$00000000)
    __rt_lib_shutdown_cpp_1                  0x08000213   Thumb Code     0  libshutdown2.o(.ARM.Collect$$libshutdown$$00000002)
    __rt_lib_shutdown_fp_trap_1              0x08000213   Thumb Code     0  libshutdown2.o(.ARM.Collect$$libshutdown$$00000007)
    __rt_lib_shutdown_heap_1                 0x08000213   Thumb Code     0  libshutdown2.o(.ARM.Collect$$libshutdown$$0000000F)
    __rt_lib_shutdown_return                 0x08000213   Thumb Code     0  libshutdown2.o(.ARM.Collect$$libshutdown$$00000010)
    __rt_lib_shutdown_signal_1               0x08000213   Thumb Code     0  libshutdown2.o(.ARM.Collect$$libshutdown$$0000000A)
    __rt_lib_shutdown_stdio_1                0x08000213   Thumb Code     0  libshutdown2.o(.ARM.Collect$$libshutdown$$00000004)
    __rt_lib_shutdown_user_alloc_1           0x08000213   Thumb Code     0  libshutdown2.o(.ARM.Collect$$libshutdown$$0000000C)
    __rt_entry                               0x08000215   Thumb Code     0  __rtentry.o(.ARM.Collect$$rtentry$$00000000)
    __rt_entry_presh_1                       0x08000215   Thumb Code     0  __rtentry2.o(.ARM.Collect$$rtentry$$00000002)
    __rt_entry_sh                            0x08000215   Thumb Code     0  __rtentry4.o(.ARM.Collect$$rtentry$$00000004)
    __rt_entry_li                            0x0800021b   Thumb Code     0  __rtentry2.o(.ARM.Collect$$rtentry$$0000000A)
    __rt_entry_postsh_1                      0x0800021b   Thumb Code     0  __rtentry2.o(.ARM.Collect$$rtentry$$00000009)
    __rt_entry_postli_1                      0x0800021f   Thumb Code     0  __rtentry2.o(.ARM.Collect$$rtentry$$0000000B)
    __rt_entry_main                          0x08000227   Thumb Code     0  __rtentry2.o(.ARM.Collect$$rtentry$$0000000D)
    __rt_exit                                0x0800022f   Thumb Code     0  rtexit.o(.ARM.Collect$$rtexit$$00000000)
    __rt_exit_ls                             0x08000231   Thumb Code     0  rtexit2.o(.ARM.Collect$$rtexit$$00000003)
    __rt_exit_prels_1                        0x08000231   Thumb Code     0  rtexit2.o(.ARM.Collect$$rtexit$$00000002)
    __rt_exit_exit                           0x08000235   Thumb Code     0  rtexit2.o(.ARM.Collect$$rtexit$$00000004)
    _platform_post_lib_init                  0x0800023d   Thumb Code    24  rtx_conf_cm.o(.emb_text)
    rt_set_PSP                               0x08000259   Thumb Code     6  hal_cm4.o(.emb_text)
    rt_get_PSP                               0x0800025f   Thumb Code     6  hal_cm4.o(.emb_text)
    os_set_env                               0x08000265   Thumb Code    24  hal_cm4.o(.emb_text)
    _alloc_box                               0x08000281   Thumb Code    28  hal_cm4.o(.emb_text)
    _free_box                                0x080002a1   Thumb Code    28  hal_cm4.o(.emb_text)
    SVC_Handler                              0x080002c1   Thumb Code   168  hal_cm4.o(.emb_text)
    PendSV_Handler                           0x08000379   Thumb Code    96  hal_cm4.o(.emb_text)
    SysTick_Handler                          0x080003dd   Thumb Code     8  hal_cm4.o(.emb_text)
    OS_Tick_Handler                          0x080003e5   Thumb Code    12  hal_cm4.o(.emb_text)
    Reset_Handler                            0x080003f1   Thumb Code     8  startup_stm32f401xe.o(.text)
    ADC_IRQHandler                           0x0800040b   Thumb Code     0  startup_stm32f401xe.o(.text)
    DMA1_Stream0_IRQHandler                  0x0800040b   Thumb Code     0  startup_stm32f401xe.o(.text)
    DMA1_Stream1_IRQHandler                  0x0800040b   Thumb Code     0  startup_stm32f401xe.o(.text)
    DMA1_Stream2_IRQHandler                  0x0800040b   Thumb Code     0  startup_stm32f401xe.o(.text)
    DMA1_Stream3_IRQHandler                  0x0800040b   Thumb Code     0  startup_stm32f401xe.o(.text)
    DMA1_Stream4_IRQHandler                  0x0800040b   Thumb Code     0  startup_stm32f401xe.o(.text)
    DMA1_Stream5_IRQHandler                  0x0800040b   Thumb Code     0  startup_stm32f401xe.o(.text)
    DMA1_Stream7_IRQHandler                  0x0800040b   Thumb Code     0  startup_stm32f401xe.o(.text)
    DMA2_Stream0_IRQHandler                  0x0800040b   Thumb Code     0  startup_stm32f401xe.o(.text)
    DMA2_Stream1_IRQHandler                  0x0800040b   Thumb Code     0  startup_stm32f401xe.o(.text)
    DMA2_Stream2_IRQHandler                  0x0800040b   Thumb Code     0  startup_stm32f401xe.o(.text)
    DMA2_Stream3_IRQHandler                  0x0800040b   Thumb Code     0  startup_stm32f401xe.o(.text)
    DMA2_Stream4_IRQHandler                  0x0800040b   Thumb Code     0  startup_stm32f401xe.o(.text)
    DMA2_Stream5_IRQHandler                  0x0800040b   Thumb Code     0  startup_stm32f401xe.o(.text)
    DMA2_Stream6_IRQHandler                  0x0800040b   Thumb Code     0  startup_stm32f401xe.o(.text)
    DMA2_Stream7_IRQHandler                  0x0800040b   Thumb Code     0  startup_stm32f401xe.o(.text)
    EXTI0_IRQHandler                         0x0800040b   Thumb Code     0  startup_stm32f401xe.o(.text)
    EXTI1_IRQHandler                         0x0800040b   Thumb Code     0  startup_stm32f401xe.o(.text)
    EXTI2_IRQHandler                         0x0800040b   Thumb Code     0  startup_stm32f401xe.o(.text)
    EXTI3_IRQHandler                         0x0800040b   Thumb Code     0  startup_stm32f401xe.o(.text)
    EXTI4_IRQHandler                         0x0800040b   Thumb Code     0  startup_stm32f401xe.o(.text)
    EXTI9_5_IRQHandler                       0x0800040b   Thumb Code     0  startup_stm32f401xe.o(.text)
    FLASH_IRQHandler                         0x0800040b   Thumb Code     0  startup_stm32f401xe.o(.text)
    FPU_IRQHandler                           0x0800040b   Thumb Code     0  startup_stm32f401xe.o(.text)
    I2C1_ER_IRQHandler                       0x0800040b   Thumb Code     0  startup_stm32f401xe.o(.text)
    I2C1_EV_IRQHandler                       0x0800040b   Thumb Code     0  startup_stm32f401xe.o(.text)
    I2C2_ER_IRQHandler                       0x0800040b   Thumb Code     0  startup_stm32f401xe.o(.text)
    I2C2_EV_IRQHandler                       0x0800040b   Thumb Code     0  startup_stm32f401xe.o(.text)
    I2C3_ER_IRQHandler                       0x0800040b   Thumb Code     0  startup_stm32f401xe.o(.text)
    I2C3_EV_IRQHandler                       0x0800040b   Thumb Code     0  startup_stm32f401xe.o(.text)
    OTG_FS_IRQHandler                        0x0800040b   Thumb Code     0  startup_stm32f401xe.o(.text)
    OTG_FS_WKUP_IRQHandler                   0x0800040b   Thumb Code     0  startup_stm32f401xe.o(.text)
    PVD_IRQHandler                           0x0800040b   Thumb Code     0  startup_stm32f401xe.o(.text)
    RCC_IRQHandler                           0x0800040b   Thumb Code     0  startup_stm32f401xe.o(.text)
    RTC_Alarm_IRQHandler                     0x0800040b   Thumb Code     0  startup_stm32f401xe.o(.text)
    RTC_WKUP_IRQHandler                      0x0800040b   Thumb Code     0  startup_stm32f401xe.o(.text)
    SDIO_IRQHandler                          0x0800040b   Thumb Code     0  startup_stm32f401xe.o(.text)
    SPI1_IRQHandler                          0x0800040b   Thumb Code     0  startup_stm32f401xe.o(.text)
    SPI2_IRQHandler                          0x0800040b   Thumb Code     0  startup_stm32f401xe.o(.text)
    SPI3_IRQHandler                          0x0800040b   Thumb Code     0  startup_stm32f401xe.o(.text)
    SPI4_IRQHandler                          0x0800040b   Thumb Code     0  startup_stm32f401xe.o(.text)
    TAMP_STAMP_IRQHandler                    0x0800040b   Thumb Code     0  startup_stm32f401xe.o(.text)
    TIM1_BRK_TIM9_IRQHandler                 0x0800040b   Thumb Code     0  startup_stm32f401xe.o(.text)
    TIM1_CC_IRQHandler                       0x0800040b   Thumb Code     0  startup_stm32f401xe.o(.text)
    TIM1_TRG_COM_TIM11_IRQHandler            0x0800040b   Thumb Code     0  startup_stm32f401xe.o(.text)
    TIM1_UP_TIM10_IRQHandler                 0x0800040b   Thumb Code     0  startup_stm32f401xe.o(.text)
    TIM2_IRQHandler                          0x0800040b   Thumb Code     0  startup_stm32f401xe.o(.text)
    TIM3_IRQHandler                          0x0800040b   Thumb Code     0  startup_stm32f401xe.o(.text)
    TIM4_IRQHandler                          0x0800040b   Thumb Code     0  startup_stm32f401xe.o(.text)
    TIM5_IRQHandler                          0x0800040b   Thumb Code     0  startup_stm32f401xe.o(.text)
    USART1_IRQHandler                        0x0800040b   Thumb Code     0  startup_stm32f401xe.o(.text)
    USART6_IRQHandler                        0x0800040b   Thumb Code     0  startup_stm32f401xe.o(.text)
    WWDG_IRQHandler                          0x0800040b   Thumb Code     0  startup_stm32f401xe.o(.text)
    __user_initial_stackheap                 0x0800040d   Thumb Code     0  startup_stm32f401xe.o(.text)
    __user_libspace                          0x08000431   Thumb Code     8  libspace.o(.text)
    __user_perproc_libspace                  0x08000431   Thumb Code     0  libspace.o(.text)
    __I$use$semihosting                      0x08000439   Thumb Code     0  use_no_semi.o(.text)
    __use_no_semihosting_swi                 0x08000439   Thumb Code     2  use_no_semi.o(.text)
    __2printf                                0x0800043d   Thumb Code    20  noretval__2printf.o(.text)
    exit                                     0x08000455   Thumb Code    18  exit.o(.text)
    __aeabi_memcpy4                          0x08000467   Thumb Code     0  rt_memcpy_w.o(.text)
    __aeabi_memcpy8                          0x08000467   Thumb Code     0  rt_memcpy_w.o(.text)
    __rt_memcpy_w                            0x08000467   Thumb Code   100  rt_memcpy_w.o(.text)
    _memcpy_lastbytes_aligned                0x080004af   Thumb Code     0  rt_memcpy_w.o(.text)
    __use_two_region_memory                  0x080004cb   Thumb Code     2  heapauxi.o(.text)
    __rt_heap_escrow$2region                 0x080004cd   Thumb Code     2  heapauxi.o(.text)
    __rt_heap_expand$2region                 0x080004cf   Thumb Code     2  heapauxi.o(.text)
    _printf_char_file                        0x080004d1   Thumb Code    32  _printf_char_file.o(.text)
    _printf_char_common                      0x080004ff   Thumb Code    32  _printf_char_common.o(.text)
    __user_setup_stackheap                   0x08000525   Thumb Code    74  sys_stackheap_outer.o(.text)
    __printf                                 0x0800056f   Thumb Code    40  __printf_nopercent.o(.text)
    SVC_Count                                0x08000598   Data           4  svc_table.o(SVC_TABLE)
    BSP_PB_Init                              0x0800059d   Thumb Code   108  gpio_config.o(i.BSP_PB_Init)
    SVC_Table                                0x0800059c   Data           0  svc_table.o(SVC_TABLE)
    BusFault_Handler                         0x08000619   Thumb Code     2  stm32f4xx_it.o(i.BusFault_Handler)
    DMA1_Stream6_IRQHandler                  0x0800061d   Thumb Code     8  stm32f4xx_it.o(i.DMA1_Stream6_IRQHandler)
    DMA_Config                               0x080006a5   Thumb Code   166  dma_config.o(i.DMA_Config)
    DebugMon_Handler                         0x08000781   Thumb Code     2  stm32f4xx_it.o(i.DebugMon_Handler)
    EXTI15_10_IRQHandler                     0x08000783   Thumb Code     8  stm32f4xx_it.o(i.EXTI15_10_IRQHandler)
    Error_Handler                            0x0800078b   Thumb Code     2  sys.o(i.Error_Handler)
    GPIO_Config                              0x0800078d   Thumb Code    54  gpio_config.o(i.GPIO_Config)
    HAL_DMA_Abort_IT                         0x080007c9   Thumb Code    36  stm32f4xx_hal_dma.o(i.HAL_DMA_Abort_IT)
    HAL_DMA_IRQHandler                       0x080007ed   Thumb Code   414  stm32f4xx_hal_dma.o(i.HAL_DMA_IRQHandler)
    HAL_DMA_Init                             0x08000995   Thumb Code   202  stm32f4xx_hal_dma.o(i.HAL_DMA_Init)
    HAL_DMA_Start_IT                         0x08000a65   Thumb Code   120  stm32f4xx_hal_dma.o(i.HAL_DMA_Start_IT)
    HAL_GPIO_EXTI_Callback                   0x08000add   Thumb Code     6  gpio_config.o(i.HAL_GPIO_EXTI_Callback)
    HAL_GPIO_EXTI_IRQHandler                 0x08000b01   Thumb Code    18  stm32f4xx_hal_gpio.o(i.HAL_GPIO_EXTI_IRQHandler)
    HAL_GPIO_Init                            0x08000b19   Thumb Code   358  stm32f4xx_hal_gpio.o(i.HAL_GPIO_Init)
    HAL_GetTick                              0x08000ca1   Thumb Code     6  stm32f4xx_hal.o(i.HAL_GetTick)
    HAL_InitTick                             0x08000cad   Thumb Code    34  stm32f4xx_hal.o(i.HAL_InitTick)
    HAL_NVIC_EnableIRQ                       0x08000cd5   Thumb Code    22  stm32f4xx_hal_cortex.o(i.HAL_NVIC_EnableIRQ)
    HAL_NVIC_SetPriority                     0x08000ced   Thumb Code    60  stm32f4xx_hal_cortex.o(i.HAL_NVIC_SetPriority)
    HAL_RCC_CSSCallback                      0x08000d2d   Thumb Code     6  clock_config.o(i.HAL_RCC_CSSCallback)
    HAL_RCC_ClockConfig                      0x08000d61   Thumb Code   364  stm32f4xx_hal_rcc.o(i.HAL_RCC_ClockConfig)
    HAL_RCC_EnableCSS                        0x08000edd   Thumb Code     8  stm32f4xx_hal_rcc.o(i.HAL_RCC_EnableCSS)
    HAL_RCC_GetPCLK1Freq                     0x08000ee9   Thumb Code    34  stm32f4xx_hal_rcc.o(i.HAL_RCC_GetPCLK1Freq)
    HAL_RCC_GetPCLK2Freq                     0x08000f19   Thumb Code    34  stm32f4xx_hal_rcc.o(i.HAL_RCC_GetPCLK2Freq)
    HAL_RCC_GetSysClockFreq                  0x08000f49   Thumb Code   104  stm32f4xx_hal_rcc.o(i.HAL_RCC_GetSysClockFreq)
    HAL_RCC_NMI_IRQHandler                   0x08000fb9   Thumb Code    24  stm32f4xx_hal_rcc.o(i.HAL_RCC_NMI_IRQHandler)
    HAL_RCC_OscConfig                        0x08000fd5   Thumb Code   770  stm32f4xx_hal_rcc.o(i.HAL_RCC_OscConfig)
    HAL_SYSTICK_Config                       0x080012e9   Thumb Code    40  stm32f4xx_hal_cortex.o(i.HAL_SYSTICK_Config)
    HAL_UART_ErrorCallback                   0x08001311   Thumb Code     2  stm32f4xx_hal_uart.o(i.HAL_UART_ErrorCallback)
    HAL_UART_IRQHandler                      0x08001315   Thumb Code   266  stm32f4xx_hal_uart.o(i.HAL_UART_IRQHandler)
    HAL_UART_Init                            0x08001425   Thumb Code    98  stm32f4xx_hal_uart.o(i.HAL_UART_Init)
    HAL_UART_MspInit                         0x08001487   Thumb Code     2  stm32f4xx_hal_uart.o(i.HAL_UART_MspInit)
    HAL_UART_RxCpltCallback                  0x08001489   Thumb Code     6  uart2.o(i.HAL_UART_RxCpltCallback)
    HAL_UART_Transmit_DMA                    0x080014a5   Thumb Code   114  stm32f4xx_hal_uart.o(i.HAL_UART_Transmit_DMA)
    HAL_UART_TxCpltCallback                  0x08001525   Thumb Code     6  uart2.o(i.HAL_UART_TxCpltCallback)
    HAL_UART_TxHalfCpltCallback              0x08001541   Thumb Code     2  stm32f4xx_hal_uart.o(i.HAL_UART_TxHalfCpltCallback)
    HardFault_Handler                        0x08001543   Thumb Code     2  stm32f4xx_it.o(i.HardFault_Handler)
    MemManage_Handler                        0x0800156d   Thumb Code     2  stm32f4xx_it.o(i.MemManage_Handler)
    NMI_Handler                              0x0800156f   Thumb Code     4  stm32f4xx_it.o(i.NMI_Handler)
    SER_Initialize                           0x08001595   Thumb Code     8  serial.o(i.SER_Initialize)
    SER_PutChar                              0x080015a5   Thumb Code    14  serial.o(i.SER_PutChar)
    SystemClock_Config                       0x080015b5   Thumb Code   170  clock_config.o(i.SystemClock_Config)
    SystemInit                               0x08001669   Thumb Code    66  system_stm32f4xx.o(i.SystemInit)
    USART2_GPIO_Config                       0x08001b19   Thumb Code   110  uart2.o(i.USART2_GPIO_Config)
    USART2_IRQHandler                        0x08001b95   Thumb Code     6  stm32f4xx_it.o(i.USART2_IRQHandler)
    Uart2_Init                               0x08001ba1   Thumb Code    48  uart2.o(i.Uart2_Init)
    Uart2_Test                               0x08001bd9   Thumb Code    20  uart2.o(i.Uart2_Test)
    UsageFault_Handler                       0x08001bf5   Thumb Code     2  stm32f4xx_it.o(i.UsageFault_Handler)
    _init_box                                0x08001bf7   Thumb Code    70  rt_membox.o(i._init_box)
    _mutex_acquire                           0x08001c3d   Thumb Code    22  rtx_conf_cm.o(i._mutex_acquire)
    _mutex_release                           0x08001c5d   Thumb Code    18  rtx_conf_cm.o(i._mutex_release)
    _sys_exit                                0x08001c79   Thumb Code     2  retarget_usart.o(i._sys_exit)
    dbg_init                                 0x08001c7d   Thumb Code    34  hal_cm.o(i.dbg_init)
    dbg_task_notify                          0x08001cad   Thumb Code    32  hal_cm.o(i.dbg_task_notify)
    dbg_task_switch                          0x08001ccd   Thumb Code    16  hal_cm.o(i.dbg_task_switch)
    ferror                                   0x08001cdd   Thumb Code     6  retarget_usart.o(i.ferror)
    fputc                                    0x08001ce3   Thumb Code     4  retarget_usart.o(i.fputc)
    isrMessageGet                            0x08001ce7   Thumb Code    42  rt_cmsis.o(i.isrMessageGet)
    isrMessagePut                            0x08001d11   Thumb Code    44  rt_cmsis.o(i.isrMessagePut)
    isr_mbx_receive                          0x08001d3d   Thumb Code    82  rt_mailbox.o(i.isr_mbx_receive)
    isr_mbx_send                             0x08001d8f   Thumb Code    14  rt_mailbox.o(i.isr_mbx_send)
    main                                     0x08001d9d   Thumb Code    34  adc_test.o(i.main)
    osKernelInitialize                       0x08001dc1   Thumb Code    30  rt_cmsis.o(i.osKernelInitialize)
    osKernelStart                            0x08001de5   Thumb Code    98  rt_cmsis.o(i.osKernelStart)
    osMessageGet                             0x08001e51   Thumb Code    18  rt_cmsis.o(i.osMessageGet)
    osThreadCreate                           0x08001e69   Thumb Code    38  rt_cmsis.o(i.osThreadCreate)
    osThreadExit                             0x08001e99   Thumb Code    14  rt_cmsis.o(i.osThreadExit)
    osTimerCall                              0x08001eb1   Thumb Code     8  rt_cmsis.o(i.osTimerCall)
    osTimerThread                            0x08001ebd   Thumb Code    38  rt_cmsis.o(i.osTimerThread)
    os_error                                 0x08001ee9   Thumb Code     2  rtx_conf_cm.o(i.os_error)
    os_idle_demon                            0x08001eeb   Thumb Code     2  rtx_conf_cm.o(i.os_idle_demon)
    os_tick_init                             0x08001eed   Thumb Code    32  rt_system.o(i.os_tick_init)
    os_tick_irqack                           0x08001f15   Thumb Code     2  rt_system.o(i.os_tick_irqack)
    rt_alloc_box                             0x08001f17   Thumb Code    26  rt_membox.o(i.rt_alloc_box)
    rt_alloc_mem                             0x08001f31   Thumb Code    62  rt_memory.o(i.rt_alloc_mem)
    rt_block                                 0x08001f71   Thumb Code    48  rt_task.o(i.rt_block)
    rt_chk_robin                             0x08001fa9   Thumb Code    60  rt_robin.o(i.rt_chk_robin)
    rt_dec_dly                               0x08001ff1   Thumb Code   102  rt_list.o(i.rt_dec_dly)
    rt_dispatch                              0x08002061   Thumb Code    60  rt_task.o(i.rt_dispatch)
    rt_evt_psh                               0x080020a5   Thumb Code    76  rt_event.o(i.rt_evt_psh)
    rt_free_box                              0x080020f5   Thumb Code    44  rt_membox.o(i.rt_free_box)
    rt_free_mem                              0x08002121   Thumb Code    40  rt_memory.o(i.rt_free_mem)
    rt_get_first                             0x08002149   Thumb Code    40  rt_list.o(i.rt_get_first)
    rt_init_mem                              0x080021c1   Thumb Code    26  rt_memory.o(i.rt_init_mem)
    rt_init_robin                            0x080021dd   Thumb Code    14  rt_robin.o(i.rt_init_robin)
    rt_init_stack                            0x080021f5   Thumb Code   118  hal_cm.o(i.rt_init_stack)
    rt_mbx_check                             0x08002275   Thumb Code     8  rt_mailbox.o(i.rt_mbx_check)
    rt_mbx_init                              0x0800227d   Thumb Code    26  rt_mailbox.o(i.rt_mbx_init)
    rt_mbx_psh                               0x08002299   Thumb Code   236  rt_mailbox.o(i.rt_mbx_psh)
    rt_mbx_wait                              0x08002389   Thumb Code   174  rt_mailbox.o(i.rt_mbx_wait)
    rt_mut_release                           0x08002481   Thumb Code   208  rt_mutex.o(i.rt_mut_release)
    rt_mut_wait                              0x08002559   Thumb Code   100  rt_mutex.o(i.rt_mut_wait)
    rt_pop_req                               0x080025c1   Thumb Code   112  rt_system.o(i.rt_pop_req)
    rt_psh_req                               0x0800263d   Thumb Code    22  rt_system.o(i.rt_psh_req)
    rt_psq_enq                               0x0800265d   Thumb Code    88  rt_list.o(i.rt_psq_enq)
    rt_put_dly                               0x080026b9   Thumb Code    68  rt_list.o(i.rt_put_dly)
    rt_put_prio                              0x08002701   Thumb Code    54  rt_list.o(i.rt_put_prio)
    rt_put_rdy_first                         0x08002739   Thumb Code    14  rt_list.o(i.rt_put_rdy_first)
    rt_resort_prio                           0x0800274d   Thumb Code    46  rt_list.o(i.rt_resort_prio)
    rt_ret_val                               0x08002791   Thumb Code    12  hal_cm.o(i.rt_ret_val)
    rt_ret_val2                              0x0800279d   Thumb Code    16  hal_cm.o(i.rt_ret_val2)
    rt_rmv_dly                               0x080027ad   Thumb Code    40  rt_list.o(i.rt_rmv_dly)
    rt_rmv_list                              0x080027d5   Thumb Code    44  rt_list.o(i.rt_rmv_list)
    rt_sem_psh                               0x08002805   Thumb Code    48  rt_semaphore.o(i.rt_sem_psh)
    rt_stk_check                             0x08002839   Thumb Code    28  rt_system.o(i.rt_stk_check)
    rt_switch_req                            0x0800285d   Thumb Code    30  rt_task.o(i.rt_switch_req)
    rt_sys_init                              0x08002885   Thumb Code   138  rt_task.o(i.rt_sys_init)
    rt_sys_start                             0x08002951   Thumb Code   110  rt_task.o(i.rt_sys_start)
    rt_systick                               0x080029c9   Thumb Code    50  rt_system.o(i.rt_systick)
    rt_tsk_create                            0x08002a51   Thumb Code   118  rt_task.o(i.rt_tsk_create)
    rt_tsk_delete                            0x08002ad9   Thumb Code   352  rt_task.o(i.rt_tsk_delete)
    rt_tsk_prio                              0x08002c55   Thumb Code   108  rt_task.o(i.rt_tsk_prio)
    rt_tsk_self                              0x08002cd1   Thumb Code    12  rt_task.o(i.rt_tsk_self)
    svcKernelInitialize                      0x08002ce1   Thumb Code    80  rt_cmsis.o(i.svcKernelInitialize)
    svcKernelStart                           0x08002d51   Thumb Code    62  rt_cmsis.o(i.svcKernelStart)
    svcMessageCreate                         0x08002d99   Thumb Code    36  rt_cmsis.o(i.svcMessageCreate)
    svcMessageGet                            0x08002dbd   Thumb Code    58  rt_cmsis.o(i.svcMessageGet)
    svcThreadCreate                          0x08002df9   Thumb Code   100  rt_cmsis.o(i.svcThreadCreate)
    svcThreadGetId                           0x08002e69   Thumb Code    22  rt_cmsis.o(i.svcThreadGetId)
    svcThreadTerminate                       0x08002e85   Thumb Code    50  rt_cmsis.o(i.svcThreadTerminate)
    svcTimerCall                             0x08002ebd   Thumb Code    24  rt_cmsis.o(i.svcTimerCall)
    sysTimerTick                             0x08002ed5   Thumb Code    84  rt_cmsis.o(i.sysTimerTick)
    _fp_init                                 0x08002f31   Thumb Code    10  fpinit.o(x$fpl$fpinit)
    __fplib_config_fpu_vfp                   0x08002f39   Thumb Code     0  fpinit.o(x$fpl$fpinit)
    __fplib_config_pureend_doubles           0x08002f39   Thumb Code     0  fpinit.o(x$fpl$fpinit)
    BUTTON_IRQn                              0x08002f3a   Data           1  gpio_config.o(.constdata)
    BUTTON_PIN                               0x08002f3c   Data           2  gpio_config.o(.constdata)
    APBAHBPrescTable                         0x08002f3e   Data          16  stm32f4xx_hal_rcc.o(.constdata)
    os_maxtaskrun                            0x08002f56   Data           2  rtx_conf_cm.o(.constdata)
    os_stackinfo                             0x08002f58   Data           4  rtx_conf_cm.o(.constdata)
    os_rrobin                                0x08002f5c   Data           4  rtx_conf_cm.o(.constdata)
    os_trv                                   0x08002f60   Data           4  rtx_conf_cm.o(.constdata)
    os_flags                                 0x08002f64   Data           1  rtx_conf_cm.o(.constdata)
    CMSIS_RTOS_API_Version                   0x08002f68   Data           4  rtx_conf_cm.o(.constdata)
    CMSIS_RTOS_RTX_Version                   0x08002f6c   Data           4  rtx_conf_cm.o(.constdata)
    os_clockrate                             0x08002f70   Data           4  rtx_conf_cm.o(.constdata)
    os_timernum                              0x08002f74   Data           4  rtx_conf_cm.o(.constdata)
    mp_tcb_size                              0x08002f78   Data           2  rtx_conf_cm.o(.constdata)
    mp_stk_size                              0x08002f7c   Data           4  rtx_conf_cm.o(.constdata)
    os_stack_sz                              0x08002f80   Data           4  rtx_conf_cm.o(.constdata)
    os_fifo_size                             0x08002f84   Data           1  rtx_conf_cm.o(.constdata)
    os_thread_def_osTimerThread              0x08002f88   Data          16  rtx_conf_cm.o(.constdata)
    os_messageQ_def_osTimerMessageQ          0x08002f98   Data           8  rtx_conf_cm.o(.constdata)
    mp_tmr_size                              0x08002fa0   Data           2  rtx_conf_cm.o(.constdata)
    Region$$Table$$Base                      0x08002fa4   Number         0  anon$$obj.o(Region$$Table)
    Region$$Table$$Limit                     0x08002fc4   Number         0  anon$$obj.o(Region$$Table)
    SystemCoreClock                          0x20000000   Data           4  system_stm32f4xx.o(.data)
    __stdout                                 0x20000004   Data           4  retarget_usart.o(.data)
    ITM_RxBuffer                             0x20000008   Data           4  serial.o(.data)
    BUTTON_PORT                              0x2000000c   Data           4  gpio_config.o(.data)
    uwTick                                   0x20000010   Data           4  stm32f4xx_hal.o(.data)
    m_tmr                                    0x20000014   Data           4  rtx_conf_cm.o(.data)
    os_thread_def_main                       0x20000018   Data          16  rtx_conf_cm.o(.data)
    osThreadId_osTimerThread                 0x20000028   Data           4  rtx_conf_cm.o(.data)
    osMessageQId_osTimerMessageQ             0x2000002c   Data           4  rtx_conf_cm.o(.data)
    os_initialized                           0x20000030   Data           1  rt_cmsis.o(.data)
    os_running                               0x20000031   Data           1  rt_cmsis.o(.data)
    os_timer_head                            0x20000034   Data           4  rt_cmsis.o(.data)
    os_tsk                                   0x20000038   Data           8  rt_task.o(.data)
    os_tick_irqn                             0x20000044   Data           4  rt_system.o(.data)
    os_time                                  0x20000048   Data           4  rt_time.o(.data)
    os_robin                                 0x2000004c   Data           8  rt_robin.o(.data)
    dbg_msg                                  0x20000054   Data           1  hal_cm.o(.data)
    uart2_handle                             0x20000058   Data          64  uart2.o(.bss)
    os_messageQ_q_osTimerMessageQ            0x20000098   Data          32  rtx_conf_cm.o(.bss)
    mp_tcb                                   0x200000b8   Data         376  rtx_conf_cm.o(.bss)
    mp_stk                                   0x20000230   Data        1216  rtx_conf_cm.o(.bss)
    os_stack_mem                             0x200006f0   Data        1456  rtx_conf_cm.o(.bss)
    os_fifo                                  0x20000ca0   Data         132  rtx_conf_cm.o(.bss)
    os_active_TCB                            0x20000d24   Data          28  rtx_conf_cm.o(.bss)
    os_idle_TCB                              0x20000d40   Data          52  rt_task.o(.bss)
    os_rdy                                   0x20000d74   Data          24  rt_list.o(.bss)
    os_dly                                   0x20000d8c   Data          24  rt_list.o(.bss)
    __libspace_start                         0x20000da4   Data          96  libspace.o(.bss)
    __temporary_stack_top$libspace           0x20000e04   Data           0  libspace.o(.bss)



==============================================================================

Memory Map of the image

  Image Entry point : 0x08000195

  Load Region LR_IROM1 (Base: 0x08000000, Size: 0x0000301c, Max: 0x00080000, ABSOLUTE)

    Execution Region ER_IROM1 (Base: 0x08000000, Size: 0x00002fc4, Max: 0x00080000, ABSOLUTE)

    Base Addr    Size         Type   Attr      Idx    E Section Name        Object

    0x08000000   0x00000194   Data   RO          272    RESET               startup_stm32f401xe.o
    0x08000194   0x00000008   Code   RO         2882  * !!!main             c_w.l(__main.o)
    0x0800019c   0x00000034   Code   RO         3043    !!!scatter          c_w.l(__scatter.o)
    0x080001d0   0x0000001a   Code   RO         3045    !!handler_copy      c_w.l(__scatter_copy.o)
    0x080001ea   0x00000002   PAD
    0x080001ec   0x0000001c   Code   RO         3047    !!handler_zi        c_w.l(__scatter_zi.o)
    0x08000208   0x00000002   Code   RO         2933    .ARM.Collect$$libinit$$00000000  c_w.l(libinit.o)
    0x0800020a   0x00000004   Code   RO         2941    .ARM.Collect$$libinit$$00000001  c_w.l(libinit2.o)
    0x0800020e   0x00000000   Code   RO         2944    .ARM.Collect$$libinit$$00000004  c_w.l(libinit2.o)
    0x0800020e   0x00000000   Code   RO         2947    .ARM.Collect$$libinit$$0000000A  c_w.l(libinit2.o)
    0x0800020e   0x00000000   Code   RO         2949    .ARM.Collect$$libinit$$0000000C  c_w.l(libinit2.o)
    0x0800020e   0x00000000   Code   RO         2951    .ARM.Collect$$libinit$$0000000E  c_w.l(libinit2.o)
    0x0800020e   0x00000000   Code   RO         2954    .ARM.Collect$$libinit$$00000011  c_w.l(libinit2.o)
    0x0800020e   0x00000000   Code   RO         2956    .ARM.Collect$$libinit$$00000013  c_w.l(libinit2.o)
    0x0800020e   0x00000000   Code   RO         2958    .ARM.Collect$$libinit$$00000015  c_w.l(libinit2.o)
    0x0800020e   0x00000000   Code   RO         2960    .ARM.Collect$$libinit$$00000017  c_w.l(libinit2.o)
    0x0800020e   0x00000000   Code   RO         2962    .ARM.Collect$$libinit$$00000019  c_w.l(libinit2.o)
    0x0800020e   0x00000000   Code   RO         2964    .ARM.Collect$$libinit$$0000001B  c_w.l(libinit2.o)
    0x0800020e   0x00000000   Code   RO         2966    .ARM.Collect$$libinit$$0000001D  c_w.l(libinit2.o)
    0x0800020e   0x00000000   Code   RO         2968    .ARM.Collect$$libinit$$0000001F  c_w.l(libinit2.o)
    0x0800020e   0x00000000   Code   RO         2970    .ARM.Collect$$libinit$$00000021  c_w.l(libinit2.o)
    0x0800020e   0x00000000   Code   RO         2972    .ARM.Collect$$libinit$$00000023  c_w.l(libinit2.o)
    0x0800020e   0x00000000   Code   RO         2974    .ARM.Collect$$libinit$$00000025  c_w.l(libinit2.o)
    0x0800020e   0x00000000   Code   RO         2978    .ARM.Collect$$libinit$$0000002C  c_w.l(libinit2.o)
    0x0800020e   0x00000000   Code   RO         2980    .ARM.Collect$$libinit$$0000002E  c_w.l(libinit2.o)
    0x0800020e   0x00000000   Code   RO         2982    .ARM.Collect$$libinit$$00000030  c_w.l(libinit2.o)
    0x0800020e   0x00000000   Code   RO         2984    .ARM.Collect$$libinit$$00000032  c_w.l(libinit2.o)
    0x0800020e   0x00000002   Code   RO         2985    .ARM.Collect$$libinit$$00000033  c_w.l(libinit2.o)
    0x08000210   0x00000002   Code   RO         2934    .ARM.Collect$$libshutdown$$00000000  c_w.l(libshutdown.o)
    0x08000212   0x00000000   Code   RO         2987    .ARM.Collect$$libshutdown$$00000002  c_w.l(libshutdown2.o)
    0x08000212   0x00000000   Code   RO         2989    .ARM.Collect$$libshutdown$$00000004  c_w.l(libshutdown2.o)
    0x08000212   0x00000000   Code   RO         2992    .ARM.Collect$$libshutdown$$00000007  c_w.l(libshutdown2.o)
    0x08000212   0x00000000   Code   RO         2995    .ARM.Collect$$libshutdown$$0000000A  c_w.l(libshutdown2.o)
    0x08000212   0x00000000   Code   RO         2997    .ARM.Collect$$libshutdown$$0000000C  c_w.l(libshutdown2.o)
    0x08000212   0x00000000   Code   RO         3000    .ARM.Collect$$libshutdown$$0000000F  c_w.l(libshutdown2.o)
    0x08000212   0x00000002   Code   RO         3001    .ARM.Collect$$libshutdown$$00000010  c_w.l(libshutdown2.o)
    0x08000214   0x00000000   Code   RO         2884    .ARM.Collect$$rtentry$$00000000  c_w.l(__rtentry.o)
    0x08000214   0x00000000   Code   RO         2894    .ARM.Collect$$rtentry$$00000002  c_w.l(__rtentry2.o)
    0x08000214   0x00000006   Code   RO         2906    .ARM.Collect$$rtentry$$00000004  c_w.l(__rtentry4.o)
    0x0800021a   0x00000000   Code   RO         2896    .ARM.Collect$$rtentry$$00000009  c_w.l(__rtentry2.o)
    0x0800021a   0x00000004   Code   RO         2897    .ARM.Collect$$rtentry$$0000000A  c_w.l(__rtentry2.o)
    0x0800021e   0x00000008   Code   RO         2898    .ARM.Collect$$rtentry$$0000000B  c_w.l(__rtentry2.o)
    0x08000226   0x00000008   Code   RO         2900    .ARM.Collect$$rtentry$$0000000D  c_w.l(__rtentry2.o)
    0x0800022e   0x00000002   Code   RO         2885    .ARM.Collect$$rtexit$$00000000  c_w.l(rtexit.o)
    0x08000230   0x00000000   Code   RO         2909    .ARM.Collect$$rtexit$$00000002  c_w.l(rtexit2.o)
    0x08000230   0x00000004   Code   RO         2910    .ARM.Collect$$rtexit$$00000003  c_w.l(rtexit2.o)
    0x08000234   0x00000006   Code   RO         2911    .ARM.Collect$$rtexit$$00000004  c_w.l(rtexit2.o)
    0x0800023a   0x00000002   PAD
    0x0800023c   0x0000001c   Code   RO         1544    .emb_text           rtx_conf_cm.o
    0x08000258   0x00000198   Code   RO         2850    .emb_text           RTX_CM4.lib(hal_cm4.o)
    0x080003f0   0x00000040   Code   RO          273    .text               startup_stm32f401xe.o
    0x08000430   0x00000008   Code   RO         2865    .text               c_w.l(libspace.o)
    0x08000438   0x00000002   Code   RO         2868    .text               c_w.l(use_no_semi.o)
    0x0800043a   0x00000002   PAD
    0x0800043c   0x00000018   Code   RO         2874    .text               c_w.l(noretval__2printf.o)
    0x08000454   0x00000012   Code   RO         2876    .text               c_w.l(exit.o)
    0x08000466   0x00000064   Code   RO         2878    .text               c_w.l(rt_memcpy_w.o)
    0x080004ca   0x00000006   Code   RO         2880    .text               c_w.l(heapauxi.o)
    0x080004d0   0x00000024   Code   RO         2891    .text               c_w.l(_printf_char_file.o)
    0x080004f4   0x00000030   Code   RO         2917    .text               c_w.l(_printf_char_common.o)
    0x08000524   0x0000004a   Code   RO         2919    .text               c_w.l(sys_stackheap_outer.o)
    0x0800056e   0x00000028   Code   RO         2921    .text               c_w.l(__printf_nopercent.o)
    0x08000596   0x00000002   PAD
    0x08000598   0x00000004   Code   RO         2860    SVC_TABLE           RTX_CM4.lib(svc_table.o)
    0x0800059c   0x0000007c   Code   RO          567    i.BSP_PB_Init       gpio_config.o
    0x08000618   0x00000002   Code   RO          460    i.BusFault_Handler  stm32f4xx_it.o
    0x0800061a   0x00000002   PAD
    0x0800061c   0x0000000c   Code   RO          461    i.DMA1_Stream6_IRQHandler  stm32f4xx_it.o
    0x08000628   0x00000028   Code   RO         1112    i.DMA_CalcBaseAndBitshift  stm32f4xx_hal_dma.o
    0x08000650   0x00000054   Code   RO         1113    i.DMA_CheckFifoParam  stm32f4xx_hal_dma.o
    0x080006a4   0x000000b4   Code   RO          647    i.DMA_Config        dma_config.o
    0x08000758   0x00000028   Code   RO         1114    i.DMA_SetConfig     stm32f4xx_hal_dma.o
    0x08000780   0x00000002   Code   RO          462    i.DebugMon_Handler  stm32f4xx_it.o
    0x08000782   0x00000008   Code   RO          463    i.EXTI15_10_IRQHandler  stm32f4xx_it.o
    0x0800078a   0x00000002   Code   RO          618    i.Error_Handler     sys.o
    0x0800078c   0x0000003c   Code   RO          568    i.GPIO_Config       gpio_config.o
    0x080007c8   0x00000024   Code   RO         1116    i.HAL_DMA_Abort_IT  stm32f4xx_hal_dma.o
    0x080007ec   0x000001a8   Code   RO         1120    i.HAL_DMA_IRQHandler  stm32f4xx_hal_dma.o
    0x08000994   0x000000d0   Code   RO         1121    i.HAL_DMA_Init      stm32f4xx_hal_dma.o
    0x08000a64   0x00000078   Code   RO         1125    i.HAL_DMA_Start_IT  stm32f4xx_hal_dma.o
    0x08000adc   0x00000024   Code   RO          569    i.HAL_GPIO_EXTI_Callback  gpio_config.o
    0x08000b00   0x00000018   Code   RO          901    i.HAL_GPIO_EXTI_IRQHandler  stm32f4xx_hal_gpio.o
    0x08000b18   0x00000188   Code   RO          902    i.HAL_GPIO_Init     stm32f4xx_hal_gpio.o
    0x08000ca0   0x0000000c   Code   RO          978    i.HAL_GetTick       stm32f4xx_hal.o
    0x08000cac   0x00000028   Code   RO          981    i.HAL_InitTick      stm32f4xx_hal.o
    0x08000cd4   0x00000016   Code   RO          779    i.HAL_NVIC_EnableIRQ  stm32f4xx_hal_cortex.o
    0x08000cea   0x00000002   PAD
    0x08000cec   0x00000040   Code   RO          785    i.HAL_NVIC_SetPriority  stm32f4xx_hal_cortex.o
    0x08000d2c   0x00000034   Code   RO          535    i.HAL_RCC_CSSCallback  clock_config.o
    0x08000d60   0x0000017c   Code   RO          672    i.HAL_RCC_ClockConfig  stm32f4xx_hal_rcc.o
    0x08000edc   0x0000000c   Code   RO          675    i.HAL_RCC_EnableCSS  stm32f4xx_hal_rcc.o
    0x08000ee8   0x00000030   Code   RO          679    i.HAL_RCC_GetPCLK1Freq  stm32f4xx_hal_rcc.o
    0x08000f18   0x00000030   Code   RO          680    i.HAL_RCC_GetPCLK2Freq  stm32f4xx_hal_rcc.o
    0x08000f48   0x00000070   Code   RO          681    i.HAL_RCC_GetSysClockFreq  stm32f4xx_hal_rcc.o
    0x08000fb8   0x0000001c   Code   RO          683    i.HAL_RCC_NMI_IRQHandler  stm32f4xx_hal_rcc.o
    0x08000fd4   0x00000314   Code   RO          684    i.HAL_RCC_OscConfig  stm32f4xx_hal_rcc.o
    0x080012e8   0x00000028   Code   RO          790    i.HAL_SYSTICK_Config  stm32f4xx_hal_cortex.o
    0x08001310   0x00000002   Code   RO         1239    i.HAL_UART_ErrorCallback  stm32f4xx_hal_uart.o
    0x08001312   0x00000002   PAD
    0x08001314   0x00000110   Code   RO         1242    i.HAL_UART_IRQHandler  stm32f4xx_hal_uart.o
    0x08001424   0x00000062   Code   RO         1243    i.HAL_UART_Init     stm32f4xx_hal_uart.o
    0x08001486   0x00000002   Code   RO         1245    i.HAL_UART_MspInit  stm32f4xx_hal_uart.o
    0x08001488   0x0000001c   Code   RO            4    i.HAL_UART_RxCpltCallback  uart2.o
    0x080014a4   0x00000080   Code   RO         1252    i.HAL_UART_Transmit_DMA  stm32f4xx_hal_uart.o
    0x08001524   0x0000001c   Code   RO            5    i.HAL_UART_TxCpltCallback  uart2.o
    0x08001540   0x00000002   Code   RO         1255    i.HAL_UART_TxHalfCpltCallback  stm32f4xx_hal_uart.o
    0x08001542   0x00000002   Code   RO          464    i.HardFault_Handler  stm32f4xx_it.o
    0x08001544   0x00000028   Code   RO          365    i.ITM_SendChar      serial.o
    0x0800156c   0x00000002   Code   RO          465    i.MemManage_Handler  stm32f4xx_it.o
    0x0800156e   0x00000004   Code   RO          466    i.NMI_Handler       stm32f4xx_it.o
    0x08001572   0x00000020   Code   RO          792    i.NVIC_SetPriority  stm32f4xx_hal_cortex.o
    0x08001592   0x00000002   PAD
    0x08001594   0x00000010   Code   RO          367    i.SER_Initialize    serial.o
    0x080015a4   0x0000000e   Code   RO          368    i.SER_PutChar       serial.o
    0x080015b2   0x00000002   PAD
    0x080015b4   0x000000b4   Code   RO          536    i.SystemClock_Config  clock_config.o
    0x08001668   0x00000054   Code   RO          281    i.SystemInit        system_stm32f4xx.o
    0x080016bc   0x00000010   Code   RO         1256    i.UART_DMAAbortOnError  stm32f4xx_hal_uart.o
    0x080016cc   0x0000004a   Code   RO         1257    i.UART_DMAError     stm32f4xx_hal_uart.o
    0x08001716   0x0000002e   Code   RO         1262    i.UART_DMATransmitCplt  stm32f4xx_hal_uart.o
    0x08001744   0x0000000a   Code   RO         1264    i.UART_DMATxHalfCplt  stm32f4xx_hal_uart.o
    0x0800174e   0x0000001c   Code   RO         1266    i.UART_EndRxTransfer  stm32f4xx_hal_uart.o
    0x0800176a   0x00000012   Code   RO         1267    i.UART_EndTxTransfer  stm32f4xx_hal_uart.o
    0x0800177c   0x0000008c   Code   RO         1268    i.UART_Receive_IT   stm32f4xx_hal_uart.o
    0x08001808   0x000002ac   Code   RO         1269    i.UART_SetConfig    stm32f4xx_hal_uart.o
    0x08001ab4   0x00000062   Code   RO         1270    i.UART_Transmit_IT  stm32f4xx_hal_uart.o
    0x08001b16   0x00000002   PAD
    0x08001b18   0x0000007c   Code   RO            6    i.USART2_GPIO_Config  uart2.o
    0x08001b94   0x0000000c   Code   RO          467    i.USART2_IRQHandler  stm32f4xx_it.o
    0x08001ba0   0x00000038   Code   RO            9    i.Uart2_Init        uart2.o
    0x08001bd8   0x0000001c   Code   RO           10    i.Uart2_Test        uart2.o
    0x08001bf4   0x00000002   Code   RO          468    i.UsageFault_Handler  stm32f4xx_it.o
    0x08001bf6   0x00000046   Code   RO         2744    i._init_box         RTX_CM4.lib(rt_membox.o)
    0x08001c3c   0x00000020   Code   RO         1546    i._mutex_acquire    rtx_conf_cm.o
    0x08001c5c   0x0000001c   Code   RO         1548    i._mutex_release    rtx_conf_cm.o
    0x08001c78   0x00000002   Code   RO          315    i._sys_exit         retarget_usart.o
    0x08001c7a   0x00000002   PAD
    0x08001c7c   0x00000030   Code   RO         2797    i.dbg_init          RTX_CM4.lib(hal_cm.o)
    0x08001cac   0x00000020   Code   RO         2798    i.dbg_task_notify   RTX_CM4.lib(hal_cm.o)
    0x08001ccc   0x00000010   Code   RO         2799    i.dbg_task_switch   RTX_CM4.lib(hal_cm.o)
    0x08001cdc   0x00000006   Code   RO          317    i.ferror            retarget_usart.o
    0x08001ce2   0x00000004   Code   RO          319    i.fputc             retarget_usart.o
    0x08001ce6   0x0000002a   Code   RO         1647    i.isrMessageGet     RTX_CM4.lib(rt_cmsis.o)
    0x08001d10   0x0000002c   Code   RO         1648    i.isrMessagePut     RTX_CM4.lib(rt_cmsis.o)
    0x08001d3c   0x00000052   Code   RO         2599    i.isr_mbx_receive   RTX_CM4.lib(rt_mailbox.o)
    0x08001d8e   0x0000000e   Code   RO         2600    i.isr_mbx_send      RTX_CM4.lib(rt_mailbox.o)
    0x08001d9c   0x00000022   Code   RO          412    i.main              adc_test.o
    0x08001dbe   0x00000002   PAD
    0x08001dc0   0x00000024   Code   RO         1652    i.osKernelInitialize  RTX_CM4.lib(rt_cmsis.o)
    0x08001de4   0x0000006c   Code   RO         1654    i.osKernelStart     RTX_CM4.lib(rt_cmsis.o)
    0x08001e50   0x00000018   Code   RO         1663    i.osMessageGet      RTX_CM4.lib(rt_cmsis.o)
    0x08001e68   0x00000030   Code   RO         1680    i.osThreadCreate    RTX_CM4.lib(rt_cmsis.o)
    0x08001e98   0x00000018   Code   RO         1681    i.osThreadExit      RTX_CM4.lib(rt_cmsis.o)
    0x08001eb0   0x0000000c   Code   RO         1687    i.osTimerCall       RTX_CM4.lib(rt_cmsis.o)
    0x08001ebc   0x0000002c   Code   RO         1692    i.osTimerThread     RTX_CM4.lib(rt_cmsis.o)
    0x08001ee8   0x00000002   Code   RO         1549    i.os_error          rtx_conf_cm.o
    0x08001eea   0x00000002   Code   RO         1550    i.os_idle_demon     rtx_conf_cm.o
    0x08001eec   0x00000028   Code   RO         2391    i.os_tick_init      RTX_CM4.lib(rt_system.o)
    0x08001f14   0x00000002   Code   RO         2392    i.os_tick_irqack    RTX_CM4.lib(rt_system.o)
    0x08001f16   0x0000001a   Code   RO         2745    i.rt_alloc_box      RTX_CM4.lib(rt_membox.o)
    0x08001f30   0x0000003e   Code   RO         2773    i.rt_alloc_mem      RTX_CM4.lib(rt_memory.o)
    0x08001f6e   0x00000002   PAD
    0x08001f70   0x00000038   Code   RO         2272    i.rt_block          RTX_CM4.lib(rt_task.o)
    0x08001fa8   0x00000048   Code   RO         2722    i.rt_chk_robin      RTX_CM4.lib(rt_robin.o)
    0x08001ff0   0x00000070   Code   RO         2523    i.rt_dec_dly        RTX_CM4.lib(rt_list.o)
    0x08002060   0x00000044   Code   RO         2273    i.rt_dispatch       RTX_CM4.lib(rt_task.o)
    0x080020a4   0x00000050   Code   RO         2484    i.rt_evt_psh        RTX_CM4.lib(rt_event.o)
    0x080020f4   0x0000002c   Code   RO         2746    i.rt_free_box       RTX_CM4.lib(rt_membox.o)
    0x08002120   0x00000028   Code   RO         2774    i.rt_free_mem       RTX_CM4.lib(rt_memory.o)
    0x08002148   0x00000028   Code   RO         2524    i.rt_get_first      RTX_CM4.lib(rt_list.o)
    0x08002170   0x00000008   Code   RO         1697    i.rt_id2obj         RTX_CM4.lib(rt_cmsis.o)
    0x08002178   0x00000048   Code   RO         2274    i.rt_init_context   RTX_CM4.lib(rt_task.o)
    0x080021c0   0x0000001a   Code   RO         2775    i.rt_init_mem       RTX_CM4.lib(rt_memory.o)
    0x080021da   0x00000002   PAD
    0x080021dc   0x00000018   Code   RO         2723    i.rt_init_robin     RTX_CM4.lib(rt_robin.o)
    0x080021f4   0x00000080   Code   RO         2800    i.rt_init_stack     RTX_CM4.lib(hal_cm.o)
    0x08002274   0x00000008   Code   RO         2601    i.rt_mbx_check      RTX_CM4.lib(rt_mailbox.o)
    0x0800227c   0x0000001a   Code   RO         2602    i.rt_mbx_init       RTX_CM4.lib(rt_mailbox.o)
    0x08002296   0x00000002   PAD
    0x08002298   0x000000f0   Code   RO         2603    i.rt_mbx_psh        RTX_CM4.lib(rt_mailbox.o)
    0x08002388   0x000000b4   Code   RO         2605    i.rt_mbx_wait       RTX_CM4.lib(rt_mailbox.o)
    0x0800243c   0x00000044   Code   RO         1698    i.rt_ms2tick        RTX_CM4.lib(rt_cmsis.o)
    0x08002480   0x000000d8   Code   RO         2358    i.rt_mut_release    RTX_CM4.lib(rt_mutex.o)
    0x08002558   0x00000068   Code   RO         2359    i.rt_mut_wait       RTX_CM4.lib(rt_mutex.o)
    0x080025c0   0x0000007c   Code   RO         2395    i.rt_pop_req        RTX_CM4.lib(rt_system.o)
    0x0800263c   0x00000020   Code   RO         2396    i.rt_psh_req        RTX_CM4.lib(rt_system.o)
    0x0800265c   0x0000005c   Code   RO         2526    i.rt_psq_enq        RTX_CM4.lib(rt_list.o)
    0x080026b8   0x00000048   Code   RO         2527    i.rt_put_dly        RTX_CM4.lib(rt_list.o)
    0x08002700   0x00000036   Code   RO         2528    i.rt_put_prio       RTX_CM4.lib(rt_list.o)
    0x08002736   0x00000002   PAD
    0x08002738   0x00000014   Code   RO         2529    i.rt_put_rdy_first  RTX_CM4.lib(rt_list.o)
    0x0800274c   0x00000034   Code   RO         2530    i.rt_resort_prio    RTX_CM4.lib(rt_list.o)
    0x08002780   0x00000010   Code   RO         2801    i.rt_ret_regs       RTX_CM4.lib(hal_cm.o)
    0x08002790   0x0000000c   Code   RO         2802    i.rt_ret_val        RTX_CM4.lib(hal_cm.o)
    0x0800279c   0x00000010   Code   RO         2803    i.rt_ret_val2       RTX_CM4.lib(hal_cm.o)
    0x080027ac   0x00000028   Code   RO         2531    i.rt_rmv_dly        RTX_CM4.lib(rt_list.o)
    0x080027d4   0x00000030   Code   RO         2532    i.rt_rmv_list       RTX_CM4.lib(rt_list.o)
    0x08002804   0x00000034   Code   RO         2650    i.rt_sem_psh        RTX_CM4.lib(rt_semaphore.o)
    0x08002838   0x00000024   Code   RO         2398    i.rt_stk_check      RTX_CM4.lib(rt_system.o)
    0x0800285c   0x00000028   Code   RO         2275    i.rt_switch_req     RTX_CM4.lib(rt_task.o)
    0x08002884   0x000000cc   Code   RO         2276    i.rt_sys_init       RTX_CM4.lib(rt_task.o)
    0x08002950   0x00000078   Code   RO         2277    i.rt_sys_start      RTX_CM4.lib(rt_task.o)
    0x080029c8   0x00000040   Code   RO         2400    i.rt_systick        RTX_CM4.lib(rt_system.o)
    0x08002a08   0x00000012   Code   RO         1699    i.rt_tid2ptcb       RTX_CM4.lib(rt_cmsis.o)
    0x08002a1a   0x00000002   PAD
    0x08002a1c   0x00000034   Code   RO         1700    i.rt_timer_insert   RTX_CM4.lib(rt_cmsis.o)
    0x08002a50   0x00000088   Code   RO         2278    i.rt_tsk_create     RTX_CM4.lib(rt_task.o)
    0x08002ad8   0x0000017c   Code   RO         2279    i.rt_tsk_delete     RTX_CM4.lib(rt_task.o)
    0x08002c54   0x0000007c   Code   RO         2281    i.rt_tsk_prio       RTX_CM4.lib(rt_task.o)
    0x08002cd0   0x00000010   Code   RO         2282    i.rt_tsk_self       RTX_CM4.lib(rt_task.o)
    0x08002ce0   0x00000070   Code   RO         1703    i.svcKernelInitialize  RTX_CM4.lib(rt_cmsis.o)
    0x08002d50   0x00000048   Code   RO         1705    i.svcKernelStart    RTX_CM4.lib(rt_cmsis.o)
    0x08002d98   0x00000024   Code   RO         1708    i.svcMessageCreate  RTX_CM4.lib(rt_cmsis.o)
    0x08002dbc   0x0000003a   Code   RO         1709    i.svcMessageGet     RTX_CM4.lib(rt_cmsis.o)
    0x08002df6   0x00000002   PAD
    0x08002df8   0x00000070   Code   RO         1723    i.svcThreadCreate   RTX_CM4.lib(rt_cmsis.o)
    0x08002e68   0x0000001c   Code   RO         1724    i.svcThreadGetId    RTX_CM4.lib(rt_cmsis.o)
    0x08002e84   0x00000038   Code   RO         1727    i.svcThreadTerminate  RTX_CM4.lib(rt_cmsis.o)
    0x08002ebc   0x00000018   Code   RO         1729    i.svcTimerCall      RTX_CM4.lib(rt_cmsis.o)
    0x08002ed4   0x0000005c   Code   RO         1738    i.sysTimerTick      RTX_CM4.lib(rt_cmsis.o)
    0x08002f30   0x0000000a   Code   RO         3008    x$fpl$fpinit        fz_wm.l(fpinit.o)
    0x08002f3a   0x00000004   Data   RO          570    .constdata          gpio_config.o
    0x08002f3e   0x00000010   Data   RO          685    .constdata          stm32f4xx_hal_rcc.o
    0x08002f4e   0x00000008   Data   RO         1127    .constdata          stm32f4xx_hal_dma.o
    0x08002f56   0x00000002   Data   RO         1558    .constdata          rtx_conf_cm.o
    0x08002f58   0x00000004   Data   RO         1559    .constdata          rtx_conf_cm.o
    0x08002f5c   0x00000004   Data   RO         1560    .constdata          rtx_conf_cm.o
    0x08002f60   0x00000004   Data   RO         1564    .constdata          rtx_conf_cm.o
    0x08002f64   0x00000001   Data   RO         1565    .constdata          rtx_conf_cm.o
    0x08002f65   0x00000003   PAD
    0x08002f68   0x00000010   Data   RO         1566    .constdata          rtx_conf_cm.o
    0x08002f78   0x00000002   Data   RO         1567    .constdata          rtx_conf_cm.o
    0x08002f7a   0x00000002   PAD
    0x08002f7c   0x00000004   Data   RO         1568    .constdata          rtx_conf_cm.o
    0x08002f80   0x00000004   Data   RO         1569    .constdata          rtx_conf_cm.o
    0x08002f84   0x00000001   Data   RO         1570    .constdata          rtx_conf_cm.o
    0x08002f85   0x00000003   PAD
    0x08002f88   0x00000010   Data   RO         1571    .constdata          rtx_conf_cm.o
    0x08002f98   0x00000008   Data   RO         1572    .constdata          rtx_conf_cm.o
    0x08002fa0   0x00000002   Data   RO         1573    .constdata          rtx_conf_cm.o
    0x08002fa2   0x00000002   PAD
    0x08002fa4   0x00000020   Data   RO         3041    Region$$Table       anon$$obj.o


    Execution Region RW_IRAM1 (Base: 0x20000000, Size: 0x00001408, Max: 0x00018000, ABSOLUTE)

    Base Addr    Size         Type   Attr      Idx    E Section Name        Object

    0x20000000   0x00000004   Data   RW          284    .data               system_stm32f4xx.o
    0x20000004   0x00000004   Data   RW          320    .data               retarget_usart.o
    0x20000008   0x00000004   Data   RW          369    .data               serial.o
    0x2000000c   0x00000004   Data   RW          571    .data               gpio_config.o
    0x20000010   0x00000004   Data   RW          986    .data               stm32f4xx_hal.o
    0x20000014   0x00000004   Data   RW         1575    .data               rtx_conf_cm.o
    0x20000018   0x00000010   Data   RW         1576    .data               rtx_conf_cm.o
    0x20000028   0x00000004   Data   RW         1577    .data               rtx_conf_cm.o
    0x2000002c   0x00000004   Data   RW         1578    .data               rtx_conf_cm.o
    0x20000030   0x00000008   Data   RW         1741    .data               RTX_CM4.lib(rt_cmsis.o)
    0x20000038   0x00000008   Data   RW         2284    .data               RTX_CM4.lib(rt_task.o)
    0x20000040   0x00000008   Data   RW         2403    .data               RTX_CM4.lib(rt_system.o)
    0x20000048   0x00000004   Data   RW         2693    .data               RTX_CM4.lib(rt_time.o)
    0x2000004c   0x00000008   Data   RW         2724    .data               RTX_CM4.lib(rt_robin.o)
    0x20000054   0x00000001   Data   RW         2804    .data               RTX_CM4.lib(hal_cm.o)
    0x20000055   0x00000003   PAD
    0x20000058   0x00000040   Zero   RW           11    .bss                uart2.o
    0x20000098   0x00000020   Zero   RW         1551    .bss                rtx_conf_cm.o
    0x200000b8   0x00000178   Zero   RW         1552    .bss                rtx_conf_cm.o
    0x20000230   0x000004c0   Zero   RW         1553    .bss                rtx_conf_cm.o
    0x200006f0   0x000005b0   Zero   RW         1554    .bss                rtx_conf_cm.o
    0x20000ca0   0x00000084   Zero   RW         1555    .bss                rtx_conf_cm.o
    0x20000d24   0x0000001c   Zero   RW         1556    .bss                rtx_conf_cm.o
    0x20000d40   0x00000034   Zero   RW         2283    .bss                RTX_CM4.lib(rt_task.o)
    0x20000d74   0x00000030   Zero   RW         2533    .bss                RTX_CM4.lib(rt_list.o)
    0x20000da4   0x00000060   Zero   RW         2866    .bss                c_w.l(libspace.o)
    0x20000e04   0x00000004   PAD
    0x20000e08   0x00000200   Zero   RW          271    HEAP                startup_stm32f401xe.o
    0x20001008   0x00000400   Zero   RW          270    STACK               startup_stm32f401xe.o


==============================================================================

Image component sizes


      Code (inc. data)   RO Data    RW Data    ZI Data      Debug   Object Name

        34          0          0          0          0        523   adc_test.o
       232         56          0          0          0       1787   clock_config.o
       180         14          0          0          0       1161   dma_config.o
       220         52          4          4          0       2642   gpio_config.o
        12          0          0          4          0       3491   retarget_usart.o
        92         26         68         28       3240       9487   rtx_conf_cm.o
        70         12          0          4          0      28498   serial.o
        64         26        404          0       1536        864   startup_stm32f401xe.o
        52         12          0          4          0       2658   stm32f4xx_hal.o
       158          4          0          0          0      29624   stm32f4xx_hal_cortex.o
       952         22          8          0          0       6318   stm32f4xx_hal_dma.o
       416         40          0          0          0       2391   stm32f4xx_hal_gpio.o
      1416         78         16          0          0       6408   stm32f4xx_hal_rcc.o
      1618         28          0          0          0      10312   stm32f4xx_hal_uart.o
        46         10          0          0          0       4482   stm32f4xx_it.o
         2          0          0          0          0        460   sys.o
        84         18          0          4          0       1323   system_stm32f4xx.o
       264         74          0          0         64     381166   uart2.o

    ----------------------------------------------------------------------
      5928        472        542         48       4840     493595   Object Totals
         0          0         32          0          0          0   (incl. Generated)
        16          0         10          0          0          0   (incl. Padding)

    ----------------------------------------------------------------------

      Code (inc. data)   RO Data    RW Data    ZI Data      Debug   Library Member Name

       268         24          0          1          0       4452   hal_cm.o
       408         34          0          0          0        816   hal_cm4.o
      1118        140          0          8          0      33869   rt_cmsis.o
        80          4          0          0          0        701   rt_event.o
       530         34          0          0         48       8597   rt_list.o
       550         10          0          0          0       4185   rt_mailbox.o
       140          0          0          0          0       2045   rt_membox.o
       128          0          0          0          0       2419   rt_memory.o
       320         12          0          0          0       1699   rt_mutex.o
        96         22          0          8          0       1230   rt_robin.o
        52          4          0          0          0        613   rt_semaphore.o
       298         52          0          8          0       6439   rt_system.o
      1216        174          0          8         52      10025   rt_task.o
         0          0          0          4          0        206   rt_time.o
         4          4          0          0          0        200   svc_table.o
         8          0          0          0          0         68   __main.o
        40          0          0          0          0         84   __printf_nopercent.o
         0          0          0          0          0          0   __rtentry.o
        20          0          0          0          0          0   __rtentry2.o
         6          0          0          0          0          0   __rtentry4.o
        52          8          0          0          0          0   __scatter.o
        26          0          0          0          0          0   __scatter_copy.o
        28          0          0          0          0          0   __scatter_zi.o
        48          6          0          0          0         96   _printf_char_common.o
        36          4          0          0          0         80   _printf_char_file.o
        18          0          0          0          0         80   exit.o
         6          0          0          0          0        152   heapauxi.o
         2          0          0          0          0          0   libinit.o
         6          0          0          0          0          0   libinit2.o
         2          0          0          0          0          0   libshutdown.o
         2          0          0          0          0          0   libshutdown2.o
         8          4          0          0         96         68   libspace.o
        24          4          0          0          0         84   noretval__2printf.o
       100          0          0          0          0         80   rt_memcpy_w.o
         2          0          0          0          0          0   rtexit.o
        10          0          0          0          0          0   rtexit2.o
        74          0          0          0          0         80   sys_stackheap_outer.o
         2          0          0          0          0         68   use_no_semi.o
        10          0          0          0          0        116   fpinit.o

    ----------------------------------------------------------------------
      5758        540          0         40        200      78552   Library Totals
        20          0          0          3          4          0   (incl. Padding)

    ----------------------------------------------------------------------

      Code (inc. data)   RO Data    RW Data    ZI Data      Debug   Library Name

      5208        514          0         37        100      77496   RTX_CM4.lib
       520         26          0          0         96        940   c_w.l
        10          0          0          0          0        116   fz_wm.l

    ----------------------------------------------------------------------
      5758        540          0         40        200      78552   Library Totals

    ----------------------------------------------------------------------

==============================================================================


      Code (inc. data)   RO Data    RW Data    ZI Data      Debug   

     11686       1012        542         88       5040     558083   Grand Totals
     11686       1012        542         88       5040     558083   ELF Image Totals
     11686       1012        542         88          0          0   ROM Totals

==============================================================================

    Total RO  Size (Code + RO Data)                12228 (  11.94kB)
    Total RW  Size (RW Data + ZI Data)              5128 (   5.01kB)
    Total ROM Size (Code + RO Data + RW Data)      12316 (  12.03kB)

==============================================================================

